 *******************************************************************************
 **                                                                           **
 **                              MOPAC v23.1.2                                **
 **                                                                           **
 *******************************************************************************
 **          Digital Object Identifier (DOI): 10.5281/zenodo.6511958          **
 **    Visit the DOI location for information on how to cite this program.    **
 *******************************************************************************

                              PM6 CALCULATION RESULTS

 *******************************************************************************
 *  CALCULATION DONE: (MAX THREADS = 12)             Thu Apr 30 09:12:44 2026  *
 *  PM6        - The PM6 Hamiltonian to be used
 *  PRECISE    - TIGHTER CRITERIA TO BE USED
 *  T=         - A TIME OF 172800.0 SECONDS REQUESTED
 *  DUMP=N     - RESTART FILE WRITTEN EVERY 7200.0 SECONDS REQUESTED
 *******************************************************************************
PM6 PRECISE


   ATOM   CHEMICAL          X               Y               Z
  NUMBER   SYMBOL      (ANGSTROMS)     (ANGSTROMS)     (ANGSTROMS)
 
     1       C          5.63942000  *   0.50064000  *  -0.00162000  *
     2       C          4.86329000  *   1.65320000  *  -0.00127000  *
     3       C          3.47229000  *   1.56498000  *  -0.00057000  *
     4       C          2.82478000  *   0.31682000  *  -0.00022000  *
     5       C          3.62777000  *  -0.83923000  *  -0.00069000  *
     6       C          5.02104000  *  -0.74390000  *  -0.00146000  *
     7       C          3.04583000  *  -2.10402000  *  -0.00080000  *
     8       C          1.66444000  *  -2.23660000  *  -0.00044000  *
     9       C          0.84954000  *  -1.10595000  *   0.00026000  *
    10       C         -0.53614000  *  -1.28175000  *   0.00039000  *
    11       C         -1.41188000  *  -0.18709000  *   0.00090000  *
    12       C         -0.84446000  *   1.09687000  *   0.00155000  *
    13       C         -1.65886000  *   2.22781000  *   0.00185000  *
    14       C         -3.04013000  *   2.09596000  *   0.00130000  *
    15       C         -3.62256000  *   0.83138000  *   0.00049000  *
    16       C         -5.01583000  *   0.73721000  *  -0.00030000  *
    17       C         -5.63499000  *  -0.50689000  *  -0.00085000  *
    18       C         -4.85952000  *  -1.65993000  *  -0.00052000  *
    19       C         -3.46838000  *  -1.57277000  *   0.00012000  *
    20       C         -2.82003000  *  -0.32496000  *   0.00052000  *
    21       C          0.54103000  *   1.27266000  *   0.00152000  *
    22       C          1.41677000  *   0.17815000  *   0.00056000  *
    23       H          6.72450000  *   0.57166000  *  -0.00208000  *
    24       H          5.34446000  *   2.62829000  *  -0.00179000  *
    25       H          2.92259000  *   2.49813000  *  -0.00061000  *
    26       H          5.63335000  *  -1.64304000  *  -0.00172000  *
    27       H          3.66820000  *  -2.99606000  *  -0.00133000  *
    28       H          1.22611000  *  -3.23193000  *  -0.00068000  *
    29       H         -0.90921000  *  -2.29880000  *  -0.00017000  *
    30       H         -1.22014000  *   3.22296000  *   0.00233000  *
    31       H         -3.66217000  *   2.98815000  *   0.00130000  *
    32       H         -5.62741000  *   1.63680000  *  -0.00047000  *
    33       H         -6.72014000  *  -0.57717000  *  -0.00148000  *
    34       H         -5.34145000  *  -2.63461000  *  -0.00078000  *
    35       H         -2.91915000  *  -2.50623000  *   0.00040000  *
    36       H          0.91381000  *   2.28973000  *   0.00197000  *
 


          CARTESIAN COORDINATES 

    NO.       ATOM           X           Y           Z

     1         C          5.6394      0.5006     -0.0016
     2         C          4.8633      1.6532     -0.0013
     3         C          3.4723      1.5650     -0.0006
     4         C          2.8248      0.3168     -0.0002
     5         C          3.6278     -0.8392     -0.0007
     6         C          5.0210     -0.7439     -0.0015
     7         C          3.0458     -2.1040     -0.0008
     8         C          1.6644     -2.2366     -0.0004
     9         C          0.8495     -1.1059      0.0003
    10         C         -0.5361     -1.2817      0.0004
    11         C         -1.4119     -0.1871      0.0009
    12         C         -0.8445      1.0969      0.0015
    13         C         -1.6589      2.2278      0.0018
    14         C         -3.0401      2.0960      0.0013
    15         C         -3.6226      0.8314      0.0005
    16         C         -5.0158      0.7372     -0.0003
    17         C         -5.6350     -0.5069     -0.0009
    18         C         -4.8595     -1.6599     -0.0005
    19         C         -3.4684     -1.5728      0.0001
    20         C         -2.8200     -0.3250      0.0005
    21         C          0.5410      1.2727      0.0015
    22         C          1.4168      0.1782      0.0006
    23         H          6.7245      0.5717     -0.0021
    24         H          5.3445      2.6283     -0.0018
    25         H          2.9226      2.4981     -0.0006
    26         H          5.6334     -1.6430     -0.0017
    27         H          3.6682     -2.9961     -0.0013
    28         H          1.2261     -3.2319     -0.0007
    29         H         -0.9092     -2.2988     -0.0002
    30         H         -1.2201      3.2230      0.0023
    31         H         -3.6622      2.9882      0.0013
    32         H         -5.6274      1.6368     -0.0005
    33         H         -6.7201     -0.5772     -0.0015
    34         H         -5.3415     -2.6346     -0.0008
    35         H         -2.9192     -2.5062      0.0004
    36         H          0.9138      2.2897      0.0020

 General Reference for PM6:
 "Optimization of Parameters for Semiempirical Methods V: Modification of NDDO Approximations
 and Application to 70 Elements", J. J. P. Stewart, J. Mol. Mod., 13, 1173-1213 (2007)
 URL: https://link.springer.com/article/10.1007/s00894-007-0233-4

           Empirical Formula: C22 H14  =    36 atoms



      MOLECULAR POINT GROUP   :   C2h 


      RHF CALCULATION, NO. OF DOUBLY OCCUPIED LEVELS = 51


          Geometry optimization using L-BFGS
 CYCLE:     1 TIME:   0.016 TIME LEFT:  2.00D  GRAD.:   203.437 HEAT:  99.94917
 CYCLE:     2 TIME:   0.016 TIME LEFT:  2.00D  GRAD.:   198.593 HEAT:  99.54016
 CYCLE:     3 TIME:   0.012 TIME LEFT:  2.00D  GRAD.:    51.266 HEAT:  89.96366
 CYCLE:     4 TIME:   0.012 TIME LEFT:  2.00D  GRAD.:   198.698 HEAT:  99.53997
 CYCLE:     5 TIME:   0.016 TIME LEFT:  2.00D  GRAD.:    51.296 HEAT:  89.96352
 CYCLE:     6 TIME:   0.016 TIME LEFT:  2.00D  GRAD.:    39.900 HEAT:  88.97512
 CYCLE:     7 TIME:   0.008 TIME LEFT:  2.00D  GRAD.:    31.352 HEAT:  87.19843
 CYCLE:     8 TIME:   0.016 TIME LEFT:  2.00D  GRAD.:    63.503 HEAT:  87.34805
 CYCLE:     9 TIME:   0.016 TIME LEFT:  2.00D  GRAD.:    14.663 HEAT:  86.55389
 CYCLE:    10 TIME:   0.016 TIME LEFT:  2.00D  GRAD.:    10.702 HEAT:  86.46203
 CYCLE:    11 TIME:   0.000 TIME LEFT:  2.00D  GRAD.:    15.433 HEAT:  86.25871
 CYCLE:    12 TIME:   0.016 TIME LEFT:  2.00D  GRAD.:    17.332 HEAT:  86.05111
 CYCLE:    13 TIME:   0.023 TIME LEFT:  2.00D  GRAD.:    28.853 HEAT:  85.93396
 CYCLE:    14 TIME:   0.012 TIME LEFT:  2.00D  GRAD.:     8.193 HEAT:  85.77545
 CYCLE:    15 TIME:   0.016 TIME LEFT:  2.00D  GRAD.:     4.027 HEAT:  85.75110
 CYCLE:    16 TIME:   0.012 TIME LEFT:  2.00D  GRAD.:     3.388 HEAT:  85.73567
 CYCLE:    17 TIME:   0.004 TIME LEFT:  2.00D  GRAD.:     5.336 HEAT:  85.71736
 CYCLE:    18 TIME:   0.023 TIME LEFT:  2.00D  GRAD.:     5.272 HEAT:  85.71265
 CYCLE:    19 TIME:   0.012 TIME LEFT:  2.00D  GRAD.:     1.674 HEAT:  85.70744
 CYCLE:    20 TIME:   0.016 TIME LEFT:  2.00D  GRAD.:     0.809 HEAT:  85.70647
 CYCLE:    21 TIME:   0.012 TIME LEFT:  2.00D  GRAD.:     0.861 HEAT:  85.70595
 CYCLE:    22 TIME:   0.012 TIME LEFT:  2.00D  GRAD.:     1.056 HEAT:  85.70516
 CYCLE:    23 TIME:   0.012 TIME LEFT:  2.00D  GRAD.:     1.544 HEAT:  85.70422
 CYCLE:    24 TIME:   0.012 TIME LEFT:  2.00D  GRAD.:     0.986 HEAT:  85.70342
 CYCLE:    25 TIME:   0.020 TIME LEFT:  2.00D  GRAD.:     0.527 HEAT:  85.70303
 CYCLE:    26 TIME:   0.012 TIME LEFT:  2.00D  GRAD.:     0.510 HEAT:  85.70277
 CYCLE:    27 TIME:   0.012 TIME LEFT:  2.00D  GRAD.:     0.556 HEAT:  85.70258
 CYCLE:    28 TIME:   0.016 TIME LEFT:  2.00D  GRAD.:     0.497 HEAT:  85.70223
 CYCLE:    29 TIME:   0.012 TIME LEFT:  2.00D  GRAD.:     1.079 HEAT:  85.70198
 CYCLE:    30 TIME:   0.012 TIME LEFT:  2.00D  GRAD.:     0.483 HEAT:  85.70163
 CYCLE:    31 TIME:   0.012 TIME LEFT:  2.00D  GRAD.:     0.365 HEAT:  85.70141
 CYCLE:    32 TIME:   0.016 TIME LEFT:  2.00D  GRAD.:     0.337 HEAT:  85.70125
 CYCLE:    33 TIME:   0.012 TIME LEFT:  2.00D  GRAD.:     0.997 HEAT:  85.70128
 CYCLE:    34 TIME:   0.016 TIME LEFT:  2.00D  GRAD.:     0.191 HEAT:  85.70110

 -------------------------------------------------------------------------------
 PM6 PRECISE




     HERBERTS TEST WAS SATISFIED IN BFGS                      
     SCF FIELD WAS ACHIEVED                                   


                              PM6 CALCULATION
                                                       MOPAC v23.1.2 Windows
                                                       Thu Apr 30 09:12:44 2026




          FINAL HEAT OF FORMATION =         85.70110 KCAL/MOL =     358.57341 KJ/MOL


          COSMO AREA              =        300.12 SQUARE ANGSTROMS
          COSMO VOLUME            =        333.42 CUBIC ANGSTROMS

          GRADIENT NORM           =          0.19112          =       0.03185 PER ATOM
          IONIZATION POTENTIAL    =          8.445457 EV
          HOMO LUMO ENERGIES (EV) =         -8.445 -0.915
          NO. OF FILLED LEVELS    =         51
          MOLECULAR WEIGHT        =        278.3526         POINT GROUP:  C2h 

          MOLECULAR DIMENSIONS (Angstroms)

            Atom       Atom       Distance
            H    33    H    23    13.58771
            H    30    H    28     6.75512
            H    35    H    24     0.00309


          SCF CALCULATIONS        =         35
 
          WALL-CLOCK TIME         =      0.492 SECONDS
          COMPUTATION TIME        =      2.641 SECONDS




   ATOM   CHEMICAL          X               Y               Z
  NUMBER   SYMBOL      (ANGSTROMS)     (ANGSTROMS)     (ANGSTROMS)
 
     1       C          5.68407057  *   0.51221154  *  -0.00166187  *
     2       C          4.88393162  *   1.67442457  *  -0.00124929  *
     3       C          3.50397635  *   1.57051330  *  -0.00051885  *
     4       C          2.87098495  *   0.30216380  *  -0.00024802  *
     5       C          3.67764635  *  -0.86019634  *  -0.00078617  *
     6       C          5.08953270  *  -0.73707190  *  -0.00142280  *
     7       C          3.05326036  *  -2.17066627  *  -0.00079952  *
     8       C          1.70639975  *  -2.30250561  *  -0.00042104  *
     9       C          0.83821468  *  -1.13810714  *   0.00013093  *
    10       C         -0.55597131  *  -1.28660994  *   0.00033976  *
    11       C         -1.40992034  *  -0.17487216  *   0.00076831  *
    12       C         -0.83330450  *   1.12975164  *   0.00129364  *
    13       C         -1.70119950  *   2.29437960  *   0.00175337  *
    14       C         -3.04803623  *   2.16281046  *   0.00127714  *
    15       C         -3.67259669  *   0.85241223  *   0.00050819  *
    16       C         -5.08450949  *   0.72976974  *  -0.00020108  *
    17       C         -5.67945485  *  -0.51930927  *  -0.00075588  *
    18       C         -4.87963557  *  -1.68174822  *  -0.00053773  *
    19       C         -3.49963426  *  -1.57828249  *   0.00007750  *
    20       C         -2.86621856  *  -0.31015119  *   0.00049745  *
    21       C          0.56083695  *   1.27827984  *   0.00118009  *
    22       C          1.41477388  *   0.16656621  *   0.00040390  *
    23       H          6.76854549  *   0.60845287  *  -0.00218362  *
    24       H          5.36264074  *   2.65240014  *  -0.00152867  *
    25       H          2.88969202  *   2.47208169  *  -0.00019249  *
    26       H          5.70210403  *  -1.63759304  *  -0.00174195  *
    27       H          3.70820940  *  -3.04177721  *  -0.00118798  *
    28       H          1.23322329  *  -3.28420898  *  -0.00052756  *
    29       H         -0.98299446  *  -2.29150407  *   0.00008783  *
    30       H         -1.22774348  *   3.27594667  *   0.00243602  *
    31       H         -3.70283910  *   3.03403019  *   0.00148491  *
    32       H         -5.69676001  *   1.63051821  *  -0.00032788  *
    33       H         -6.76396034  *  -0.61517799  *  -0.00135651  *
    34       H         -5.35868347  *  -2.65955779  *  -0.00087185  *
    35       H         -2.88569214  *  -2.48007623  *   0.00024228  *
    36       H          0.98788119  *   2.28317316  *   0.00164944  *

                             CARTESIAN COORDINATES

   1    C        5.684070569     0.512211536    -0.001661870
   2    C        4.883931621     1.674424570    -0.001249287
   3    C        3.503976347     1.570513303    -0.000518854
   4    C        2.870984946     0.302163802    -0.000248016
   5    C        3.677646352    -0.860196336    -0.000786169
   6    C        5.089532696    -0.737071896    -0.001422801
   7    C        3.053260360    -2.170666272    -0.000799518
   8    C        1.706399747    -2.302505607    -0.000421036
   9    C        0.838214676    -1.138107141     0.000130933
  10    C       -0.555971305    -1.286609945     0.000339757
  11    C       -1.409920337    -0.174872157     0.000768310
  12    C       -0.833304503     1.129751639     0.001293644
  13    C       -1.701199498     2.294379598     0.001753373
  14    C       -3.048036232     2.162810459     0.001277139
  15    C       -3.672596691     0.852412228     0.000508193
  16    C       -5.084509491     0.729769736    -0.000201077
  17    C       -5.679454850    -0.519309272    -0.000755883
  18    C       -4.879635575    -1.681748225    -0.000537734
  19    C       -3.499634258    -1.578282487     0.000077498
  20    C       -2.866218563    -0.310151194     0.000497446
  21    C        0.560836954     1.278279838     0.001180092
  22    C        1.414773880     0.166566209     0.000403898
  23    H        6.768545485     0.608452875    -0.002183617
  24    H        5.362640737     2.652400138    -0.001528674
  25    H        2.889692017     2.472081695    -0.000192486
  26    H        5.702104029    -1.637593041    -0.001741951
  27    H        3.708209404    -3.041777207    -0.001187980
  28    H        1.233223292    -3.284208975    -0.000527565
  29    H       -0.982994460    -2.291504071     0.000087826
  30    H       -1.227743481     3.275946665     0.002436025
  31    H       -3.702839096     3.034030187     0.001484909
  32    H       -5.696760008     1.630518207    -0.000327884
  33    H       -6.763960344    -0.615177992    -0.001356508
  34    H       -5.358683466    -2.659557793    -0.000871851
  35    H       -2.885692144    -2.480076235     0.000242281
  36    H        0.987881190     2.283173161     0.001649439


           Empirical Formula: C22 H14  =    36 atoms



      MOLECULAR POINT GROUP   :   C2h 


                  EIGENVALUES  
 -30.40345 -30.16889 -29.68965 -28.86253 -28.01362 -27.37832 -26.24820 -26.23062
 -25.60115 -24.75916 -24.48684 -22.73706 -22.18577 -21.79399 -21.62902 -20.94791
 -20.04523 -19.13620 -18.03563 -17.60234 -17.21119 -16.85903 -16.41161 -15.93169
 -15.39058 -15.02969 -14.77848 -14.72096 -14.52495 -14.42441 -14.31223 -14.17468
 -13.91700 -13.84065 -13.75484 -13.10667 -12.86260 -12.84104 -12.61741 -12.10526
 -11.93644 -11.82805 -11.70152 -11.39644 -11.16689 -10.82495 -10.03590  -9.73951
  -9.29407  -8.63843  -8.44546  -0.91527  -0.64786  -0.15576   0.22440   0.43141
   0.98078   1.20246   1.70863   2.30128   2.82988   3.14071   3.47642   3.51091
   3.81087   3.88233   4.20813   4.30108   4.32151   4.51040   4.52322   4.53081
   4.71075   4.71960   4.79494   4.81007   4.83596   4.86088   4.96217   5.11030
   5.11204   5.20010   5.32169   5.40611   5.48743   5.50128   5.58458   5.69021
   5.75220   5.85135   5.85463   5.89463   5.94094   6.00499   6.01194   6.07643
   6.07864   6.09081   6.16939   6.21220   6.26202   6.31813


              NET ATOMIC CHARGES AND DIPOLE CONTRIBUTIONS

  ATOM NO.   TYPE          CHARGE      No. of ELECS.   s-Pop       p-Pop       
    1          C          -0.136782        4.1368     1.10511     3.03167
    2          C          -0.143343        4.1433     1.10515     3.03820
    3          C          -0.155683        4.1557     1.10750     3.04818
    4          C          -0.002122        4.0021     1.08988     2.91224
    5          C           0.019409        3.9806     1.08671     2.89388
    6          C          -0.165510        4.1655     1.10842     3.05709
    7          C          -0.156357        4.1564     1.10872     3.04763
    8          C          -0.158210        4.1582     1.10833     3.04988
    9          C           0.021643        3.9784     1.08532     2.89304
   10          C          -0.186584        4.1866     1.10959     3.07699
   11          C           0.007692        3.9923     1.08856     2.90374
   12          C           0.021635        3.9784     1.08531     2.89305
   13          C          -0.158216        4.1582     1.10833     3.04989
   14          C          -0.156367        4.1564     1.10872     3.04765
   15          C           0.019413        3.9806     1.08671     2.89388
   16          C          -0.165525        4.1655     1.10842     3.05710
   17          C          -0.136781        4.1368     1.10511     3.03167
   18          C          -0.143346        4.1433     1.10515     3.03820
   19          C          -0.155675        4.1557     1.10750     3.04817
   20          C          -0.002110        4.0021     1.08989     2.91222
   21          C          -0.186612        4.1866     1.10960     3.07702
   22          C           0.007676        3.9923     1.08856     2.90376
   23          H           0.146712        0.8533     0.85329
   24          H           0.147102        0.8529     0.85290
   25          H           0.150013        0.8500     0.84999
   26          H           0.150992        0.8490     0.84901
   27          H           0.152128        0.8479     0.84787
   28          H           0.151913        0.8481     0.84809
   29          H           0.157012        0.8430     0.84299
   30          H           0.151916        0.8481     0.84808
   31          H           0.152132        0.8479     0.84787
   32          H           0.150995        0.8490     0.84901
   33          H           0.146713        0.8533     0.85329
   34          H           0.147099        0.8529     0.85290
   35          H           0.150010        0.8500     0.84999
   36          H           0.157018        0.8430     0.84298
 DIPOLE           X         Y         Z       TOTAL
 POINT-CHG.     0.000     0.000    -0.001     0.001
 HYBRID         0.000     0.000     0.000     0.000
 SUM            0.000     0.000    -0.001     0.001


          ATOMIC ORBITAL ELECTRON POPULATIONS

     Atom    s        px        py        pz   
    1  C   1.10511   1.06206   0.97399   0.99562
    2  C   1.10515   0.99056   1.04690   1.00074
    3  C   1.10750   1.00575   1.03606   1.00636
    4  C   1.08988   0.95101   0.96584   0.99538
    5  C   1.08671   0.95624   0.95371   0.98393
    6  C   1.10842   1.00380   1.04224   1.01105
    7  C   1.10872   1.01045   1.03392   1.00326
    8  C   1.10833   0.99381   1.04921   1.00686
    9  C   1.08532   0.95218   0.95658   0.98428
   10  C   1.10959   0.99100   1.06220   1.02379
   11  C   1.08856   0.95227   0.96273   0.98874
   12  C   1.08531   0.95219   0.95659   0.98427
   13  C   1.10833   0.99385   1.04918   1.00686
   14  C   1.10872   1.01045   1.03394   1.00326
   15  C   1.08671   0.95624   0.95370   0.98393
   16  C   1.10842   1.00378   1.04227   1.01105
   17  C   1.10511   1.06206   0.97399   0.99561
   18  C   1.10515   0.99057   1.04688   1.00074
   19  C   1.10750   1.00572   1.03609   1.00636
   20  C   1.08989   0.95100   0.96584   0.99539
   21  C   1.10960   0.99102   1.06221   1.02379
   22  C   1.08856   0.95229   0.96274   0.98873
   23  H   0.85329
   24  H   0.85290
   25  H   0.84999
   26  H   0.84901
   27  H   0.84787
   28  H   0.84809
   29  H   0.84299
   30  H   0.84808
   31  H   0.84787
   32  H   0.84901
   33  H   0.85329
   34  H   0.85290
   35  H   0.84999
   36  H   0.84298

 **********************
 *                    *
 * JOB ENDED NORMALLY *
 *                    *
 **********************



 TOTAL JOB TIME:             0.50 SECONDS

 == MOPAC DONE ==
