 *******************************************************************************
 **                                                                           **
 **                              MOPAC v23.1.2                                **
 **                                                                           **
 *******************************************************************************
 **          Digital Object Identifier (DOI): 10.5281/zenodo.6511958          **
 **    Visit the DOI location for information on how to cite this program.    **
 *******************************************************************************

                              PM6 CALCULATION RESULTS

 *******************************************************************************
 *  CALCULATION DONE: (MAX THREADS = 12)             Thu Apr 30 10:39:37 2026  *
 *  PM6        - The PM6 Hamiltonian to be used
 *  COSWRT
 *  EPS=78.4   - USE ANDREAS KLAMT'S COSMO IMPLICIT SOLVATION MODEL
 *  1SCF       - DO 1 SCF AND THEN STOP 
 *  T=         - A TIME OF 172800.0 SECONDS REQUESTED
 *  DUMP=N     - RESTART FILE WRITTEN EVERY 7200.0 SECONDS REQUESTED
 *******************************************************************************
PM6 1SCF COSWRT EPS=78.4
 FINAL HEAT OF FORMATION =     0.000000

  ATOM    CHEMICAL      BOND LENGTH      BOND ANGLE     TWIST ANGLE 
 NUMBER    SYMBOL       (ANGSTROMS)      (DEGREES)       (DEGREES) 
   (I)                     NA:I           NB:NA:I       NC:NB:NA:I       NA    NB    NC 
     1       C          0.00000000       0.0000000       0.0000000        0     0     0
     2       C          1.46251100  *    0.0000000       0.0000000        1     0     0
     3       C          1.41484400  *  119.4402470  *    0.0000000        2     1     0
     4       C          1.45161600  *  119.7639850  *    0.0051710  *     3     2     1
     5       C          1.35329800  *  121.0665820  *    0.0057790  *     4     3     2
     6       C          1.45243600  *  121.1178510  *   -0.0054920  *     5     4     3
     7       C          1.41724500  *  119.7761990  *  179.9998470  *     3     2     1
     8       C          1.38354100  *  120.4338300  *   -0.0067440  *     7     3     2
     9       C          1.41101400  *  120.0041580  *    0.0010290  *     8     7     3
    10       C          1.38386200  *  120.2396470  *    0.0041330  *     9     8     7
    11       C          1.40182600  *  118.6296540  * -179.9886630  *     1     6     5
    12       C          1.40203100  *  121.4476240  *   -0.0187880  *    11     1     6
    13       C          1.42636900  *  119.9256060  *    0.0073300  *    12    11     1
    14       C          1.40185200  *  118.6269760  *    0.0090640  *    13    12    11
    15       C          1.45244600  *  119.4616700  * -179.9995270  *    12    13    14
    16       C          1.35324800  *  121.1145400  *   -0.0205060  *    15    12    13
    17       C          1.45162700  *  121.0627370  *    0.0100670  *    16    15    12
    18       C          1.41485000  *  119.7706680  *    0.0116030  *    17    16    15
    19       C          1.41752300  *  118.7124630  *  179.9844060  *    18    17    16
    20       C          1.38387500  *  120.8292920  *    0.0107310  *    19    18    17
    21       C          1.41101900  *  120.2422870  *   -0.0000310  *    20    19    18
    22       C          1.38353100  *  120.0011750  *   -0.0073250  *    21    20    19
    23       H          1.08873700  *  119.4745100  * -179.9968260  *     8     9    10
    24       H          1.08885200  *  119.3727950  * -179.9948120  *     9     8     7
    25       H          1.09095000  *  119.9623260  *  179.9994050  *    10     9     8
    26       H          1.08912000  *  120.3249360  *  179.9998170  *     7     8     9
    27       H          1.08985900  *  117.5862270  * -179.9979550  *     4     3     2
    28       H          1.08978800  *  121.3245160  *  179.9939580  *     5     4     3
    29       H          1.09186100  *  119.1027220  *    0.0003710  *    14     6     5
    30       H          1.08978700  *  117.5558700  *  179.9829710  *    15    12    13
    31       H          1.08985800  *  121.3488920  * -179.9917140  *    16    15    12
    32       H          1.08912700  *  119.2400590  *    0.0099430  *    22    17    16
    33       H          1.08873500  *  120.5205380  * -179.9966130  *    21    22    17
    34       H          1.08885200  *  119.3688430  *  179.9935150  *    20    21    22
    35       H          1.09094300  *  119.9593430  * -179.9999080  *    19    20    21
    36       H          1.09186900  *  119.1049800  * -179.9962460  *    11    12    13
 


          CARTESIAN COORDINATES 

    NO.       ATOM           X           Y           Z

     1         C          0.0000      0.0000      0.0000
     2         C          1.4625      0.0000      0.0000
     3         C          2.1579      1.2321      0.0000
     4         C          1.4147      2.4791      0.0001
     5         C          0.0614      2.4855      0.0003
     6         C         -0.6950      1.2456      0.0004
     7         C          3.5751      1.2405      0.0000
     8         C          4.2830      0.0517      0.0001
     9         C          3.5940     -1.1797      0.0003
    10         C          2.2104     -1.2042      0.0002
    11         C         -0.7472     -1.1861     -0.0002
    12         C         -2.1491     -1.1675      0.0003
    13         C         -2.8442      0.0781      0.0009
    14         C         -2.0970      1.2642      0.0008
    15         C         -2.9053     -2.4075      0.0004
    16         C         -4.2585     -2.4014      0.0015
    17         C         -5.0019     -1.1546      0.0023
    18         C         -4.3068      0.0777      0.0018
    19         C         -5.0550      1.2817      0.0023
    20         C         -6.4387      1.2568      0.0036
    21         C         -7.1273      0.0252      0.0043
    22         C         -6.4191     -1.1634      0.0037
    23         H          5.3717      0.0564      0.0002
    24         H          4.1613     -2.1091      0.0005
    25         H          1.6823     -2.1588      0.0002
    26         H          4.1016      2.1939     -0.0001
    27         H          1.9861      3.4072      0.0001
    28         H         -0.5007      3.4191      0.0005
    29         H         -2.6153      2.2252      0.0011
    30         H         -2.3428     -3.3410     -0.0004
    31         H         -4.8297     -3.3296      0.0017
    32         H         -6.9452     -2.1170      0.0042
    33         H         -8.2160      0.0201      0.0054
    34         H         -7.0063      2.1859      0.0040
    35         H         -4.5273      2.2365      0.0018
    36         H         -0.2288     -2.1471     -0.0007

 General Reference for PM6:
 "Optimization of Parameters for Semiempirical Methods V: Modification of NDDO Approximations
 and Application to 70 Elements", J. J. P. Stewart, J. Mol. Mod., 13, 1173-1213 (2007)
 URL: https://link.springer.com/article/10.1007/s00894-007-0233-4

           Empirical Formula: C22 H14  =    36 atoms



      MOLECULAR POINT GROUP   :   C2h 


      RHF CALCULATION, NO. OF DOUBLY OCCUPIED LEVELS = 51


 -------------------------------------------------------------------------------
 PM6 1SCF COSWRT EPS=78.4
 FINAL HEAT OF FORMATION =     0.000000



     1SCF WAS SPECIFIED, SO BFGS WAS NOT USED                 
     SCF FIELD WAS ACHIEVED                                   


                              PM6 CALCULATION
                                                       MOPAC v23.1.2 Windows
                                                       Thu Apr 30 10:39:37 2026




          FINAL HEAT OF FORMATION =         78.99926 KCAL/MOL =     330.53290 KJ/MOL
          VAN DER WAALS AREA      =        300.16 SQUARE ANGSTROMS



          DIELECTRIC ENERGY       =         -0.33995 EV
          COSMO AREA              =        300.16 SQUARE ANGSTROMS
          COSMO VOLUME            =        331.24 CUBIC ANGSTROMS

          IONIZATION POTENTIAL    =          8.687385 EV
          HOMO LUMO ENERGIES (EV) =         -8.687 -1.159
          NO. OF FILLED LEVELS    =         51
          MOLECULAR WEIGHT        =        278.3526         POINT GROUP:  C2h 

          MOLECULAR DIMENSIONS (Angstroms)

            Atom       Atom       Distance
            H    33    H    23    13.58772
            H    30    H    28     6.75512
            H    35    H    24     0.00309


          SCF CALCULATIONS        =          2
 
          WALL-CLOCK TIME         =      0.043 SECONDS
          COMPUTATION TIME        =      0.172 SECONDS




  ATOM    CHEMICAL      BOND LENGTH      BOND ANGLE     TWIST ANGLE 
 NUMBER    SYMBOL       (ANGSTROMS)      (DEGREES)       (DEGREES) 
   (I)                     NA:I           NB:NA:I       NC:NB:NA:I       NA    NB    NC 
     1       C          0.00000000       0.0000000       0.0000000        0     0     0
     2       C          1.46251100  *    0.0000000       0.0000000        1     0     0
     3       C          1.41484400  *  119.4402470  *    0.0000000        2     1     0
     4       C          1.45161600  *  119.7639850  *    0.0051710  *     3     2     1
     5       C          1.35329800  *  121.0665820  *    0.0057790  *     4     3     2
     6       C          1.45243600  *  121.1178510  *   -0.0054920  *     5     4     3
     7       C          1.41724500  *  119.7761990  *  179.9998470  *     3     2     1
     8       C          1.38354100  *  120.4338300  *   -0.0067440  *     7     3     2
     9       C          1.41101400  *  120.0041580  *    0.0010290  *     8     7     3
    10       C          1.38386200  *  120.2396470  *    0.0041330  *     9     8     7
    11       C          1.40182600  *  118.6296540  * -179.9886630  *     1     6     5
    12       C          1.40203100  *  121.4476240  *   -0.0187880  *    11     1     6
    13       C          1.42636900  *  119.9256060  *    0.0073300  *    12    11     1
    14       C          1.40185200  *  118.6269760  *    0.0090640  *    13    12    11
    15       C          1.45244600  *  119.4616700  * -179.9995270  *    12    13    14
    16       C          1.35324800  *  121.1145400  *   -0.0205060  *    15    12    13
    17       C          1.45162700  *  121.0627370  *    0.0100670  *    16    15    12
    18       C          1.41485000  *  119.7706680  *    0.0116030  *    17    16    15
    19       C          1.41752300  *  118.7124630  *  179.9844060  *    18    17    16
    20       C          1.38387500  *  120.8292920  *    0.0107310  *    19    18    17
    21       C          1.41101900  *  120.2422870  *   -0.0000310  *    20    19    18
    22       C          1.38353100  *  120.0011750  *   -0.0073250  *    21    20    19
    23       H          1.08873700  *  119.4745100  * -179.9968260  *     8     9    10
    24       H          1.08885200  *  119.3727950  * -179.9948120  *     9     8     7
    25       H          1.09095000  *  119.9623260  *  179.9994050  *    10     9     8
    26       H          1.08912000  *  120.3249360  *  179.9998170  *     7     8     9
    27       H          1.08985900  *  117.5862270  * -179.9979550  *     4     3     2
    28       H          1.08978800  *  121.3245160  *  179.9939580  *     5     4     3
    29       H          1.09186100  *  119.1027220  *    0.0003710  *    14     6     5
    30       H          1.08978700  *  117.5558700  *  179.9829710  *    15    12    13
    31       H          1.08985800  *  121.3488920  * -179.9917140  *    16    15    12
    32       H          1.08912700  *  119.2400590  *    0.0099430  *    22    17    16
    33       H          1.08873500  *  120.5205380  * -179.9966130  *    21    22    17
    34       H          1.08885200  *  119.3688430  *  179.9935150  *    20    21    22
    35       H          1.09094300  *  119.9593430  * -179.9999080  *    19    20    21
    36       H          1.09186900  *  119.1049800  * -179.9962460  *    11    12    13

                             CARTESIAN COORDINATES

   1    C        0.000000000     0.000000000     0.000000000
   2    C        1.462511000     0.000000000     0.000000000
   3    C        2.157928912     1.232143446     0.000000000
   4    C        1.414731401     2.479078271     0.000113727
   5    C        0.061448536     2.485474736     0.000337293
   6    C       -0.695039339     1.245597150     0.000352131
   7    C        3.575149549     1.240453370     0.000003285
   8    C        4.282954978     0.051673679     0.000146903
   9    C        3.594018020    -1.179718363     0.000269435
  10    C        2.210372560    -1.204198214     0.000160358
  11    C       -0.747185421    -1.186098660    -0.000223338
  12    C       -2.149092556    -1.167469295     0.000284725
  13    C       -2.844183704     0.078073339     0.000889247
  14    C       -2.096988827     1.264196786     0.000764932
  15    C       -2.905269536    -2.407548223     0.000391832
  16    C       -4.258503225    -2.401418928     0.001470257
  17    C       -5.001868202    -1.154571422     0.002339681
  18    C       -4.306751667     0.077748848     0.001812253
  19    C       -5.055014704     1.281689711     0.002342953
  20    C       -6.438664616     1.256761636     0.003579825
  21    C       -7.127261621     0.025173956     0.004333102
  22    C       -6.419069630    -1.163363679     0.003682563
  23    H        5.371681742     0.056394726     0.000182332
  24    H        4.161338967    -2.109097500     0.000467890
  25    H        1.682323384    -2.158837393     0.000246029
  26    H        4.101589957     2.193890764    -0.000088715
  27    H        1.986093828     3.407161034     0.000075512
  28    H       -0.500709050     3.419078880     0.000521556
  29    H       -2.615342237     2.225170299     0.001070085
  30    H       -2.342846058    -3.340990753    -0.000368686
  31    H       -4.829709610    -3.329596539     0.001689180
  32    H       -6.945169002    -2.116997143     0.004220661
  33    H       -8.215984156     0.020078813     0.005420145
  34    H       -7.006307590     2.185944051     0.003995042
  35    H       -4.527328055     2.236521160     0.001765971
  36    H       -0.228811189    -2.147069937    -0.000745827


           Empirical Formula: C22 H14  =    36 atoms



      MOLECULAR POINT GROUP   :   C2h 


                  EIGENVALUES  
 -30.63825 -30.36967 -29.89234 -29.04251 -28.18395 -27.56816 -26.41704 -26.39655
 -25.74223 -24.91622 -24.66262 -22.89797 -22.33300 -21.95793 -21.75219 -21.10220
 -20.19674 -19.26594 -18.16283 -17.71219 -17.33482 -16.96965 -16.54693 -16.04822
 -15.52266 -15.12835 -14.92762 -14.85159 -14.81055 -14.54234 -14.48117 -14.32901
 -14.08986 -14.02414 -13.90144 -13.20528 -13.08137 -13.00102 -12.73433 -12.23715
 -12.15618 -11.94848 -11.88308 -11.54681 -11.38445 -11.09759 -10.27931  -9.97816
  -9.51079  -8.91217  -8.68738  -1.15876  -0.92036  -0.36912  -0.01759   0.18648
   0.70708   0.98290   1.48836   2.05810   2.58300   2.85794   3.23726   3.30085
   3.60695   3.68503   4.02477   4.08860   4.10864   4.26370   4.32002   4.34009
   4.49954   4.54286   4.61128   4.64422   4.66639   4.67091   4.76791   4.90289
   4.93455   4.99687   5.13528   5.20581   5.36217   5.37738   5.51756   5.61551
   5.62668   5.73228   5.82791   5.84256   5.91793   5.99364   6.00948   6.02173
   6.06683   6.06720   6.11428   6.13077   6.20865   6.25523


              NET ATOMIC CHARGES AND DIPOLE CONTRIBUTIONS

  ATOM NO.   TYPE          CHARGE      No. of ELECS.   s-Pop       p-Pop       
    1          C          -0.006940        4.0069     1.08980     2.91714
    2          C          -0.021399        4.0214     1.09059     2.93081
    3          C           0.005327        3.9947     1.08851     2.90616
    4          C          -0.162404        4.1624     1.11247     3.04993
    5          C          -0.170697        4.1707     1.11176     3.05894
    6          C           0.009871        3.9901     1.08704     2.90309
    7          C          -0.176005        4.1760     1.11219     3.06382
    8          C          -0.142327        4.1423     1.10932     3.03300
    9          C          -0.149088        4.1491     1.10918     3.03991
   10          C          -0.167631        4.1676     1.11094     3.05669
   11          C          -0.195275        4.1953     1.11352     3.08176
   12          C           0.009780        3.9902     1.08705     2.90317
   13          C          -0.006999        4.0070     1.08981     2.91719
   14          C          -0.194890        4.1949     1.11351     3.08138
   15          C          -0.169301        4.1693     1.11178     3.05752
   16          C          -0.163822        4.1638     1.11246     3.05136
   17          C           0.005540        3.9945     1.08848     2.90598
   18          C          -0.021581        4.0216     1.09059     2.93099
   19          C          -0.167555        4.1676     1.11095     3.05661
   20          C          -0.149224        4.1492     1.10919     3.04003
   21          C          -0.141976        4.1420     1.10934     3.03264
   22          C          -0.176421        4.1764     1.11219     3.06423
   23          H           0.162242        0.8378     0.83776
   24          H           0.162855        0.8371     0.83715
   25          H           0.166453        0.8335     0.83355
   26          H           0.168208        0.8318     0.83179
   27          H           0.169985        0.8300     0.83001
   28          H           0.170572        0.8294     0.82943
   29          H           0.176100        0.8239     0.82390
   30          H           0.170612        0.8294     0.82939
   31          H           0.169979        0.8300     0.83002
   32          H           0.168216        0.8318     0.83178
   33          H           0.162297        0.8377     0.83770
   34          H           0.162870        0.8371     0.83713
   35          H           0.166471        0.8335     0.83353
   36          H           0.176156        0.8238     0.82384
 DIPOLE           X         Y         Z       TOTAL
 POINT-CHG.     0.008     0.002     0.001     0.008
 HYBRID        -0.000    -0.000     0.001     0.001
 SUM            0.008     0.002     0.002     0.008


          ATOMIC ORBITAL ELECTRON POPULATIONS

     Atom    s        px        py        pz   
    1  C   1.08980   0.95544   0.96412   0.99758
    2  C   1.09059   0.95090   0.97020   1.00970
    3  C   1.08851   0.95954   0.95601   0.99061
    4  C   1.11247   1.00410   1.04908   0.99675
    5  C   1.11176   1.00408   1.04826   1.00661
    6  C   1.08704   0.95534   0.95837   0.98938
    7  C   1.11219   0.99557   1.06063   1.00762
    8  C   1.10932   1.07477   0.97141   0.98682
    9  C   1.10918   0.99847   1.04875   0.99269
   10  C   1.11094   1.00127   1.05057   1.00485
   11  C   1.11352   0.99991   1.06441   1.01744
   12  C   1.08705   0.95536   0.95842   0.98939
   13  C   1.08981   0.95544   0.96412   0.99764
   14  C   1.11351   0.99981   1.06439   1.01719
   15  C   1.11178   1.00391   1.04818   1.00543
   16  C   1.11246   1.00425   1.04922   0.99789
   17  C   1.08848   0.95951   0.95591   0.99055
   18  C   1.09059   0.95089   0.97022   1.00988
   19  C   1.11095   1.00123   1.05060   1.00478
   20  C   1.10919   0.99851   1.04875   0.99276
   21  C   1.10934   1.07477   0.97136   0.98651
   22  C   1.11219   0.99562   1.06068   1.00793
   23  H   0.83776
   24  H   0.83715
   25  H   0.83355
   26  H   0.83179
   27  H   0.83001
   28  H   0.82943
   29  H   0.82390
   30  H   0.82939
   31  H   0.83002
   32  H   0.83178
   33  H   0.83770
   34  H   0.83713
   35  H   0.83353
   36  H   0.82384

 **********************
 *                    *
 * JOB ENDED NORMALLY *
 *                    *
 **********************



 TOTAL JOB TIME:             0.06 SECONDS

 == MOPAC DONE ==
