 *******************************************************************************
 **                                                                           **
 **                              MOPAC v23.1.2                                **
 **                                                                           **
 *******************************************************************************
 **          Digital Object Identifier (DOI): 10.5281/zenodo.6511958          **
 **    Visit the DOI location for information on how to cite this program.    **
 *******************************************************************************

                              PM6 CALCULATION RESULTS

 *******************************************************************************
 *  CALCULATION DONE: (MAX THREADS = 12)             Thu Apr 30 10:36:49 2026  *
 *  PM6        - The PM6 Hamiltonian to be used
 *  STATIC     - CALCULATE STATIC FIELD POLARIZABILITIES
 *  1SCF       - DO 1 SCF AND THEN STOP 
 *  T=         - A TIME OF 172800.0 SECONDS REQUESTED
 *  DUMP=N     - RESTART FILE WRITTEN EVERY 7200.0 SECONDS REQUESTED
 *******************************************************************************
PM6 1SCF STATIC
 FINAL HEAT OF FORMATION =     0.000000

  ATOM    CHEMICAL      BOND LENGTH      BOND ANGLE     TWIST ANGLE 
 NUMBER    SYMBOL       (ANGSTROMS)      (DEGREES)       (DEGREES) 
   (I)                     NA:I           NB:NA:I       NC:NB:NA:I       NA    NB    NC 
     1       C          0.00000000       0.0000000       0.0000000        0     0     0
     2       C          1.46251100  *    0.0000000       0.0000000        1     0     0
     3       C          1.41484400  *  119.4402470  *    0.0000000        2     1     0
     4       C          1.45161600  *  119.7639850  *    0.0051710  *     3     2     1
     5       C          1.35329800  *  121.0665820  *    0.0057790  *     4     3     2
     6       C          1.45243600  *  121.1178510  *   -0.0054920  *     5     4     3
     7       C          1.41724500  *  119.7761990  *  179.9998470  *     3     2     1
     8       C          1.38354100  *  120.4338300  *   -0.0067440  *     7     3     2
     9       C          1.41101400  *  120.0041580  *    0.0010290  *     8     7     3
    10       C          1.38386200  *  120.2396470  *    0.0041330  *     9     8     7
    11       C          1.40182600  *  118.6296540  * -179.9886630  *     1     6     5
    12       C          1.40203100  *  121.4476240  *   -0.0187880  *    11     1     6
    13       C          1.42636900  *  119.9256060  *    0.0073300  *    12    11     1
    14       C          1.40185200  *  118.6269760  *    0.0090640  *    13    12    11
    15       C          1.45244600  *  119.4616700  * -179.9995270  *    12    13    14
    16       C          1.35324800  *  121.1145400  *   -0.0205060  *    15    12    13
    17       C          1.45162700  *  121.0627370  *    0.0100670  *    16    15    12
    18       C          1.41485000  *  119.7706680  *    0.0116030  *    17    16    15
    19       C          1.41752300  *  118.7124630  *  179.9844060  *    18    17    16
    20       C          1.38387500  *  120.8292920  *    0.0107310  *    19    18    17
    21       C          1.41101900  *  120.2422870  *   -0.0000310  *    20    19    18
    22       C          1.38353100  *  120.0011750  *   -0.0073250  *    21    20    19
    23       H          1.08873700  *  119.4745100  * -179.9968260  *     8     9    10
    24       H          1.08885200  *  119.3727950  * -179.9948120  *     9     8     7
    25       H          1.09095000  *  119.9623260  *  179.9994050  *    10     9     8
    26       H          1.08912000  *  120.3249360  *  179.9998170  *     7     8     9
    27       H          1.08985900  *  117.5862270  * -179.9979550  *     4     3     2
    28       H          1.08978800  *  121.3245160  *  179.9939580  *     5     4     3
    29       H          1.09186100  *  119.1027220  *    0.0003710  *    14     6     5
    30       H          1.08978700  *  117.5558700  *  179.9829710  *    15    12    13
    31       H          1.08985800  *  121.3488920  * -179.9917140  *    16    15    12
    32       H          1.08912700  *  119.2400590  *    0.0099430  *    22    17    16
    33       H          1.08873500  *  120.5205380  * -179.9966130  *    21    22    17
    34       H          1.08885200  *  119.3688430  *  179.9935150  *    20    21    22
    35       H          1.09094300  *  119.9593430  * -179.9999080  *    19    20    21
    36       H          1.09186900  *  119.1049800  * -179.9962460  *    11    12    13
 


          CARTESIAN COORDINATES 

    NO.       ATOM           X           Y           Z

     1         C          0.0000      0.0000      0.0000
     2         C          1.4625      0.0000      0.0000
     3         C          2.1579      1.2321      0.0000
     4         C          1.4147      2.4791      0.0001
     5         C          0.0614      2.4855      0.0003
     6         C         -0.6950      1.2456      0.0004
     7         C          3.5751      1.2405      0.0000
     8         C          4.2830      0.0517      0.0001
     9         C          3.5940     -1.1797      0.0003
    10         C          2.2104     -1.2042      0.0002
    11         C         -0.7472     -1.1861     -0.0002
    12         C         -2.1491     -1.1675      0.0003
    13         C         -2.8442      0.0781      0.0009
    14         C         -2.0970      1.2642      0.0008
    15         C         -2.9053     -2.4075      0.0004
    16         C         -4.2585     -2.4014      0.0015
    17         C         -5.0019     -1.1546      0.0023
    18         C         -4.3068      0.0777      0.0018
    19         C         -5.0550      1.2817      0.0023
    20         C         -6.4387      1.2568      0.0036
    21         C         -7.1273      0.0252      0.0043
    22         C         -6.4191     -1.1634      0.0037
    23         H          5.3717      0.0564      0.0002
    24         H          4.1613     -2.1091      0.0005
    25         H          1.6823     -2.1588      0.0002
    26         H          4.1016      2.1939     -0.0001
    27         H          1.9861      3.4072      0.0001
    28         H         -0.5007      3.4191      0.0005
    29         H         -2.6153      2.2252      0.0011
    30         H         -2.3428     -3.3410     -0.0004
    31         H         -4.8297     -3.3296      0.0017
    32         H         -6.9452     -2.1170      0.0042
    33         H         -8.2160      0.0201      0.0054
    34         H         -7.0063      2.1859      0.0040
    35         H         -4.5273      2.2365      0.0018
    36         H         -0.2288     -2.1471     -0.0007

 General Reference for PM6:
 "Optimization of Parameters for Semiempirical Methods V: Modification of NDDO Approximations
 and Application to 70 Elements", J. J. P. Stewart, J. Mol. Mod., 13, 1173-1213 (2007)
 URL: https://link.springer.com/article/10.1007/s00894-007-0233-4

           Empirical Formula: C22 H14  =    36 atoms



      MOLECULAR POINT GROUP   :   C2h 


      RHF CALCULATION, NO. OF DOUBLY OCCUPIED LEVELS = 51


 -------------------------------------------------------------------------------
 PM6 1SCF STATIC
 FINAL HEAT OF FORMATION =     0.000000



     1SCF WAS SPECIFIED, SO BFGS WAS NOT USED                 
     SCF FIELD WAS ACHIEVED                                   


                              PM6 CALCULATION
                                                       MOPAC v23.1.2 Windows
                                                       Thu Apr 30 10:36:49 2026




          FINAL HEAT OF FORMATION =         85.70111 KCAL/MOL =     358.57343 KJ/MOL


          COSMO AREA              =        300.16 SQUARE ANGSTROMS
          COSMO VOLUME            =        331.24 CUBIC ANGSTROMS

          IONIZATION POTENTIAL    =          8.445237 EV
          HOMO LUMO ENERGIES (EV) =         -8.445 -0.915
          NO. OF FILLED LEVELS    =         51
          MOLECULAR WEIGHT        =        278.3526         POINT GROUP:  C2h 

          MOLECULAR DIMENSIONS (Angstroms)

            Atom       Atom       Distance
            H    33    H    23    13.58772
            H    30    H    28     6.75512
            H    35    H    24     0.00309


          SCF CALCULATIONS        =          1
 
          WALL-CLOCK TIME         =      0.039 SECONDS
          COMPUTATION TIME        =      0.109 SECONDS




  ATOM    CHEMICAL      BOND LENGTH      BOND ANGLE     TWIST ANGLE 
 NUMBER    SYMBOL       (ANGSTROMS)      (DEGREES)       (DEGREES) 
   (I)                     NA:I           NB:NA:I       NC:NB:NA:I       NA    NB    NC 
     1       C          0.00000000       0.0000000       0.0000000        0     0     0
     2       C          1.46251100  *    0.0000000       0.0000000        1     0     0
     3       C          1.41484400  *  119.4402470  *    0.0000000        2     1     0
     4       C          1.45161600  *  119.7639850  *    0.0051710  *     3     2     1
     5       C          1.35329800  *  121.0665820  *    0.0057790  *     4     3     2
     6       C          1.45243600  *  121.1178510  *   -0.0054920  *     5     4     3
     7       C          1.41724500  *  119.7761990  *  179.9998470  *     3     2     1
     8       C          1.38354100  *  120.4338300  *   -0.0067440  *     7     3     2
     9       C          1.41101400  *  120.0041580  *    0.0010290  *     8     7     3
    10       C          1.38386200  *  120.2396470  *    0.0041330  *     9     8     7
    11       C          1.40182600  *  118.6296540  * -179.9886630  *     1     6     5
    12       C          1.40203100  *  121.4476240  *   -0.0187880  *    11     1     6
    13       C          1.42636900  *  119.9256060  *    0.0073300  *    12    11     1
    14       C          1.40185200  *  118.6269760  *    0.0090640  *    13    12    11
    15       C          1.45244600  *  119.4616700  * -179.9995270  *    12    13    14
    16       C          1.35324800  *  121.1145400  *   -0.0205060  *    15    12    13
    17       C          1.45162700  *  121.0627370  *    0.0100670  *    16    15    12
    18       C          1.41485000  *  119.7706680  *    0.0116030  *    17    16    15
    19       C          1.41752300  *  118.7124630  *  179.9844060  *    18    17    16
    20       C          1.38387500  *  120.8292920  *    0.0107310  *    19    18    17
    21       C          1.41101900  *  120.2422870  *   -0.0000310  *    20    19    18
    22       C          1.38353100  *  120.0011750  *   -0.0073250  *    21    20    19
    23       H          1.08873700  *  119.4745100  * -179.9968260  *     8     9    10
    24       H          1.08885200  *  119.3727950  * -179.9948120  *     9     8     7
    25       H          1.09095000  *  119.9623260  *  179.9994050  *    10     9     8
    26       H          1.08912000  *  120.3249360  *  179.9998170  *     7     8     9
    27       H          1.08985900  *  117.5862270  * -179.9979550  *     4     3     2
    28       H          1.08978800  *  121.3245160  *  179.9939580  *     5     4     3
    29       H          1.09186100  *  119.1027220  *    0.0003710  *    14     6     5
    30       H          1.08978700  *  117.5558700  *  179.9829710  *    15    12    13
    31       H          1.08985800  *  121.3488920  * -179.9917140  *    16    15    12
    32       H          1.08912700  *  119.2400590  *    0.0099430  *    22    17    16
    33       H          1.08873500  *  120.5205380  * -179.9966130  *    21    22    17
    34       H          1.08885200  *  119.3688430  *  179.9935150  *    20    21    22
    35       H          1.09094300  *  119.9593430  * -179.9999080  *    19    20    21
    36       H          1.09186900  *  119.1049800  * -179.9962460  *    11    12    13

                             CARTESIAN COORDINATES

   1    C        0.000000000     0.000000000     0.000000000
   2    C        1.462511000     0.000000000     0.000000000
   3    C        2.157928912     1.232143446     0.000000000
   4    C        1.414731401     2.479078271     0.000113727
   5    C        0.061448536     2.485474736     0.000337293
   6    C       -0.695039339     1.245597150     0.000352131
   7    C        3.575149549     1.240453370     0.000003285
   8    C        4.282954978     0.051673679     0.000146903
   9    C        3.594018020    -1.179718363     0.000269435
  10    C        2.210372560    -1.204198214     0.000160358
  11    C       -0.747185421    -1.186098660    -0.000223338
  12    C       -2.149092556    -1.167469295     0.000284725
  13    C       -2.844183704     0.078073339     0.000889247
  14    C       -2.096988827     1.264196786     0.000764932
  15    C       -2.905269536    -2.407548223     0.000391832
  16    C       -4.258503225    -2.401418928     0.001470257
  17    C       -5.001868202    -1.154571422     0.002339681
  18    C       -4.306751667     0.077748848     0.001812253
  19    C       -5.055014704     1.281689711     0.002342953
  20    C       -6.438664616     1.256761636     0.003579825
  21    C       -7.127261621     0.025173956     0.004333102
  22    C       -6.419069630    -1.163363679     0.003682563
  23    H        5.371681742     0.056394726     0.000182332
  24    H        4.161338967    -2.109097500     0.000467890
  25    H        1.682323384    -2.158837393     0.000246029
  26    H        4.101589957     2.193890764    -0.000088715
  27    H        1.986093828     3.407161034     0.000075512
  28    H       -0.500709050     3.419078880     0.000521556
  29    H       -2.615342237     2.225170299     0.001070085
  30    H       -2.342846058    -3.340990753    -0.000368686
  31    H       -4.829709610    -3.329596539     0.001689180
  32    H       -6.945169002    -2.116997143     0.004220661
  33    H       -8.215984156     0.020078813     0.005420145
  34    H       -7.006307590     2.185944051     0.003995042
  35    H       -4.527328055     2.236521160     0.001765971
  36    H       -0.228811189    -2.147069937    -0.000745827


           Empirical Formula: C22 H14  =    36 atoms



      MOLECULAR POINT GROUP   :   C2h 


                  EIGENVALUES  
 -30.40345 -30.16890 -29.68965 -28.86253 -28.01361 -27.37834 -26.24821 -26.23063
 -25.60116 -24.75916 -24.48683 -22.73706 -22.18579 -21.79399 -21.62902 -20.94792
 -20.04523 -19.13620 -18.03564 -17.60233 -17.21119 -16.85904 -16.41162 -15.93169
 -15.39058 -15.02969 -14.77848 -14.72096 -14.52497 -14.42441 -14.31224 -14.17468
 -13.91700 -13.84068 -13.75483 -13.10667 -12.86260 -12.84102 -12.61742 -12.10527
 -11.93646 -11.82806 -11.70152 -11.39644 -11.16691 -10.82501 -10.03595  -9.73950
  -9.29400  -8.63835  -8.44524  -0.91546  -0.64799  -0.15584   0.22440   0.43145
   0.98084   1.20249   1.70867   2.30125   2.82989   3.14073   3.47642   3.51091
   3.81087   3.88233   4.20814   4.30108   4.32152   4.51040   4.52319   4.53081
   4.71075   4.71962   4.79493   4.81007   4.83596   4.86086   4.96216   5.11030
   5.11204   5.20009   5.32169   5.40611   5.48745   5.50128   5.58456   5.69021
   5.75221   5.85134   5.85463   5.89464   5.94093   6.00499   6.01195   6.07641
   6.07861   6.09082   6.16939   6.21220   6.26202   6.31815


              NET ATOMIC CHARGES AND DIPOLE CONTRIBUTIONS

  ATOM NO.   TYPE          CHARGE      No. of ELECS.   s-Pop       p-Pop       
    1          C           0.007652        3.9923     1.08856     2.90379
    2          C          -0.002067        4.0021     1.08989     2.91218
    3          C           0.019356        3.9806     1.08671     2.89393
    4          C          -0.156330        4.1563     1.10872     3.04761
    5          C          -0.158228        4.1582     1.10833     3.04990
    6          C           0.021652        3.9783     1.08532     2.89303
    7          C          -0.165462        4.1655     1.10842     3.05704
    8          C          -0.136828        4.1368     1.10511     3.03172
    9          C          -0.143302        4.1433     1.10514     3.03816
   10          C          -0.155728        4.1557     1.10750     3.04822
   11          C          -0.186600        4.1866     1.10960     3.07700
   12          C           0.021642        3.9784     1.08531     2.89304
   13          C           0.007670        3.9923     1.08857     2.90376
   14          C          -0.186574        4.1866     1.10960     3.07698
   15          C          -0.158233        4.1582     1.10833     3.04991
   16          C          -0.156340        4.1563     1.10872     3.04762
   17          C           0.019360        3.9806     1.08671     2.89393
   18          C          -0.002057        4.0021     1.08989     2.91217
   19          C          -0.155720        4.1557     1.10750     3.04822
   20          C          -0.143304        4.1433     1.10515     3.03816
   21          C          -0.136827        4.1368     1.10511     3.03171
   22          C          -0.165476        4.1655     1.10842     3.05705
   23          H           0.146718        0.8533     0.85328
   24          H           0.147098        0.8529     0.85290
   25          H           0.150018        0.8500     0.84998
   26          H           0.150985        0.8490     0.84901
   27          H           0.152124        0.8479     0.84788
   28          H           0.151914        0.8481     0.84809
   29          H           0.157009        0.8430     0.84299
   30          H           0.151917        0.8481     0.84808
   31          H           0.152128        0.8479     0.84787
   32          H           0.150988        0.8490     0.84901
   33          H           0.146719        0.8533     0.85328
   34          H           0.147096        0.8529     0.85290
   35          H           0.150015        0.8500     0.84998
   36          H           0.157015        0.8430     0.84298
 DIPOLE           X         Y         Z       TOTAL
 POINT-CHG.     0.000    -0.000     0.001     0.001
 HYBRID         0.000    -0.000    -0.000     0.000
 SUM            0.000    -0.000     0.001     0.001


          ATOMIC ORBITAL ELECTRON POPULATIONS

     Atom    s        px        py        pz   
    1  C   1.08856   0.95283   0.96222   0.98874
    2  C   1.08989   0.95034   0.96649   0.99535
    3  C   1.08671   0.95530   0.95467   0.98396
    4  C   1.10872   1.00213   1.04223   1.00325
    5  C   1.10833   1.00152   1.04150   1.00688
    6  C   1.08532   0.95277   0.95599   0.98427
    7  C   1.10842   0.99638   1.04964   1.01102
    8  C   1.10511   1.06267   0.97340   0.99565
    9  C   1.10514   0.99746   1.03998   1.00071
   10  C   1.10750   0.99772   1.04412   1.00639
   11  C   1.10960   0.99838   1.05484   1.02378
   12  C   1.08531   0.95279   0.95599   0.98426
   13  C   1.08857   0.95281   0.96221   0.98875
   14  C   1.10960   0.99836   1.05483   1.02379
   15  C   1.10833   1.00156   1.04147   1.00687
   16  C   1.10872   1.00213   1.04224   1.00325
   17  C   1.08671   0.95530   0.95467   0.98396
   18  C   1.08989   0.95032   0.96649   0.99535
   19  C   1.10750   0.99768   1.04414   1.00639
   20  C   1.10515   0.99748   1.03996   1.00072
   21  C   1.10511   1.06267   0.97340   0.99564
   22  C   1.10842   0.99636   1.04967   1.01102
   23  H   0.85328
   24  H   0.85290
   25  H   0.84998
   26  H   0.84901
   27  H   0.84788
   28  H   0.84809
   29  H   0.84299
   30  H   0.84808
   31  H   0.84787
   32  H   0.84901
   33  H   0.85328
   34  H   0.85290
   35  H   0.84998
   36  H   0.84298
 ******************** FINITE-FIELD POLARIZABILITIES ********************

    THE F-F METHOD IS PERFORMED USING BOTH AN ENERGY
    AND DIPOLE MOMENT EXPANSION.  THESE RESULTS ARE
    LISTED BELOW AS "H.o.F." AND "Dipole", RESPECTIVELY.

          MOLECULAR WEIGHT =  278.35



          ROTATIONAL CONSTANTS IN CM(-1)

          A =    0.03006704   B =    0.00493343   C =    0.00423805



           PRINCIPAL MOMENTS OF INERTIA IN UNITS OF 10**(-40)*GRAM-CM**2

          A =      931.0111   B =     5674.0917   C =     6605.1023


 ROTATION MATRIX FOR ORIENTATION OF MOLECULE:

         0.995988   -0.089483    0.000340
         0.089483    0.995988   -0.000100
        -0.000329    0.000130    1.000000


          CARTESIAN COORDINATES 

    NO.       ATOM         X         Y         Z

     1         C        1.4129   -0.1659   -0.0006
     2         C        2.8695   -0.2968   -0.0001
     3         C        3.6724    0.8682    0.0000
     4         C        3.0438    2.1766   -0.0002
     5         C        1.6965    2.3041   -0.0005
     6         C        0.8321    1.1369   -0.0006
     7         C        5.0847    0.7497    0.0005
     8         C        5.6833   -0.4977    0.0010
     9         C        4.8869   -1.6625    0.0010
    10         C        3.5067   -1.5631    0.0005
    11         C        0.5626   -1.2804   -0.0009
    12         C       -0.8320   -1.1364   -0.0009
    13         C       -1.4129    0.1664   -0.0007
    14         C       -0.5625    1.2809   -0.0006
    15         C       -1.6961   -2.3038   -0.0009
    16         C       -3.0434   -2.1766   -0.0003
    17         C       -3.6722   -0.8683    0.0002
    18         C       -2.8696    0.2969   -0.0002
    19         C       -3.5071    1.5630   -0.0001
    20         C       -4.8875    1.6620    0.0007
    21         C       -5.6835    0.4969    0.0013
    22         C       -5.0845   -0.7502    0.0010
    23         H        6.7681   -0.5904    0.0014
    24         H        5.3688   -2.6389    0.0015
    25         H        2.8953   -2.4666    0.0005
    26         H        5.6944    1.6522    0.0005
    27         H        3.6959    3.0499   -0.0002
    28         H        1.2202    3.2843   -0.0006
    29         H       -0.9928    2.2844   -0.0006
    30         H       -1.2195   -3.2838   -0.0014
    31         H       -3.6954   -3.0500   -0.0002
    32         H       -5.6938   -1.6529    0.0015
    33         H       -6.7683    0.5893    0.0021
    34         H       -5.3697    2.6382    0.0008
    35         H       -2.8961    2.4668   -0.0006
    36         H        0.9929   -2.2839   -0.0012


 ENERGY OF "REORIENTED" SYSTEM WITHOUT FIELD:       85.70111 Kcal/mol


 APPLIED ELECTRIC FIELD MAGNITUDE:         0.10284 VOLTS PER ANGSTROM
    Step  1 of 36 done (+X)
    Step  2 of 36 done (-X)
    Step  3 of 36 done (+2X)
    Step  4 of 36 done (-2X)
    Step  5 of 36 done (+Y)
    Step  6 of 36 done (-Y)
    Step  7 of 36 done (+2Y)
    Step  8 of 36 done (-2Y)
    Step  9 of 36 done (+Y+X)
    Step 10 of 36 done (+Y-X)
    Step 11 of 36 done (-Y-X)
    Step 12 of 36 done (-Y+X)
    Step 13 of 36 done (+2Y+2X)
    Step 14 of 36 done (+2Y-2X)
    Step 15 of 36 done (-2Y-2X)
    Step 16 of 36 done (-2Y+2X)
    Step 17 of 36 done (+Z)
    Step 18 of 36 done (-Z)
    Step 19 of 36 done (+2Z)
    Step 20 of 36 done (-2Z)
    Step 21 of 36 done (+Z+X)
    Step 22 of 36 done (+Z-X)
    Step 23 of 36 done (-Z-X)
    Step 24 of 36 done (-Z+X)
    Step 25 of 36 done (+2Z+2X)
    Step 26 of 36 done (+2Z-2X)
    Step 27 of 36 done (-2Z-2X)
    Step 28 of 36 done (-2Z+2X)
    Step 29 of 36 done (+Z+Y)
    Step 30 of 36 done (+Z-Y)
    Step 31 of 36 done (-Z-Y)
    Step 32 of 36 done (-Z+Y)
    Step 33 of 36 done (+2Z+2Y)
    Step 34 of 36 done (+2Z-2Y)
    Step 35 of 36 done (-2Z-2Y)
    Step 36 of 36 done (-2Z+2Y)


 ****************************** DIPOLE ******************************


                     H.o.F.         Dipole

     X             -0.000021      -0.000332
     Y              0.000151       0.000315
     X             -0.000313      -0.000746


 MAGNITUDE:         0.000348       0.000875  (A.U.)
                    0.000885       0.002224  (DEBYE)


 ****************************** POLARIZABILITY ********************



 Polarizability Tensor from Heat of Formation:


                     1          2          3
 ------------------------------------------
          1 435.148076
          2  -9.997898 269.708987
          3  -0.017314   0.022216 124.656338




    ROOT NO.    1           2           3

           124.65633   269.10698   435.75008
  
         1   0.00005     0.06010    -0.99819
         2  -0.00015     0.99819     0.06010
         3   1.00000     0.00015     0.00006

 Polarizability Tensor from Dipole Moment:


                     1          2          3
 ------------------------------------------
          1 434.962970
          2  -9.724453 269.693412
          3   0.014638   0.001665 124.896832




    ROOT NO.    1           2           3

           124.89683   269.12319   435.53319
  
         1  -0.00005     0.05854    -0.99829
         2  -0.00001     0.99829     0.05854
         3   1.00000     0.00002    -0.00005


 Average Polarizability from:     H.o.F         Dipole
                              276.504467     276.517738  A.U.
                               40.972432      40.974398  ANG.**3
                            8.194265D-23   8.194658D-23  ESU

 **********************
 *                    *
 * JOB ENDED NORMALLY *
 *                    *
 **********************



 TOTAL JOB TIME:             0.30 SECONDS

 == MOPAC DONE ==
