 *******************************************************************************
 **                                                                           **
 **                              MOPAC v23.1.2                                **
 **                                                                           **
 *******************************************************************************
 **          Digital Object Identifier (DOI): 10.5281/zenodo.6511958          **
 **    Visit the DOI location for information on how to cite this program.    **
 *******************************************************************************

                              PM6 CALCULATION RESULTS

 *******************************************************************************
 *  CALCULATION DONE: (MAX THREADS = 12)             Thu Apr 30 09:43:07 2026  *
 *  PM6        - The PM6 Hamiltonian to be used
 *  COSWRT
 *  EPS=78.4   - USE ANDREAS KLAMT'S COSMO IMPLICIT SOLVATION MODEL
 *  1SCF       - DO 1 SCF AND THEN STOP 
 *  T=         - A TIME OF 172800.0 SECONDS REQUESTED
 *  DUMP=N     - RESTART FILE WRITTEN EVERY 7200.0 SECONDS REQUESTED
 *******************************************************************************
PM6 1SCF COSWRT EPS=78.4
 FINAL HEAT OF FORMATION =     0.000000

  ATOM    CHEMICAL      BOND LENGTH      BOND ANGLE     TWIST ANGLE 
 NUMBER    SYMBOL       (ANGSTROMS)      (DEGREES)       (DEGREES) 
   (I)                     NA:I           NB:NA:I       NC:NB:NA:I       NA    NB    NC 
     1       C          0.00000000       0.0000000       0.0000000        0     0     0
     2       C          1.42032300  *    0.0000000       0.0000000        1     0     0
     3       C          1.40309900  *  119.9052120  *    0.0000000        2     1     0
     4       C          1.39894400  *  122.0130690  *    0.0970980  *     3     2     1
     5       C          1.42096600  *  119.7266770  *   -0.6607570  *     4     3     2
     6       C          1.38881800  *  113.3375470  *    0.9025410  *     5     4     3
     7       S          1.70171000  *  120.8753510  * -179.0215300  *     2     3     4
     8       O          1.44980300  *  110.1777110  *  159.4950870  *     7     2     3
     9       N          1.38780800  *  123.2852400  * -175.7281490  *     5     4     3
    10       N          1.76229900  *  105.8134230  *  -94.1234210  *     7     2     3
    11       C          1.38612400  *  124.5473400  *   64.4760360  *    10     7     2
    12       N          1.39041100  *  117.9773560  *  170.8276520  *    11    10     7
    13       C          1.35229400  *  116.6491240  *  179.2413330  *    12    11    10
    14       C          1.40595300  *  122.3689650  *    0.0143720  *    13    12    11
    15       C          1.40165200  *  117.5793150  *   -0.3087880  *    14    13    12
    16       N          1.35642900  *  122.4297260  *    0.0408430  *    15    14    13
    17       O          1.43729300  *  108.4564360  *  -55.6209980  *     7    10    11
    18       H          1.09760200  *  121.6705090  * -179.8910830  *    15    14    13
    19       H          1.09835300  *  121.5702740  *  179.8209080  *    13    14    15
    20       H          1.08378500  *  121.3024750  * -179.7877810  *    14    15    16
    21       H          1.03671800  *  115.5581890  *    1.8171160  *    10    11    12
    22       H          1.08525100  *  120.2070620  * -179.9050600  *     4     5     6
    23       H          1.09215500  *  122.2505190  *    0.1167900  *     1     2     7
    24       H          1.10003100  *  118.7612380  *  179.5035860  *     3     4     5
    25       H          1.00805600  *  118.5131840  * -167.1803130  *     9     5     4
    26       H          1.00660900  *  118.9545290  *  -18.4802840  *     9     5     4
 


          CARTESIAN COORDINATES 

    NO.       ATOM           X           Y           Z

     1         C          0.0000      0.0000      0.0000
     2         C          1.4203      0.0000      0.0000
     3         C          2.1199      1.2163      0.0000
     4         C          1.4613      2.4505      0.0020
     5         C          0.0410      2.4914     -0.0101
     6         C         -0.5457      1.2326     -0.0030
     7         S          2.2509     -1.4851      0.0225
     8         O          1.3762     -2.5401      0.4956
     9         N         -0.6863      3.6702     -0.0955
    10         N          2.4014     -1.9767     -1.6632
    11         C          3.1287     -1.2875     -2.6210
    12         N          3.3176     -1.8940     -3.8579
    13         C          4.0173     -1.1914     -4.7773
    14         C          4.5349      0.0887     -4.5123
    15         C          4.2969      0.6350     -3.2437
    16         N          3.5971     -0.0247     -2.2872
    17         O          3.5701     -1.3506      0.5768
    18         H          4.6684      1.6297     -2.9656
    19         H          4.1623     -1.6802     -5.7502
    20         H          5.0996      0.6307     -5.2619
    21         H          2.0749     -2.9202     -1.9426
    22         H          2.0341      3.3723     -0.0004
    23         H         -0.5828     -0.9235      0.0159
    24         H          3.2198      1.2032      0.0011
    25         H         -1.6754      3.6404      0.0971
    26         H         -0.2322      4.5403      0.1279

 General Reference for PM6:
 "Optimization of Parameters for Semiempirical Methods V: Modification of NDDO Approximations
 and Application to 70 Elements", J. J. P. Stewart, J. Mol. Mod., 13, 1173-1213 (2007)
 URL: https://link.springer.com/article/10.1007/s00894-007-0233-4

           Empirical Formula: C10 H9 N4 O2 S  =    26 atoms



      MOLECULAR POINT GROUP   :   C1  


          UHF CALCULATION, NO. OF ALPHA ELECTRONS =   44
                           NO. OF BETA  ELECTRONS =   43

 -------------------------------------------------------------------------------
 PM6 1SCF COSWRT EPS=78.4
 FINAL HEAT OF FORMATION =     0.000000



     1SCF WAS SPECIFIED, SO BFGS WAS NOT USED                 
     SCF FIELD WAS ACHIEVED                                   


                              PM6 CALCULATION
                                                       MOPAC v23.1.2 Windows
                                                       Thu Apr 30 09:43:08 2026




          FINAL HEAT OF FORMATION =         13.23432 KCAL/MOL =      55.37238 KJ/MOL
          VAN DER WAALS AREA      =        249.47 SQUARE ANGSTROMS



          DIELECTRIC ENERGY       =         -1.18405 EV
          COSMO AREA              =        249.47 SQUARE ANGSTROMS
          COSMO VOLUME            =        269.21 CUBIC ANGSTROMS

          IONIZATION POTENTIAL    =          8.983491 EV
          ALPHA SOMO LUMO (EV)    =         -9.240 -0.456
          BETA  SOMO LUMO (EV)    =         -8.983 -0.683
          NO. OF ALPHA ELECTRONS  =         44
          NO. OF BETA  ELECTRONS  =         43
          MOLECULAR WEIGHT        =        249.2667         POINT GROUP:  C1  

          MOLECULAR DIMENSIONS (Angstroms)

            Atom       Atom       Distance
            H    25    H    19     9.82742
            H    20    O     8     6.45715
            O    17    H    23     3.47727


          SCF CALCULATIONS        =          2
 
          WALL-CLOCK TIME         =      0.062 SECONDS
          COMPUTATION TIME        =      0.328 SECONDS




  ATOM    CHEMICAL      BOND LENGTH      BOND ANGLE     TWIST ANGLE 
 NUMBER    SYMBOL       (ANGSTROMS)      (DEGREES)       (DEGREES) 
   (I)                     NA:I           NB:NA:I       NC:NB:NA:I       NA    NB    NC 
     1       C          0.00000000       0.0000000       0.0000000        0     0     0
     2       C          1.42032300  *    0.0000000       0.0000000        1     0     0
     3       C          1.40309900  *  119.9052120  *    0.0000000        2     1     0
     4       C          1.39894400  *  122.0130690  *    0.0970980  *     3     2     1
     5       C          1.42096600  *  119.7266770  *   -0.6607570  *     4     3     2
     6       C          1.38881800  *  113.3375470  *    0.9025410  *     5     4     3
     7       S          1.70171000  *  120.8753510  * -179.0215300  *     2     3     4
     8       O          1.44980300  *  110.1777110  *  159.4950870  *     7     2     3
     9       N          1.38780800  *  123.2852400  * -175.7281490  *     5     4     3
    10       N          1.76229900  *  105.8134230  *  -94.1234210  *     7     2     3
    11       C          1.38612400  *  124.5473400  *   64.4760360  *    10     7     2
    12       N          1.39041100  *  117.9773560  *  170.8276520  *    11    10     7
    13       C          1.35229400  *  116.6491240  *  179.2413330  *    12    11    10
    14       C          1.40595300  *  122.3689650  *    0.0143720  *    13    12    11
    15       C          1.40165200  *  117.5793150  *   -0.3087880  *    14    13    12
    16       N          1.35642900  *  122.4297260  *    0.0408430  *    15    14    13
    17       O          1.43729300  *  108.4564360  *  -55.6209980  *     7    10    11
    18       H          1.09760200  *  121.6705090  * -179.8910830  *    15    14    13
    19       H          1.09835300  *  121.5702740  *  179.8209080  *    13    14    15
    20       H          1.08378500  *  121.3024750  * -179.7877810  *    14    15    16
    21       H          1.03671800  *  115.5581890  *    1.8171160  *    10    11    12
    22       H          1.08525100  *  120.2070620  * -179.9050600  *     4     5     6
    23       H          1.09215500  *  122.2505190  *    0.1167900  *     1     2     7
    24       H          1.10003100  *  118.7612380  *  179.5035860  *     3     4     5
    25       H          1.00805600  *  118.5131840  * -167.1803130  *     9     5     4
    26       H          1.00660900  *  118.9545290  *  -18.4802840  *     9     5     4

                             CARTESIAN COORDINATES

   1    C        0.000000000     0.000000000     0.000000000
   2    C        1.420323000     0.000000000     0.000000000
   3    C        2.119861293     1.216278332     0.000000000
   4    C        1.461337297     2.450533744     0.002010233
   5    C        0.041009928     2.491373732    -0.010099046
   6    C       -0.545669709     1.232575782    -0.003016519
   7    S        2.250872745    -1.485092353     0.022466579
   8    O        1.376238617    -2.540108519     0.495631214
   9    N       -0.686347787     3.670218789    -0.095457868
  10    N        2.401409145    -1.976688512    -1.663169733
  11    C        3.128690467    -1.287525017    -2.621008602
  12    N        3.317559685    -1.893963025    -3.857861104
  13    C        4.017283905    -1.191367523    -4.777341740
  14    C        4.534887738     0.088695459    -4.512334435
  15    C        4.296917641     0.635023496    -3.243664171
  16    N        3.597053909    -0.024707737    -2.287188824
  17    O        3.570138703    -1.350569518     0.576769842
  18    H        4.668409753     1.629724560    -2.965646988
  19    H        4.162299402    -1.680192676    -5.750172551
  20    H        5.099573035     0.630735921    -5.261942718
  21    H        2.074947396    -2.920150182    -1.942610274
  22    H        2.034126955     3.372312316    -0.000440136
  23    H       -0.582798128    -0.923524516     0.015854118
  24    H        3.219814299     1.203228925     0.001139096
  25    H       -1.675393758     3.640416964     0.097095544
  26    H       -0.232156927     4.540327402     0.127887928


           Empirical Formula: C10 H9 N4 O2 S  =    26 atoms



      MOLECULAR POINT GROUP   :   C1  


          ALPHA EIGENVALUES  
 -33.98147 -32.83032 -32.42094 -30.85420 -30.16983 -29.99383 -29.21345 -26.64817
 -26.30382 -25.74273 -23.67260 -23.05852 -22.46580 -21.73644 -19.95787 -18.76752
 -18.31053 -18.00443 -17.72957 -16.75283 -16.50406 -16.27122 -15.69227 -15.49162
 -15.27069 -15.02615 -14.83769 -14.37560 -14.32457 -13.97425 -13.43691 -13.07813
 -12.61599 -12.47081 -12.33419 -12.23644 -12.07148 -12.01383 -11.93079 -10.56244
 -10.42261 -10.41454  -9.72195  -9.23956  -0.45635  -0.40670  -0.37157  -0.00144
   0.11898   1.78224   1.95873   2.04278   2.43916   2.47169   2.79248   3.09245
   3.47158   3.69631   3.75607   3.83709   4.03596   4.18099   4.25681   4.49621
   4.63366   4.83552   5.00779   5.11057   5.38676   5.41265   5.59796   5.67627
   5.88716   5.91278   5.97559   6.07176   6.81865   8.60711   8.63479   8.68511
   9.10905   9.52708


           BETA EIGENVALUES 
 -33.98125 -32.82931 -32.45282 -30.84980 -30.16983 -29.93479 -29.20937 -26.64788
 -26.23404 -25.62679 -23.66885 -23.05398 -22.41804 -21.59393 -19.83118 -18.75885
 -18.22891 -17.99593 -17.65836 -16.71172 -16.44091 -16.25555 -15.68481 -15.45531
 -15.19138 -14.99973 -14.77074 -14.34218 -14.28773 -13.92418 -13.15227 -13.00782
 -12.61336 -12.46644 -12.32616 -12.23523 -12.06355 -12.02828 -11.96535 -10.48890
 -10.19666  -9.71853  -8.98349  -0.68281  -0.45577  -0.44678  -0.35664   0.04536
   0.25663   1.84455   1.96596   2.17429   2.43235   2.47522   2.80216   3.13237
   3.51315   3.74687   3.81070   3.92654   4.13193   4.24120   4.34509   4.53858
   4.65727   4.90866   5.00840   5.26037   5.38778   5.41324   5.60305   5.70819
   5.87137   5.91339   5.97566   6.09258   6.80383   8.60870   8.63881   8.68746
   9.11369   9.53163


              NET ATOMIC CHARGES AND DIPOLE CONTRIBUTIONS

  ATOM NO.   TYPE          CHARGE      No. of ELECS.   s-Pop       p-Pop       d-Pop       
    1          C           0.076154        3.9238     1.09911     2.82474
    2          C          -0.732020        4.7320     1.14009     3.59193
    3          C           0.167605        3.8324     1.10401     2.72839
    4          C          -0.426026        4.4260     1.10952     3.31650
    5          C           0.323405        3.6766     1.07140     2.60520
    6          C          -0.229107        4.2291     1.19217     3.03693
    7          S           2.641062        3.3589     1.15693     1.84935     0.35266
    8          O          -0.995673        6.9957     1.87547     5.12020
    9          N          -0.461758        5.4618     1.47366     3.98810
   10          N          -0.794310        5.7943     1.58627     4.20804
   11          C           0.513733        3.4863     1.06878     2.41749
   12          N          -0.542918        5.5429     1.73464     3.80827
   13          C           0.192373        3.8076     1.11824     2.68938
   14          C          -0.456965        4.4570     1.11732     3.33964
   15          C           0.193912        3.8061     1.11779     2.68830
   16          N          -0.522427        5.5224     1.73536     3.78706
   17          O          -0.972605        6.9726     1.87126     5.10135
   18          H           0.183193        0.8168     0.81681
   19          H           0.182894        0.8171     0.81711
   20          H           0.207971        0.7920     0.79203
   21          H           0.341751        0.6582     0.65825
   22          H           0.196303        0.8037     0.80370
   23          H           0.179625        0.8204     0.82038
   24          H           0.161437        0.8386     0.83856
   25          H           0.285763        0.7142     0.71424
   26          H           0.286627        0.7134     0.71337
 DIPOLE           X         Y         Z       TOTAL
 POINT-CHG.    -2.599     8.976    -2.221     9.605
 HYBRID         0.066     0.372    -0.424     0.568
 SUM           -2.533     9.348    -2.645    10.040


          ATOMIC ORBITAL ELECTRON POPULATIONS

     Atom    s        px        py        pz      x^2-y^2     xz        z^2       yz        xy
    1  C   1.09911   0.92990   1.03290   0.86193
    2  C   1.14009   1.07480   1.12939   1.38775
    3  C   1.10401   1.04268   0.90249   0.78322
    4  C   1.10952   1.00132   1.08806   1.22713
    5  C   1.07140   0.91730   0.86783   0.82007
    6  C   1.19217   0.92896   0.97396   1.13401
    7  S   1.15693   0.62082   0.65044   0.57810   0.08221   0.06384   0.06898   0.03408   0.10356
    8  O   1.87547   1.68064   1.64292   1.79664
    9  N   1.47366   1.18303   1.12851   1.67656
   10  N   1.58627   1.58943   1.34231   1.27630
   11  C   1.06878   0.78490   0.81602   0.81657
   12  N   1.73464   1.31089   1.39436   1.10303
   13  C   1.11824   0.80273   0.90708   0.97957
   14  C   1.11732   1.17598   1.07413   1.08954
   15  C   1.11779   0.81524   0.99455   0.87851
   16  N   1.73536   1.26826   1.14004   1.37877
   17  O   1.87126   1.48908   1.84766   1.76461
   18  H   0.81681
   19  H   0.81711
   20  H   0.79203
   21  H   0.65825
   22  H   0.80370
   23  H   0.82038
   24  H   0.83856
   25  H   0.71424
   26  H   0.71337


                    (SZ)    =    0.500000
                    (S**2)  =    0.805836


          ATOMIC ORBITAL SPIN POPULATIONS

    Atom   Total    s     px     py     pz   x^2-y^2  xz     z^2    yz     xy
         Atomic
    1  C -0.1853 -0.005 -0.019 -0.019 -0.142
    2  C  0.1375  0.014  0.044  0.006  0.074
    3  C -0.0942 -0.003 -0.006 -0.007 -0.079
    4  C  0.1329  0.010  0.035  0.005  0.083
    5  C -0.0950 -0.008 -0.015 -0.002 -0.070
    6  C  1.1224  0.125  0.792  0.033  0.173
    7  S -0.0016 -0.000 -0.001 -0.001 -0.000  0.000  0.000 -0.000  0.000 -0.000
    8  O -0.0000  0.000  0.000 -0.000  0.000
    9  N -0.0376 -0.002 -0.000  0.002 -0.037
   10  N  0.0009  0.000  0.000  0.000  0.000
   11  C  0.0000 -0.000  0.000  0.000  0.000
   12  N -0.0001  0.000 -0.000 -0.000 -0.000
   13  C  0.0001  0.000  0.000  0.000  0.000
   14  C -0.0001 -0.000 -0.000 -0.000 -0.000
   15  C  0.0000 -0.000  0.000 -0.000 -0.000
   16  N -0.0001 -0.000 -0.000  0.000 -0.000
   17  O  0.0018  0.000  0.001  0.000  0.000
   18  H  0.0000  0.000
   19  H  0.0000  0.000
   20  H  0.0000  0.000
   21  H  0.0001  0.000
   22  H -0.0014 -0.001
   23  H  0.0135  0.014
   24  H  0.0046  0.005
   25  H  0.0017  0.002
   26  H -0.0002 -0.000

 **********************
 *                    *
 * JOB ENDED NORMALLY *
 *                    *
 **********************



 TOTAL JOB TIME:             0.09 SECONDS

 == MOPAC DONE ==
