 *******************************************************************************
 **                                                                           **
 **                              MOPAC v23.1.2                                **
 **                                                                           **
 *******************************************************************************
 **          Digital Object Identifier (DOI): 10.5281/zenodo.6511958          **
 **    Visit the DOI location for information on how to cite this program.    **
 *******************************************************************************

                              PM6 CALCULATION RESULTS

 *******************************************************************************
 *  CALCULATION DONE: (MAX THREADS = 12)             Thu Apr 30 09:38:15 2026  *
 *  PM6        - The PM6 Hamiltonian to be used
 *  1SCF       - DO 1 SCF AND THEN STOP 
 *  T=         - A TIME OF 172800.0 SECONDS REQUESTED
 *  DUMP=N     - RESTART FILE WRITTEN EVERY 7200.0 SECONDS REQUESTED
 *  SUPER      - PRINT SUPERDELOCALIZABILITIES
 *******************************************************************************
PM6 1SCF SUPER
 FINAL HEAT OF FORMATION =     0.000000

  ATOM    CHEMICAL      BOND LENGTH      BOND ANGLE     TWIST ANGLE 
 NUMBER    SYMBOL       (ANGSTROMS)      (DEGREES)       (DEGREES) 
   (I)                     NA:I           NB:NA:I       NC:NB:NA:I       NA    NB    NC 
     1       C          0.00000000       0.0000000       0.0000000        0     0     0
     2       C          1.42032300  *    0.0000000       0.0000000        1     0     0
     3       C          1.40309900  *  119.9052120  *    0.0000000        2     1     0
     4       C          1.39894400  *  122.0130690  *    0.0970980  *     3     2     1
     5       C          1.42096600  *  119.7266770  *   -0.6607570  *     4     3     2
     6       C          1.38881800  *  113.3375470  *    0.9025410  *     5     4     3
     7       S          1.70171000  *  120.8753510  * -179.0215300  *     2     3     4
     8       O          1.44980300  *  110.1777110  *  159.4950870  *     7     2     3
     9       N          1.38780800  *  123.2852400  * -175.7281490  *     5     4     3
    10       N          1.76229900  *  105.8134230  *  -94.1234210  *     7     2     3
    11       C          1.38612400  *  124.5473400  *   64.4760360  *    10     7     2
    12       N          1.39041100  *  117.9773560  *  170.8276520  *    11    10     7
    13       C          1.35229400  *  116.6491240  *  179.2413330  *    12    11    10
    14       C          1.40595300  *  122.3689650  *    0.0143720  *    13    12    11
    15       C          1.40165200  *  117.5793150  *   -0.3087880  *    14    13    12
    16       N          1.35642900  *  122.4297260  *    0.0408430  *    15    14    13
    17       O          1.43729300  *  108.4564360  *  -55.6209980  *     7    10    11
    18       H          1.09760200  *  121.6705090  * -179.8910830  *    15    14    13
    19       H          1.09835300  *  121.5702740  *  179.8209080  *    13    14    15
    20       H          1.08378500  *  121.3024750  * -179.7877810  *    14    15    16
    21       H          1.03671800  *  115.5581890  *    1.8171160  *    10    11    12
    22       H          1.08525100  *  120.2070620  * -179.9050600  *     4     5     6
    23       H          1.09215500  *  122.2505190  *    0.1167900  *     1     2     7
    24       H          1.10003100  *  118.7612380  *  179.5035860  *     3     4     5
    25       H          1.00805600  *  118.5131840  * -167.1803130  *     9     5     4
    26       H          1.00660900  *  118.9545290  *  -18.4802840  *     9     5     4
 


          CARTESIAN COORDINATES 

    NO.       ATOM           X           Y           Z

     1         C          0.0000      0.0000      0.0000
     2         C          1.4203      0.0000      0.0000
     3         C          2.1199      1.2163      0.0000
     4         C          1.4613      2.4505      0.0020
     5         C          0.0410      2.4914     -0.0101
     6         C         -0.5457      1.2326     -0.0030
     7         S          2.2509     -1.4851      0.0225
     8         O          1.3762     -2.5401      0.4956
     9         N         -0.6863      3.6702     -0.0955
    10         N          2.4014     -1.9767     -1.6632
    11         C          3.1287     -1.2875     -2.6210
    12         N          3.3176     -1.8940     -3.8579
    13         C          4.0173     -1.1914     -4.7773
    14         C          4.5349      0.0887     -4.5123
    15         C          4.2969      0.6350     -3.2437
    16         N          3.5971     -0.0247     -2.2872
    17         O          3.5701     -1.3506      0.5768
    18         H          4.6684      1.6297     -2.9656
    19         H          4.1623     -1.6802     -5.7502
    20         H          5.0996      0.6307     -5.2619
    21         H          2.0749     -2.9202     -1.9426
    22         H          2.0341      3.3723     -0.0004
    23         H         -0.5828     -0.9235      0.0159
    24         H          3.2198      1.2032      0.0011
    25         H         -1.6754      3.6404      0.0971
    26         H         -0.2322      4.5403      0.1279

 General Reference for PM6:
 "Optimization of Parameters for Semiempirical Methods V: Modification of NDDO Approximations
 and Application to 70 Elements", J. J. P. Stewart, J. Mol. Mod., 13, 1173-1213 (2007)
 URL: https://link.springer.com/article/10.1007/s00894-007-0233-4

           Empirical Formula: C10 H9 N4 O2 S  =    26 atoms



      MOLECULAR POINT GROUP   :   C1  


          UHF CALCULATION, NO. OF ALPHA ELECTRONS =   44
                           NO. OF BETA  ELECTRONS =   43

 -------------------------------------------------------------------------------
 PM6 1SCF SUPER
 FINAL HEAT OF FORMATION =     0.000000



     1SCF WAS SPECIFIED, SO BFGS WAS NOT USED                 
     SCF FIELD WAS ACHIEVED                                   


                              PM6 CALCULATION
                                                       MOPAC v23.1.2 Windows
                                                       Thu Apr 30 09:38:15 2026




          FINAL HEAT OF FORMATION =         37.31545 KCAL/MOL =     156.12784 KJ/MOL


          COSMO AREA              =        249.47 SQUARE ANGSTROMS
          COSMO VOLUME            =        269.21 CUBIC ANGSTROMS

          IONIZATION POTENTIAL    =          9.196996 EV
          ALPHA SOMO LUMO (EV)    =         -9.456 -0.489
          BETA  SOMO LUMO (EV)    =         -9.197 -0.802
          NO. OF ALPHA ELECTRONS  =         44
          NO. OF BETA  ELECTRONS  =         43
          MOLECULAR WEIGHT        =        249.2667         POINT GROUP:  C1  

          MOLECULAR DIMENSIONS (Angstroms)

            Atom       Atom       Distance
            H    25    H    19     9.82742
            H    20    O     8     6.45715
            O    17    H    23     3.47727


          SCF CALCULATIONS        =          1
 
          WALL-CLOCK TIME         =      0.051 SECONDS
          COMPUTATION TIME        =      0.187 SECONDS




  ATOM    CHEMICAL      BOND LENGTH      BOND ANGLE     TWIST ANGLE 
 NUMBER    SYMBOL       (ANGSTROMS)      (DEGREES)       (DEGREES) 
   (I)                     NA:I           NB:NA:I       NC:NB:NA:I       NA    NB    NC 
     1       C          0.00000000       0.0000000       0.0000000        0     0     0
     2       C          1.42032300  *    0.0000000       0.0000000        1     0     0
     3       C          1.40309900  *  119.9052120  *    0.0000000        2     1     0
     4       C          1.39894400  *  122.0130690  *    0.0970980  *     3     2     1
     5       C          1.42096600  *  119.7266770  *   -0.6607570  *     4     3     2
     6       C          1.38881800  *  113.3375470  *    0.9025410  *     5     4     3
     7       S          1.70171000  *  120.8753510  * -179.0215300  *     2     3     4
     8       O          1.44980300  *  110.1777110  *  159.4950870  *     7     2     3
     9       N          1.38780800  *  123.2852400  * -175.7281490  *     5     4     3
    10       N          1.76229900  *  105.8134230  *  -94.1234210  *     7     2     3
    11       C          1.38612400  *  124.5473400  *   64.4760360  *    10     7     2
    12       N          1.39041100  *  117.9773560  *  170.8276520  *    11    10     7
    13       C          1.35229400  *  116.6491240  *  179.2413330  *    12    11    10
    14       C          1.40595300  *  122.3689650  *    0.0143720  *    13    12    11
    15       C          1.40165200  *  117.5793150  *   -0.3087880  *    14    13    12
    16       N          1.35642900  *  122.4297260  *    0.0408430  *    15    14    13
    17       O          1.43729300  *  108.4564360  *  -55.6209980  *     7    10    11
    18       H          1.09760200  *  121.6705090  * -179.8910830  *    15    14    13
    19       H          1.09835300  *  121.5702740  *  179.8209080  *    13    14    15
    20       H          1.08378500  *  121.3024750  * -179.7877810  *    14    15    16
    21       H          1.03671800  *  115.5581890  *    1.8171160  *    10    11    12
    22       H          1.08525100  *  120.2070620  * -179.9050600  *     4     5     6
    23       H          1.09215500  *  122.2505190  *    0.1167900  *     1     2     7
    24       H          1.10003100  *  118.7612380  *  179.5035860  *     3     4     5
    25       H          1.00805600  *  118.5131840  * -167.1803130  *     9     5     4
    26       H          1.00660900  *  118.9545290  *  -18.4802840  *     9     5     4

                             CARTESIAN COORDINATES

   1    C        0.000000000     0.000000000     0.000000000
   2    C        1.420323000     0.000000000     0.000000000
   3    C        2.119861293     1.216278332     0.000000000
   4    C        1.461337297     2.450533744     0.002010233
   5    C        0.041009928     2.491373732    -0.010099046
   6    C       -0.545669709     1.232575782    -0.003016519
   7    S        2.250872745    -1.485092353     0.022466579
   8    O        1.376238617    -2.540108519     0.495631214
   9    N       -0.686347787     3.670218789    -0.095457868
  10    N        2.401409145    -1.976688512    -1.663169733
  11    C        3.128690467    -1.287525017    -2.621008602
  12    N        3.317559685    -1.893963025    -3.857861104
  13    C        4.017283905    -1.191367523    -4.777341740
  14    C        4.534887738     0.088695459    -4.512334435
  15    C        4.296917641     0.635023496    -3.243664171
  16    N        3.597053909    -0.024707737    -2.287188824
  17    O        3.570138703    -1.350569518     0.576769842
  18    H        4.668409753     1.629724560    -2.965646988
  19    H        4.162299402    -1.680192676    -5.750172551
  20    H        5.099573035     0.630735921    -5.261942718
  21    H        2.074947396    -2.920150182    -1.942610274
  22    H        2.034126955     3.372312316    -0.000440136
  23    H       -0.582798128    -0.923524516     0.015854118
  24    H        3.219814299     1.203228925     0.001139096
  25    H       -1.675393758     3.640416964     0.097095544
  26    H       -0.232156927     4.540327402     0.127887928


           Empirical Formula: C10 H9 N4 O2 S  =    26 atoms



      MOLECULAR POINT GROUP   :   C1  


          ALPHA EIGENVALUES  
 -33.75163 -32.91988 -32.55456 -30.60901 -30.07609 -29.91146 -28.68937 -26.57133
 -26.43850 -25.83232 -23.58549 -22.91651 -22.52380 -21.90940 -19.84818 -18.69434
 -18.54525 -18.17556 -17.88541 -16.70771 -16.37949 -15.87325 -15.64935 -15.46005
 -15.36745 -14.96654 -14.50892 -14.31625 -14.27922 -13.93452 -13.48677 -12.49994
 -12.32901 -12.05881 -11.93224 -11.77615 -11.68562 -11.60127 -11.50671 -10.61913
 -10.50877 -10.17514  -9.57327  -9.45601  -0.48948  -0.32328  -0.27467   0.01212
   0.25406   1.78641   1.92082   2.11204   2.14835   2.65663   2.99698   3.29321
   3.54491   3.70988   3.77728   3.86159   3.99965   4.18318   4.35745   4.48499
   4.68906   4.78480   4.89718   4.98171   5.31617   5.35314   5.43245   5.44928
   5.54678   5.75451   5.82662   5.98752   6.07402   9.03176   9.04550   9.09992
   9.56366   9.93895


           BETA EIGENVALUES 
 -33.75135 -32.96035 -32.55358 -30.59729 -30.02167 -29.91134 -28.68385 -26.56938
 -26.36984 -25.71587 -23.58209 -22.90781 -22.47476 -21.76920 -19.73228 -18.67985
 -18.51384 -18.12659 -17.79479 -16.68013 -16.31090 -15.85491 -15.56938 -15.45079
 -15.25018 -14.95959 -14.46728 -14.31038 -14.25499 -13.85672 -13.19282 -12.52597
 -12.36461 -12.08105 -11.92982 -11.77515 -11.67074 -11.54232 -11.50029 -10.32988
 -10.15655  -9.54638  -9.19700  -0.80159  -0.48890  -0.32250  -0.27091   0.12275
   0.30536   1.86429   1.99897   2.11403   2.18617   2.65993   3.00531   3.39547
   3.67256   3.76305   3.78231   3.93927   4.08145   4.19987   4.42498   4.54612
   4.72509   4.79453   4.98024   4.99466   5.31641   5.39000   5.44332   5.46705
   5.56520   5.76962   5.82668   5.98858   6.06570   9.03461   9.04664   9.10401
   9.56876   9.94305

           SUPERDELOCALIZABILITIES

 Mulliken electronegativity:        9.514643
 Parr & Pople absolute hardness:    0.058632
 Schuurmann MO shift alpha:        -9.514643
 
 Ehomo:                            -9.573275
 Elumo:                            -9.456011


  a   n        Dn(r)        De(r)   q(r) - Z(r)

  C   1    -0.447223    -0.856553    -3.732034
  C   2    -7.044970    -3.354599    -4.464288
  C   3    -0.353530    -0.871708    -3.722622
  C   4    -5.591438    -2.987535    -4.251330
  C   5    -1.334558    -0.839409    -3.513021
  C   6    -3.396028    -3.784872    -5.150954
  S   7    -0.942863    -0.567671    -3.445956
  O   8    -0.431342    -0.182072    -0.259150
  N   9    -0.286972    -1.437515    -5.257189
  N  10    -0.518642    -1.215351    -5.508903
  C  11   -11.056809   -10.701487    -5.546569
  N  12    -0.779895    -2.709158    -3.930061
  C  13    -1.221460    -4.925893    -5.145288
  C  14    -0.670222    -1.671723    -3.907859
  C  15    -2.729827    -7.884743    -4.213664
  N  16    -0.724360    -2.355531    -4.001270
  O  17    -1.153568    -4.289517    -4.957112

 Total:   -38.683707   -50.635337

  a   n        piS(r)

  C   1    -0.204564
  C   2    -0.760071
  C   3    -0.203264
  C   4    -0.660595
  C   5    -0.203326
  C   6    -0.420963
  S   7    -0.178587
  O   8    -0.108451
  N   9    -0.960474
  N  10    -0.629168
  C  11    -0.196599
  N  12    -0.274449
  C  13    -0.202704
  C  14    -0.578888
  C  15    -0.204557
  N  16    -0.270114
  O  17    -0.110820

 Total:    -6.167596

  a   n       homo-1         homo         lumo       lumo+1

  C   1     0.208594     0.032886     0.309586    21.732118
  C   2     0.099647     6.984970    19.917690    14.814753
  C   3     0.606796     0.019351     0.036508     7.996080
  C   4     1.414014     5.341043    15.620806     4.195439
  C   5     0.010610     0.897572     2.828481    37.641472
  C   6     0.403425     4.004975     9.340543     0.107009
  S   7     0.076568     0.342365     0.095802     1.931344
  O   8     0.031061     0.262651     0.033218     0.165131
  N   9     0.032152     0.329951     0.351601     0.012512
  N  10     0.079830     0.479710     0.994325     0.948875
  C  11     0.304523    28.545188    31.978608     8.754493
  N  12     3.849658     5.942754     1.296187     0.381545
  C  13    36.912991     8.695474     2.897181     0.084739
  C  14     7.223698     2.482539     1.005117     0.045932
  C  15     4.672488    20.880102     7.171533     0.027690
  N  16     3.924519     4.603711     1.181419     0.020344
  O  17    16.661307     8.879515     2.679483     0.008836


              NET ATOMIC CHARGES AND DIPOLE CONTRIBUTIONS

  ATOM NO.   TYPE          CHARGE      No. of ELECS.   s-Pop       p-Pop       d-Pop       
    1          C           0.062176        3.9378     1.09900     2.83883
    2          C          -0.693530        4.6935     1.14641     3.54712
    3          C           0.152419        3.8476     1.10438     2.74320
    4          C          -0.399842        4.3998     1.10678     3.29306
    5          C           0.303350        3.6967     1.06861     2.62804
    6          C          -0.199751        4.1998     1.19131     3.00844
    7          S           2.549489        3.4505     1.17842     1.90432     0.36777
    8          O          -0.931340        6.9313     1.88006     5.05128
    9          N          -0.472236        5.4722     1.46824     4.00400
   10          N          -0.785614        5.7856     1.58791     4.19770
   11          C           0.501019        3.4990     1.07092     2.42806
   12          N          -0.467176        5.4672     1.73373     3.73345
   13          C           0.176451        3.8235     1.11417     2.70938
   14          C          -0.461368        4.4614     1.11312     3.34825
   15          C           0.179061        3.8209     1.11179     2.70915
   16          N          -0.497142        5.4971     1.73349     3.76366
   17          O          -0.891217        6.8912     1.87647     5.01475
   18          H           0.160128        0.8399     0.83987
   19          H           0.164099        0.8359     0.83590
   20          H           0.190606        0.8094     0.80939
   21          H           0.321757        0.6782     0.67824
   22          H           0.177720        0.8223     0.82228
   23          H           0.175160        0.8248     0.82484
   24          H           0.164568        0.8354     0.83543
   25          H           0.263115        0.7369     0.73689
   26          H           0.258098        0.7419     0.74190
 DIPOLE           X         Y         Z       TOTAL
 POINT-CHG.    -2.104     6.550    -1.300     7.002
 HYBRID         0.025     0.634    -0.595     0.870
 SUM           -2.078     7.184    -1.895     7.715


          ATOMIC ORBITAL ELECTRON POPULATIONS

     Atom    s        px        py        pz      x^2-y^2     xz        z^2       yz        xy
    1  C   1.09900   0.93619   1.03015   0.87248
    2  C   1.14641   1.07008   1.13959   1.33744
    3  C   1.10438   1.04618   0.90428   0.79273
    4  C   1.10678   0.99603   1.08136   1.21567
    5  C   1.06861   0.91789   0.86325   0.84690
    6  C   1.19131   0.92715   0.96888   1.11241
    7  S   1.17842   0.64284   0.66360   0.59788   0.08643   0.06748   0.07049   0.03466   0.10871
    8  O   1.88006   1.66363   1.61245   1.77521
    9  N   1.46824   1.16368   1.12198   1.71834
   10  N   1.58791   1.58859   1.32951   1.27960
   11  C   1.07092   0.78871   0.81646   0.82289
   12  N   1.73373   1.27400   1.37262   1.08683
   13  C   1.11417   0.82158   0.90538   0.98242
   14  C   1.11312   1.18332   1.07820   1.08673
   15  C   1.11179   0.83616   0.99025   0.88274
   16  N   1.73349   1.25368   1.14087   1.36910
   17  O   1.87647   1.44731   1.83068   1.73676
   18  H   0.83987
   19  H   0.83590
   20  H   0.80939
   21  H   0.67824
   22  H   0.82228
   23  H   0.82484
   24  H   0.83543
   25  H   0.73689
   26  H   0.74190


                    (SZ)    =    0.500000
                    (S**2)  =    0.823873


          ATOMIC ORBITAL SPIN POPULATIONS

    Atom   Total    s     px     py     pz   x^2-y^2  xz     z^2    yz     xy
         Atomic
    1  C -0.1994 -0.006 -0.020 -0.020 -0.154
    2  C  0.1689  0.015  0.046  0.007  0.101
    3  C -0.1240 -0.004 -0.007 -0.009 -0.104
    4  C  0.1636  0.011  0.036  0.007  0.110
    5  C -0.1269 -0.009 -0.017 -0.002 -0.099
    6  C  1.1378  0.126  0.791  0.034  0.187
    7  S -0.0026 -0.001 -0.001 -0.001 -0.000  0.000  0.000 -0.000  0.000 -0.000
    8  O  0.0000  0.000  0.000 -0.001  0.000
    9  N -0.0393 -0.002 -0.000  0.002 -0.039
   10  N  0.0010  0.000  0.000  0.000  0.000
   11  C -0.0001 -0.000 -0.000 -0.000 -0.000
   12  N  0.0000  0.000  0.000 -0.000  0.000
   13  C -0.0000 -0.000 -0.000 -0.000 -0.000
   14  C  0.0000  0.000  0.000  0.000  0.000
   15  C -0.0001 -0.000 -0.000 -0.000 -0.000
   16  N -0.0000 -0.000  0.000  0.000  0.000
   17  O  0.0021  0.000  0.001  0.000  0.001
   18  H  0.0000  0.000
   19  H  0.0000  0.000
   20  H -0.0000 -0.000
   21  H  0.0001  0.000
   22  H -0.0022 -0.002
   23  H  0.0140  0.014
   24  H  0.0056  0.006
   25  H  0.0018  0.002
   26  H -0.0004 -0.000

 **********************
 *                    *
 * JOB ENDED NORMALLY *
 *                    *
 **********************



 TOTAL JOB TIME:             0.07 SECONDS

 == MOPAC DONE ==
