 *******************************************************************************
 **                                                                           **
 **                              MOPAC v23.1.2                                **
 **                                                                           **
 *******************************************************************************
 **          Digital Object Identifier (DOI): 10.5281/zenodo.6511958          **
 **    Visit the DOI location for information on how to cite this program.    **
 *******************************************************************************

                              PM6 CALCULATION RESULTS

 *******************************************************************************
 *  CALCULATION DONE: (MAX THREADS = 12)             Thu Apr 30 10:00:17 2026  *
 *  PM6        - The PM6 Hamiltonian to be used
 *  COSWRT
 *  EPS=78.4   - USE ANDREAS KLAMT'S COSMO IMPLICIT SOLVATION MODEL
 *  1SCF       - DO 1 SCF AND THEN STOP 
 *  T=         - A TIME OF 172800.0 SECONDS REQUESTED
 *  DUMP=N     - RESTART FILE WRITTEN EVERY 7200.0 SECONDS REQUESTED
 *******************************************************************************
PM6 1SCF COSWRT EPS=78.4
 FINAL HEAT OF FORMATION =     0.000000

  ATOM    CHEMICAL      BOND LENGTH      BOND ANGLE     TWIST ANGLE 
 NUMBER    SYMBOL       (ANGSTROMS)      (DEGREES)       (DEGREES) 
   (I)                     NA:I           NB:NA:I       NC:NB:NA:I       NA    NB    NC 
     1       C          0.00000000       0.0000000       0.0000000        0     0     0
     2       C          1.39755900  *    0.0000000       0.0000000        1     0     0
     3       C          1.39754900  *  118.8484120  *    0.0000000        2     1     0
     4       C          1.40301000  *  121.0278320  *   -0.0000750  *     3     2     1
     5       C          1.40226800  *  119.5611110  *   -0.0004060  *     4     3     2
     6       C          1.40229800  *  119.9754330  *    0.0022140  *     5     4     3
     7      Cl          1.70887600  *  119.4741360  *  179.9996490  *     3     2     1
     8      Cl          1.70130600  *  120.3365940  * -179.9954680  *     4     3     2
     9      Cl          1.70196100  *  120.0136490  *  179.9974820  *     5     4     3
    10      Cl          1.70130200  *  120.0998310  *  179.9935460  *     6     5     4
    11      Cl          1.70885300  *  119.4759830  * -179.9943390  *     1     2     3
    12       H          1.09392300  *  120.5747380  *  179.9999240  *     2     3     4
 


          CARTESIAN COORDINATES 

    NO.       ATOM           X           Y           Z

     1         C          0.0000      0.0000      0.0000
     2         C          1.3976      0.0000      0.0000
     3         C          2.0719      1.2241      0.0000
     4         C          1.3677      2.4376     -0.0000
     5         C         -0.0345      2.4239     -0.0000
     6         C         -0.7231      1.2023      0.0000
     7        Cl          3.7806      1.2428      0.0000
     8        Cl          2.2065      3.9178     -0.0001
     9        Cl         -0.9002      3.8892      0.0001
    10        Cl         -2.4243      1.1819      0.0002
    11        Cl         -0.8409     -1.4877      0.0001
    12         H          1.9540     -0.9418     -0.0000

 General Reference for PM6:
 "Optimization of Parameters for Semiempirical Methods V: Modification of NDDO Approximations
 and Application to 70 Elements", J. J. P. Stewart, J. Mol. Mod., 13, 1173-1213 (2007)
 URL: https://link.springer.com/article/10.1007/s00894-007-0233-4

           Empirical Formula: C6 H Cl5  =    12 atoms



      MOLECULAR POINT GROUP   :   C2v 


      RHF CALCULATION, NO. OF DOUBLY OCCUPIED LEVELS = 30


 -------------------------------------------------------------------------------
 PM6 1SCF COSWRT EPS=78.4
 FINAL HEAT OF FORMATION =     0.000000



     1SCF WAS SPECIFIED, SO BFGS WAS NOT USED                 
     SCF FIELD WAS ACHIEVED                                   


                              PM6 CALCULATION
                                                       MOPAC v23.1.2 Windows
                                                       Thu Apr 30 10:00:17 2026




          FINAL HEAT OF FORMATION =        -10.29210 KCAL/MOL =     -43.06213 KJ/MOL
          VAN DER WAALS AREA      =        204.54 SQUARE ANGSTROMS



          DIELECTRIC ENERGY       =         -0.09806 EV
          COSMO AREA              =        204.54 SQUARE ANGSTROMS
          COSMO VOLUME            =        216.25 CUBIC ANGSTROMS

          IONIZATION POTENTIAL    =          9.713135 EV
          HOMO LUMO ENERGIES (EV) =         -9.713 -1.182
          NO. OF FILLED LEVELS    =         30
          MOLECULAR WEIGHT        =        250.3389         POINT GROUP:  C2v 

          MOLECULAR DIMENSIONS (Angstroms)

            Atom       Atom       Distance
           Cl    11   Cl     8     6.20528
           Cl     9   Cl     7     5.37716
           Cl     9    C     1     0.00016


          SCF CALCULATIONS        =          2
 
          WALL-CLOCK TIME         =      0.039 SECONDS
          COMPUTATION TIME        =      0.109 SECONDS




  ATOM    CHEMICAL      BOND LENGTH      BOND ANGLE     TWIST ANGLE 
 NUMBER    SYMBOL       (ANGSTROMS)      (DEGREES)       (DEGREES) 
   (I)                     NA:I           NB:NA:I       NC:NB:NA:I       NA    NB    NC 
     1       C          0.00000000       0.0000000       0.0000000        0     0     0
     2       C          1.39755900  *    0.0000000       0.0000000        1     0     0
     3       C          1.39754900  *  118.8484120  *    0.0000000        2     1     0
     4       C          1.40301000  *  121.0278320  *   -0.0000750  *     3     2     1
     5       C          1.40226800  *  119.5611110  *   -0.0004060  *     4     3     2
     6       C          1.40229800  *  119.9754330  *    0.0022140  *     5     4     3
     7      Cl          1.70887600  *  119.4741360  *  179.9996490  *     3     2     1
     8      Cl          1.70130600  *  120.3365940  * -179.9954680  *     4     3     2
     9      Cl          1.70196100  *  120.0136490  *  179.9974820  *     5     4     3
    10      Cl          1.70130200  *  120.0998310  *  179.9935460  *     6     5     4
    11      Cl          1.70885300  *  119.4759830  * -179.9943390  *     1     2     3
    12       H          1.09392300  *  120.5747380  *  179.9999240  *     2     3     4

                             CARTESIAN COORDINATES

   1    C        0.000000000     0.000000000     0.000000000
   2    C        1.397559000     0.000000000     0.000000000
   3    C        2.071867918     1.224112205     0.000000000
   4    C        1.367740126     2.437636458    -0.000001574
   5    C       -0.034460262     2.423866397    -0.000011816
   6    C       -0.723126272     1.202318687     0.000026540
   7   Cl        3.780642013     1.242774373     0.000009114
   8   Cl        2.206527786     3.917797717    -0.000117691
   9   Cl       -0.900222706     3.889174089     0.000050938
  10   Cl       -2.424305953     1.181918589     0.000180045
  11   Cl       -0.840855960    -1.487662532     0.000146986
  12    H        1.954030625    -0.941810416    -0.000000016


           Empirical Formula: C6 H Cl5  =    12 atoms



      MOLECULAR POINT GROUP   :   C2v 


                  EIGENVALUES  
 -31.73091 -28.87797 -28.63947 -27.13867 -26.88259 -26.58036 -25.32097 -24.79799
 -22.36821 -21.91643 -18.46911 -17.87787 -16.80453 -15.93442 -15.87386 -15.83169
 -14.10704 -14.02935 -13.69900 -13.27706 -12.22760 -12.08660 -11.84908 -11.79637
 -11.63021 -11.52362 -11.22571 -11.18132  -9.98222  -9.71314  -1.18212  -1.10143
  -0.27286  -0.04547   0.17586   0.45207   0.70215   1.12148   3.05441   3.10612
   3.14619   3.30557   3.51408   4.00006   5.30621  85.57153  85.68642  85.96844
  86.03228  86.06755  86.18081  86.23896  86.30115  86.44647  86.53355  86.69597
  86.88556  86.95605  86.97188  87.05129  87.06883  87.14177  87.17025  87.41943
  87.44237  87.70857  87.85030  87.92831  88.19513  88.25173


              NET ATOMIC CHARGES AND DIPOLE CONTRIBUTIONS

  ATOM NO.   TYPE          CHARGE      No. of ELECS.   s-Pop       p-Pop       d-Pop       
    1          C           0.042786        3.9572     1.09876     2.85846
    2          C          -0.167517        4.1675     1.11240     3.05511
    3          C           0.042849        3.9572     1.09874     2.85841
    4          C          -0.038189        4.0382     1.09809     2.94009
    5          C           0.013404        3.9866     1.09671     2.88988
    6          C          -0.038102        4.0381     1.09812     2.93999
    7         Cl          -0.028267        7.0283     1.98886     5.03204     0.00737
    8         Cl          -0.005185        7.0052     1.98842     5.00906     0.00771
    9         Cl          -0.004911        7.0049     1.98860     5.00859     0.00772
   10         Cl          -0.004965        7.0050     1.98842     5.00883     0.00771
   11         Cl          -0.028163        7.0282     1.98886     5.03193     0.00737
   12          H           0.216260        0.7837     0.78374
 DIPOLE           X         Y         Z       TOTAL
 POINT-CHG.     0.835    -1.422    -0.000     1.650
 HYBRID        -0.153     0.259    -0.000     0.301
 SUM            0.683    -1.163    -0.000     1.349


          ATOMIC ORBITAL ELECTRON POPULATIONS

     Atom    s        px        py        pz      x^2-y^2     xz        z^2       yz        xy
    1  C   1.09876   0.94864   0.88997   1.01985
    2  C   1.11240   0.98354   1.06192   1.00965
    3  C   1.09874   0.87954   0.95900   1.01987
    4  C   1.09809   0.94591   0.91662   1.07757
    5  C   1.09671   0.93881   0.90834   1.04274
    6  C   1.09812   0.89785   0.96473   1.07740
    7 Cl   1.98886   1.09691   1.98538   1.94975   0.00307   0.00100   0.00130   0.00006   0.00194
    8 Cl   1.98842   1.76215   1.29670   1.95021   0.00233   0.00033   0.00133   0.00081   0.00290
    9 Cl   1.98860   1.74897   1.31210   1.94752   0.00230   0.00034   0.00133   0.00079   0.00295
   10 Cl   1.98842   1.07539   1.98328   1.95016   0.00323   0.00104   0.00133   0.00011   0.00201
   11 Cl   1.98886   1.77215   1.31006   1.94973   0.00216   0.00028   0.00130   0.00078   0.00285
   12  H   0.78374

 **********************
 *                    *
 * JOB ENDED NORMALLY *
 *                    *
 **********************



 TOTAL JOB TIME:             0.06 SECONDS

 == MOPAC DONE ==
