 *******************************************************************************
 **                                                                           **
 **                              MOPAC v23.1.2                                **
 **                                                                           **
 *******************************************************************************
 **          Digital Object Identifier (DOI): 10.5281/zenodo.6511958          **
 **    Visit the DOI location for information on how to cite this program.    **
 *******************************************************************************

                              PM6 CALCULATION RESULTS

 *******************************************************************************
 *  CALCULATION DONE: (MAX THREADS = 12)             Thu Apr 30 09:08:43 2026  *
 *  PM6        - The PM6 Hamiltonian to be used
 *  PRECISE    - TIGHTER CRITERIA TO BE USED
 *  T=         - A TIME OF 172800.0 SECONDS REQUESTED
 *  DUMP=N     - RESTART FILE WRITTEN EVERY 7200.0 SECONDS REQUESTED
 *******************************************************************************
PM6 PRECISE


   ATOM   CHEMICAL          X               Y               Z
  NUMBER   SYMBOL      (ANGSTROMS)     (ANGSTROMS)     (ANGSTROMS)
 
     1       C          3.66662000  *   0.70271000  *   0.02522000  *
     2       C          3.66529000  *  -0.70578000  *   0.04306000  *
     3       C          2.46748000  *  -1.42743000  *   0.02062000  *
     4       C          1.28513000  *  -0.71247000  *  -0.01040000  *
     5       C          1.28625000  *   0.71152000  *  -0.01767000  *
     6       C          2.46977000  *   1.42537000  *  -0.00760000  *
     7       C         -0.10625000  *   1.14033000  *  -0.01203000  *
     8       C         -0.71237000  *   2.38301000  *   0.00793000  *
     9       C         -2.11735000  *   2.44365000  *   0.03386000  *
    10       C         -2.90496000  *   1.27067000  *   0.03884000  *
    11       C         -2.29170000  *   0.00318000  *   0.01987000  *
    12       C         -0.89957000  *   0.00087000  *  -0.00607000  *
    13       C         -0.10782000  *  -1.13842000  *  -0.01127000  *
    14       C         -0.71661000  *  -2.38080000  *  -0.00630000  *
    15       C         -2.12187000  *  -2.43818000  *   0.01767000  *
    16       C         -2.90733000  *  -1.26466000  *   0.03344000  *
    17       H          4.61482000  *   1.23566000  *   0.04434000  *
    18       H          4.61280000  *  -1.23962000  *   0.07987000  *
    19       H          2.47310000  *  -2.51134000  *   0.03906000  *
    20       H          2.47690000  *   2.50950000  *  -0.01533000  *
    21       H         -0.12394000  *   3.29472000  *   0.01206000  *
    22       H         -2.60911000  *   3.41351000  *   0.05569000  *
    23       H         -3.98836000  *   1.35353000  *   0.06284000  *
    24       H         -0.13034000  *  -3.29365000  *  -0.01460000  *
    25       H         -2.61601000  *  -3.40806000  *   0.02952000  *
    26       H         -3.99111000  *  -1.34497000  *   0.06034000  *
 


          CARTESIAN COORDINATES 

    NO.       ATOM           X           Y           Z

     1         C          3.6666      0.7027      0.0252
     2         C          3.6653     -0.7058      0.0431
     3         C          2.4675     -1.4274      0.0206
     4         C          1.2851     -0.7125     -0.0104
     5         C          1.2862      0.7115     -0.0177
     6         C          2.4698      1.4254     -0.0076
     7         C         -0.1063      1.1403     -0.0120
     8         C         -0.7124      2.3830      0.0079
     9         C         -2.1174      2.4436      0.0339
    10         C         -2.9050      1.2707      0.0388
    11         C         -2.2917      0.0032      0.0199
    12         C         -0.8996      0.0009     -0.0061
    13         C         -0.1078     -1.1384     -0.0113
    14         C         -0.7166     -2.3808     -0.0063
    15         C         -2.1219     -2.4382      0.0177
    16         C         -2.9073     -1.2647      0.0334
    17         H          4.6148      1.2357      0.0443
    18         H          4.6128     -1.2396      0.0799
    19         H          2.4731     -2.5113      0.0391
    20         H          2.4769      2.5095     -0.0153
    21         H         -0.1239      3.2947      0.0121
    22         H         -2.6091      3.4135      0.0557
    23         H         -3.9884      1.3535      0.0628
    24         H         -0.1303     -3.2936     -0.0146
    25         H         -2.6160     -3.4081      0.0295
    26         H         -3.9911     -1.3450      0.0603

 General Reference for PM6:
 "Optimization of Parameters for Semiempirical Methods V: Modification of NDDO Approximations
 and Application to 70 Elements", J. J. P. Stewart, J. Mol. Mod., 13, 1173-1213 (2007)
 URL: https://link.springer.com/article/10.1007/s00894-007-0233-4

           Empirical Formula: C16 H10  =    26 atoms



      MOLECULAR POINT GROUP   :   C2v 


      RHF CALCULATION, NO. OF DOUBLY OCCUPIED LEVELS = 37


          Geometry optimization using EF

          DIAGONAL MATRIX USED AS START HESSIAN

 CYCLE:     1 TIME:   0.016 TIME LEFT:  2.00D  GRAD.:   146.396 HEAT:  83.96517
 CYCLE:     2 TIME:   0.020 TIME LEFT:  2.00D  GRAD.:    99.932 HEAT:  79.80256
 CYCLE:     3 TIME:   0.020 TIME LEFT:  2.00D  GRAD.:    49.311 HEAT:  78.20126
 CYCLE:     4 TIME:   0.016 TIME LEFT:  2.00D  GRAD.:    37.331 HEAT:  77.75577
 CYCLE:     5 TIME:   0.008 TIME LEFT:  2.00D  GRAD.:    28.680 HEAT:  77.46687
 CYCLE:     6 TIME:   0.012 TIME LEFT:  2.00D  GRAD.:    21.526 HEAT:  77.24311
 CYCLE:     7 TIME:   0.012 TIME LEFT:  2.00D  GRAD.:    14.869 HEAT:  77.13193
 CYCLE:     8 TIME:   0.008 TIME LEFT:  2.00D  GRAD.:    20.293 HEAT:  77.08575
 CYCLE:     9 TIME:   0.004 TIME LEFT:  2.00D  GRAD.:    21.045 HEAT:  77.02930
 CYCLE:    10 TIME:   0.000 TIME LEFT:  2.00D  GRAD.:    14.413 HEAT:  76.93282
 CYCLE:    11 TIME:   0.023 TIME LEFT:  2.00D  GRAD.:    17.635 HEAT:  76.89953
 CYCLE:    12 TIME:   0.008 TIME LEFT:  2.00D  GRAD.:    17.499 HEAT:  76.86412
 CYCLE:    13 TIME:   0.000 TIME LEFT:  2.00D  GRAD.:    19.506 HEAT:  76.86393
 CYCLE:    14 TIME:   0.016 TIME LEFT:  2.00D  GRAD.:     5.565 HEAT:  76.77798
 CYCLE:    15 TIME:   0.008 TIME LEFT:  2.00D  GRAD.:     7.151 HEAT:  76.77074
 CYCLE:    16 TIME:   0.012 TIME LEFT:  2.00D  GRAD.:     5.713 HEAT:  76.75639
 CYCLE:    17 TIME:   0.008 TIME LEFT:  2.00D  GRAD.:     4.633 HEAT:  76.74536
 CYCLE:    18 TIME:   0.012 TIME LEFT:  2.00D  GRAD.:     2.796 HEAT:  76.73663
 CYCLE:    19 TIME:   0.000 TIME LEFT:  2.00D  GRAD.:     3.122 HEAT:  76.73292
 CYCLE:    20 TIME:   0.016 TIME LEFT:  2.00D  GRAD.:     2.584 HEAT:  76.73061
 CYCLE:    21 TIME:   0.008 TIME LEFT:  2.00D  GRAD.:     1.884 HEAT:  76.72886
 CYCLE:    22 TIME:   0.000 TIME LEFT:  2.00D  GRAD.:     1.418 HEAT:  76.72769
 CYCLE:    23 TIME:   0.016 TIME LEFT:  2.00D  GRAD.:     0.994 HEAT:  76.72630
 CYCLE:    24 TIME:   0.012 TIME LEFT:  2.00D  GRAD.:     1.476 HEAT:  76.72518
 CYCLE:    25 TIME:   0.004 TIME LEFT:  2.00D  GRAD.:     0.876 HEAT:  76.72345
 CYCLE:    26 TIME:   0.012 TIME LEFT:  2.00D  GRAD.:     0.907 HEAT:  76.72193
 CYCLE:    27 TIME:   0.012 TIME LEFT:  2.00D  GRAD.:     1.494 HEAT:  76.72076
 CYCLE:    28 TIME:   0.008 TIME LEFT:  2.00D  GRAD.:     1.580 HEAT:  76.71972
 CYCLE:    29 TIME:   0.008 TIME LEFT:  2.00D  GRAD.:     0.857 HEAT:  76.71849
 CYCLE:    30 TIME:   0.008 TIME LEFT:  2.00D  GRAD.:     1.123 HEAT:  76.71822
 CYCLE:    31 TIME:   0.008 TIME LEFT:  2.00D  GRAD.:     0.659 HEAT:  76.71770
 CYCLE:    32 TIME:   0.008 TIME LEFT:  2.00D  GRAD.:     0.613 HEAT:  76.71744
 CYCLE:    33 TIME:   0.004 TIME LEFT:  2.00D  GRAD.:     0.456 HEAT:  76.71715
 CYCLE:    34 TIME:   0.016 TIME LEFT:  2.00D  GRAD.:     0.468 HEAT:  76.71701
 CYCLE:    35 TIME:   0.008 TIME LEFT:  2.00D  GRAD.:     0.324 HEAT:  76.71694
 CYCLE:    36 TIME:   0.008 TIME LEFT:  2.00D  GRAD.:     0.172 HEAT:  76.71689
 CYCLE:    37 TIME:   0.008 TIME LEFT:  2.00D  GRAD.:     0.095 HEAT:  76.71687
 CYCLE:    38 TIME:   0.008 TIME LEFT:  2.00D  GRAD.:     0.126 HEAT:  76.71685
 CYCLE:    39 TIME:   0.000 TIME LEFT:  2.00D  GRAD.:     0.109 HEAT:  76.71683
 CYCLE:    40 TIME:   0.020 TIME LEFT:  2.00D  GRAD.:     0.119 HEAT:  76.71681
 CYCLE:    41 TIME:   0.012 TIME LEFT:  2.00D  GRAD.:     0.102 HEAT:  76.71679
 CYCLE:    42 TIME:   0.000 TIME LEFT:  2.00D  GRAD.:     0.071 HEAT:  76.71678
 CYCLE:    43 TIME:   0.012 TIME LEFT:  2.00D  GRAD.:     0.044 HEAT:  76.71677

     GRADIENT =  0.04377 IS LESS THAN CUTOFF =  0.05000



 -------------------------------------------------------------------------------
 PM6 PRECISE




     GEOMETRY OPTIMISED USING EIGENVECTOR FOLLOWING (EF).     
     SCF FIELD WAS ACHIEVED                                   


                              PM6 CALCULATION
                                                       MOPAC v23.1.2 Windows
                                                       Thu Apr 30 09:08:43 2026




          FINAL HEAT OF FORMATION =         76.71677 KCAL/MOL =     320.98297 KJ/MOL


          COSMO AREA              =        228.62 SQUARE ANGSTROMS
          COSMO VOLUME            =        245.86 CUBIC ANGSTROMS

          GRADIENT NORM           =          0.04377          =       0.00858 PER ATOM
          IONIZATION POTENTIAL    =          8.788805 EV
          HOMO LUMO ENERGIES (EV) =         -8.789 -0.987
          NO. OF FILLED LEVELS    =         37
          MOLECULAR WEIGHT        =        202.2550         POINT GROUP:  C2v 

          MOLECULAR DIMENSIONS (Angstroms)

            Atom       Atom       Distance
            H    26    H    17     9.03866
            H    24    H    22     7.18145
            H    25    H    19     0.00175


          SCF CALCULATIONS        =         47
 
          WALL-CLOCK TIME         =      0.441 SECONDS
          COMPUTATION TIME        =      2.406 SECONDS




   ATOM   CHEMICAL          X               Y               Z
  NUMBER   SYMBOL      (ANGSTROMS)     (ANGSTROMS)     (ANGSTROMS)
 
     1       C          3.70489095  *   0.69304920  *   0.00952756  *
     2       C          3.70378475  *  -0.69719411  *   0.00928793  *
     3       C          2.49345671  *  -1.42424423  *   0.01083629  *
     4       C          1.30339090  *  -0.72396546  *   0.01261771  *
     5       C          1.30454191  *   0.72363598  *   0.01301916  *
     6       C          2.49572252  *   1.42201896  *   0.01142228  *
     7       C         -0.09568803  *   1.19574759  *   0.01515749  *
     8       C         -0.72426389  *   2.41088653  *   0.01626068  *
     9       C         -2.15935116  *   2.43614459  *   0.01825230  *
    10       C         -2.92641326  *   1.29250517  *   0.01902684  *
    11       C         -2.29941557  *   0.00269091  *   0.01767174  *
    12       C         -0.90534420  *   0.00158415  *   0.01589739  *
    13       C         -0.09758582  *  -1.19385872  *   0.01421048  *
    14       C         -0.72809232  *  -2.40800010  *   0.01407715  *
    15       C         -2.16321756  *  -2.43098085  *   0.01585935  *
    16       C         -2.92846342  *  -1.28612433  *   0.01766323  *
    17       H          4.64874793  *   1.23646074  *   0.00817492  *
    18       H          4.64677745  *  -1.24210961  *   0.00786374  *
    19       H          2.50777210  *  -2.51141720  *   0.01064842  *
    20       H          2.51178604  *   2.50917257  *   0.01163390  *
    21       H         -0.17597383  *   3.34878281  *   0.01564377  *
    22       H         -2.64296143  *   3.41347108  *   0.01918387  *
    23       H         -4.01290437  *   1.34769309  *   0.02056552  *
    24       H         -0.18129906  *  -3.34676780  *   0.01267303  *
    25       H         -2.64839033  *  -3.40753763  *   0.01565660  *
    26       H         -4.01503946  *  -1.33959090  *   0.01903743  *

                             CARTESIAN COORDINATES

   1    C        3.704890947     0.693049205     0.009527560
   2    C        3.703784749    -0.697194107     0.009287931
   3    C        2.493456711    -1.424244234     0.010836286
   4    C        1.303390902    -0.723965461     0.012617709
   5    C        1.304541908     0.723635984     0.013019165
   6    C        2.495722521     1.422018963     0.011422282
   7    C       -0.095688034     1.195747587     0.015157487
   8    C       -0.724263887     2.410886526     0.016260678
   9    C       -2.159351160     2.436144587     0.018252297
  10    C       -2.926413261     1.292505174     0.019026841
  11    C       -2.299415571     0.002690908     0.017671743
  12    C       -0.905344202     0.001584147     0.015897386
  13    C       -0.097585820    -1.193858719     0.014210481
  14    C       -0.728092318    -2.408000105     0.014077148
  15    C       -2.163217564    -2.430980853     0.015859347
  16    C       -2.928463419    -1.286124333     0.017663233
  17    H        4.648747930     1.236460740     0.008174919
  18    H        4.646777447    -1.242109610     0.007863741
  19    H        2.507772098    -2.511417202     0.010648421
  20    H        2.511786042     2.509172566     0.011633896
  21    H       -0.175973829     3.348782812     0.015643771
  22    H       -2.642961431     3.413471078     0.019183872
  23    H       -4.012904371     1.347693089     0.020565524
  24    H       -0.181299063    -3.346767805     0.012673033
  25    H       -2.648390335    -3.407537628     0.015656599
  26    H       -4.015039458    -1.339590896     0.019037428


           Empirical Formula: C16 H10  =    26 atoms



      MOLECULAR POINT GROUP   :   C2v 


                  EIGENVALUES  
 -30.74549 -29.86033 -28.94870 -28.05680 -26.35326 -25.83737 -24.93153 -24.78109
 -22.50102 -22.27507 -21.04056 -20.59837 -19.71714 -17.63734 -17.22808 -17.10431
 -16.46896 -15.37746 -15.31138 -14.57538 -14.51733 -14.46610 -14.45581 -14.10127
 -13.65649 -13.15327 -13.08618 -12.24386 -12.12627 -12.09407 -11.72860 -11.65484
 -11.02133 -10.15743  -9.42263  -8.99181  -8.78880  -0.98698  -0.04016   0.05798
   0.56617   1.15696   1.73931   2.77412   2.94609   3.31025   3.51630   3.78032
   4.17131   4.34126   4.62825   4.63160   4.70138   4.74927   4.76623   4.93780
   4.99246   5.00367   5.10934   5.27776   5.37930   5.46619   5.60454   5.65307
   5.79344   5.80433   5.97436   6.01554   6.03312   6.09100   6.13157   6.14885
   6.19710   6.24955


              NET ATOMIC CHARGES AND DIPOLE CONTRIBUTIONS

  ATOM NO.   TYPE          CHARGE      No. of ELECS.   s-Pop       p-Pop       
    1          C          -0.140875        4.1409     1.10573     3.03515
    2          C          -0.140873        4.1409     1.10573     3.03514
    3          C          -0.152200        4.1522     1.10447     3.04773
    4          C          -0.004664        4.0047     1.09456     2.91011
    5          C          -0.004664        4.0047     1.09456     2.91011
    6          C          -0.152199        4.1522     1.10447     3.04773
    7          C           0.003175        3.9968     1.09040     2.90642
    8          C          -0.150280        4.1503     1.10596     3.04432
    9          C          -0.131710        4.1317     1.10651     3.02520
   10          C          -0.161783        4.1618     1.10876     3.05303
   11          C           0.031764        3.9682     1.08124     2.88700
   12          C          -0.058286        4.0583     1.09671     2.96157
   13          C           0.003174        3.9968     1.09040     2.90642
   14          C          -0.150279        4.1503     1.10596     3.04431
   15          C          -0.131711        4.1317     1.10651     3.02520
   16          C          -0.161783        4.1618     1.10876     3.05303
   17          H           0.146588        0.8534     0.85341
   18          H           0.146588        0.8534     0.85341
   19          H           0.153309        0.8467     0.84669
   20          H           0.153310        0.8467     0.84669
   21          H           0.153629        0.8464     0.84637
   22          H           0.146175        0.8538     0.85382
   23          H           0.151895        0.8481     0.84811
   24          H           0.153629        0.8464     0.84637
   25          H           0.146176        0.8538     0.85382
   26          H           0.151894        0.8481     0.84811
 DIPOLE           X         Y         Z       TOTAL
 POINT-CHG.    -0.081     0.000    -0.001     0.081
 HYBRID        -0.018     0.000     0.000     0.018
 SUM           -0.099     0.000    -0.001     0.099


          ATOMIC ORBITAL ELECTRON POPULATIONS

     Atom    s        px        py        pz   
    1  C   1.10573   1.03841   0.99554   1.00119
    2  C   1.10573   1.03828   0.99568   1.00119
    3  C   1.10447   0.97391   1.06772   1.00610
    4  C   1.09456   0.94726   0.96616   0.99668
    5  C   1.09456   0.94728   0.96614   0.99668
    6  C   1.10447   0.97392   1.06772   1.00610
    7  C   1.09040   0.95562   0.96559   0.98521
    8  C   1.10596   0.99548   1.04331   1.00553
    9  C   1.10651   0.98224   1.04584   0.99713
   10  C   1.10876   1.06888   0.97290   1.01125
   11  C   1.08124   0.96344   0.94764   0.97592
   12  C   1.09671   0.97353   0.97013   1.01791
   13  C   1.09040   0.95560   0.96561   0.98521
   14  C   1.10596   0.99535   1.04344   1.00553
   15  C   1.10651   0.98236   1.04571   0.99713
   16  C   1.10876   1.06889   0.97289   1.01125
   17  H   0.85341
   18  H   0.85341
   19  H   0.84669
   20  H   0.84669
   21  H   0.84637
   22  H   0.85382
   23  H   0.84811
   24  H   0.84637
   25  H   0.85382
   26  H   0.84811

 **********************
 *                    *
 * JOB ENDED NORMALLY *
 *                    *
 **********************



 TOTAL JOB TIME:             0.45 SECONDS

 == MOPAC DONE ==
