 *******************************************************************************
 **                                                                           **
 **                              MOPAC v23.1.2                                **
 **                                                                           **
 *******************************************************************************
 **          Digital Object Identifier (DOI): 10.5281/zenodo.6511958          **
 **    Visit the DOI location for information on how to cite this program.    **
 *******************************************************************************

                              PM6 CALCULATION RESULTS

 *******************************************************************************
 *  CALCULATION DONE: (MAX THREADS = 12)             Thu Apr 30 10:33:18 2026  *
 *  PM6        - The PM6 Hamiltonian to be used
 *  COSWRT
 *  EPS=78.4   - USE ANDREAS KLAMT'S COSMO IMPLICIT SOLVATION MODEL
 *  1SCF       - DO 1 SCF AND THEN STOP 
 *  T=         - A TIME OF 172800.0 SECONDS REQUESTED
 *  DUMP=N     - RESTART FILE WRITTEN EVERY 7200.0 SECONDS REQUESTED
 *******************************************************************************
PM6 1SCF COSWRT EPS=78.4
 FINAL HEAT OF FORMATION =     0.000000

  ATOM    CHEMICAL      BOND LENGTH      BOND ANGLE     TWIST ANGLE 
 NUMBER    SYMBOL       (ANGSTROMS)      (DEGREES)       (DEGREES) 
   (I)                     NA:I           NB:NA:I       NC:NB:NA:I       NA    NB    NC 
     1       C          0.00000000       0.0000000       0.0000000        0     0     0
     2       C          1.40524300  *    0.0000000       0.0000000        1     0     0
     3       C          1.40346800  *  120.1060410  *    0.0000000        2     1     0
     4       C          1.39614200  *  119.2354350  *   -0.0038150  *     3     2     1
     5       C          1.40034700  *  120.5649640  *    0.1060060  *     4     3     2
     6       C          1.39814000  *  120.2866970  *   -0.0823480  *     5     4     3
     7       C          1.47947000  *  119.8221740  * -179.9304810  *     2     3     4
     8       C          1.40524100  *  120.0686420  *   58.1174890  *     7     2     3
     9       C          1.39615300  *  120.3836440  *  179.8065030  *     8     7     2
    10       C          1.39813200  *  119.4210510  *    0.1526740  *     9     8     7
    11       C          1.40035200  *  120.2890090  *   -0.0514980  *    10     9     8
    12       C          1.39614000  *  120.5632400  *   -0.0801250  *    11    10     9
    13      Cl          1.71260400  *  119.7066350  *  179.9491580  *    10     9     8
    14      Cl          1.71372000  *  119.8993840  *  179.9315340  *    11    10     9
    15      Cl          1.71371600  *  119.5356060  * -179.9067540  *     4     3     2
    16      Cl          1.71260500  *  120.0017850  *  179.9136660  *     5     4     3
    17       H          1.09112200  *  119.7677380  *  179.7523650  *     8     9    10
    18       H          1.09163800  *  120.5262760  * -179.8285830  *     9     8     7
    19       H          1.09169900  *  120.2119830  *  179.6206670  *    12    11    10
    20       H          1.09169500  *  120.5550920  *    0.5581240  *     3     2     7
    21       H          1.09163500  *  120.0564120  *  179.9348910  *     6     5     4
    22       H          1.09111900  *  119.8465500  *    0.2071470  *     1     2     7
 


          CARTESIAN COORDINATES 

    NO.       ATOM           X           Y           Z

     1         C          0.0000      0.0000      0.0000
     2         C          1.4052      0.0000      0.0000
     3         C          2.1092      1.2141      0.0000
     4         C          1.3973      2.4151     -0.0001
     5         C         -0.0030      2.4128      0.0021
     6         C         -0.7062      1.2044      0.0026
     7         C          2.1466     -1.2803      0.0016
     8         C          3.0541     -1.5671      1.0355
     9         C          3.7542     -2.7750      1.0457
    10         C          3.5473     -3.6975      0.0156
    11         C          2.6450     -3.4128     -1.0167
    12         C          1.9398     -2.2079     -1.0311
    13        Cl          4.4032     -5.1809      0.0202
    14        Cl          2.4004     -4.5499     -2.2752
    15        Cl          2.2491      3.9021     -0.0025
    16        Cl         -0.8618      3.8946      0.0042
    17         H          3.2082     -0.8449      1.8387
    18         H          4.4577     -3.0014      1.8492
    19         H          1.2424     -1.9892     -1.8420
    20         H          3.2009      1.2227     -0.0080
    21         H         -1.7978      1.2070      0.0053
    22         H         -0.5430     -0.9464      0.0046

 General Reference for PM6:
 "Optimization of Parameters for Semiempirical Methods V: Modification of NDDO Approximations
 and Application to 70 Elements", J. J. P. Stewart, J. Mol. Mod., 13, 1173-1213 (2007)
 URL: https://link.springer.com/article/10.1007/s00894-007-0233-4

           Empirical Formula: C12 H6 Cl4  =    22 atoms



      MOLECULAR POINT GROUP   :   C2  


      RHF CALCULATION, NO. OF DOUBLY OCCUPIED LEVELS = 41


 -------------------------------------------------------------------------------
 PM6 1SCF COSWRT EPS=78.4
 FINAL HEAT OF FORMATION =     0.000000



     1SCF WAS SPECIFIED, SO BFGS WAS NOT USED                 
     SCF FIELD WAS ACHIEVED                                   


                              PM6 CALCULATION
                                                       MOPAC v23.1.2 Windows
                                                       Thu Apr 30 10:33:18 2026




          FINAL HEAT OF FORMATION =         10.35343 KCAL/MOL =      43.31876 KJ/MOL
          VAN DER WAALS AREA      =        269.43 SQUARE ANGSTROMS



          DIELECTRIC ENERGY       =         -0.23853 EV
          COSMO AREA              =        269.43 SQUARE ANGSTROMS
          COSMO VOLUME            =        291.18 CUBIC ANGSTROMS

          IONIZATION POTENTIAL    =          9.493652 EV
          HOMO LUMO ENERGIES (EV) =         -9.494 -0.922
          NO. OF FILLED LEVELS    =         41
          MOLECULAR WEIGHT        =        291.9914         POINT GROUP:  C2  

          MOLECULAR DIMENSIONS (Angstroms)

            Atom       Atom       Distance
           Cl    16   Cl    13    10.49210
            H    21   Cl    15     4.85298
           Cl    14    H    18     4.12877


          SCF CALCULATIONS        =          2
 
          WALL-CLOCK TIME         =      0.051 SECONDS
          COMPUTATION TIME        =      0.187 SECONDS




  ATOM    CHEMICAL      BOND LENGTH      BOND ANGLE     TWIST ANGLE 
 NUMBER    SYMBOL       (ANGSTROMS)      (DEGREES)       (DEGREES) 
   (I)                     NA:I           NB:NA:I       NC:NB:NA:I       NA    NB    NC 
     1       C          0.00000000       0.0000000       0.0000000        0     0     0
     2       C          1.40524300  *    0.0000000       0.0000000        1     0     0
     3       C          1.40346800  *  120.1060410  *    0.0000000        2     1     0
     4       C          1.39614200  *  119.2354350  *   -0.0038150  *     3     2     1
     5       C          1.40034700  *  120.5649640  *    0.1060060  *     4     3     2
     6       C          1.39814000  *  120.2866970  *   -0.0823480  *     5     4     3
     7       C          1.47947000  *  119.8221740  * -179.9304810  *     2     3     4
     8       C          1.40524100  *  120.0686420  *   58.1174890  *     7     2     3
     9       C          1.39615300  *  120.3836440  *  179.8065030  *     8     7     2
    10       C          1.39813200  *  119.4210510  *    0.1526740  *     9     8     7
    11       C          1.40035200  *  120.2890090  *   -0.0514980  *    10     9     8
    12       C          1.39614000  *  120.5632400  *   -0.0801250  *    11    10     9
    13      Cl          1.71260400  *  119.7066350  *  179.9491580  *    10     9     8
    14      Cl          1.71372000  *  119.8993840  *  179.9315340  *    11    10     9
    15      Cl          1.71371600  *  119.5356060  * -179.9067540  *     4     3     2
    16      Cl          1.71260500  *  120.0017850  *  179.9136660  *     5     4     3
    17       H          1.09112200  *  119.7677380  *  179.7523650  *     8     9    10
    18       H          1.09163800  *  120.5262760  * -179.8285830  *     9     8     7
    19       H          1.09169900  *  120.2119830  *  179.6206670  *    12    11    10
    20       H          1.09169500  *  120.5550920  *    0.5581240  *     3     2     7
    21       H          1.09163500  *  120.0564120  *  179.9348910  *     6     5     4
    22       H          1.09111900  *  119.8465500  *    0.2071470  *     1     2     7

                             CARTESIAN COORDINATES

   1    C        0.000000000     0.000000000     0.000000000
   2    C        1.405243000     0.000000000     0.000000000
   3    C        2.109225288     1.214138116     0.000000000
   4    C        1.397304083     2.415129654    -0.000081120
   5    C       -0.003039401     2.412844112     0.002069158
   6    C       -0.706187959     1.204383400     0.002593006
   7    C        2.146581779    -1.280330269     0.001642838
   8    C        3.054116366    -1.567110337     1.035490232
   9    C        3.754204309    -2.775007530     1.045709908
  10    C        3.547312837    -3.697471017     0.015646743
  11    C        2.644973643    -3.412810382    -1.016699142
  12    C        1.939839493    -2.207910014    -1.031115548
  13   Cl        4.403180221    -5.180873343     0.020231624
  14   Cl        2.400384966    -4.549949053    -2.275241259
  15   Cl        2.249127103     3.902144846    -0.002508273
  16   Cl       -0.861805406     3.894577018     0.004173859
  17    H        3.208200432    -0.844852406     1.838701786
  18    H        4.457683039    -3.001376201     1.849170189
  19    H        1.242386973    -1.989242209    -1.842010781
  20    H        3.200857648     1.222710979    -0.007954288
  21    H       -1.797816382     1.206988444     0.005344953
  22    H       -0.543026809    -0.946383149     0.004635926


           Empirical Formula: C12 H6 Cl4  =    22 atoms



      MOLECULAR POINT GROUP   :   C2  


                  EIGENVALUES  
 -31.04060 -30.83606 -28.56003 -27.74623 -27.58727 -27.44663 -26.28800 -25.98113
 -25.49617 -24.60417 -22.45622 -22.42169 -21.64666 -20.64482 -18.46543 -17.46285
 -16.92305 -16.53036 -16.38689 -15.82797 -15.15433 -15.15374 -15.05716 -14.83230
 -14.73537 -13.81714 -13.16137 -12.99689 -12.82220 -12.37905 -12.36894 -12.26408
 -11.87152 -11.60108 -11.55249 -11.35271 -11.31581 -10.29077 -10.11379  -9.91289
  -9.49365  -0.92167  -0.50391  -0.49434  -0.30673   0.22555   0.23669   0.69423
   0.72775   1.65557   1.89369   3.02114   3.42803   3.42960   3.88405   3.89121
   4.00692   4.03136   4.18183   4.25719   4.27424   4.43897   4.91102   4.95377
   5.44858   5.47870   5.68050   5.73923   5.74165   5.77763  86.86045  86.86135
  86.95006  86.95117  86.98685  86.98746  87.48885  87.48978  87.58857  87.58936
  87.68823  87.68882  87.72293  87.72343  88.08415  88.08497  88.55593  88.55663
  88.63553  88.63631


              NET ATOMIC CHARGES AND DIPOLE CONTRIBUTIONS

  ATOM NO.   TYPE          CHARGE      No. of ELECS.   s-Pop       p-Pop       d-Pop       
    1          C          -0.145505        4.1455     1.11301     3.03249
    2          C           0.018512        3.9815     1.08826     2.89323
    3          C          -0.171028        4.1710     1.11261     3.05842
    4          C           0.010979        3.9890     1.09968     2.88934
    5          C          -0.008593        4.0086     1.10140     2.90720
    6          C          -0.135795        4.1358     1.11082     3.02498
    7          C           0.018383        3.9816     1.08825     2.89337
    8          C          -0.145384        4.1454     1.11300     3.03239
    9          C          -0.136158        4.1362     1.11079     3.02536
   10          C          -0.008230        4.0082     1.10139     2.90684
   11          C           0.010992        3.9890     1.09965     2.88936
   12          C          -0.170777        4.1708     1.11259     3.05819
   13         Cl          -0.067530        7.0675     1.98845     5.07186     0.00721
   14         Cl          -0.068840        7.0688     1.98854     5.07309     0.00721
   15         Cl          -0.068721        7.0687     1.98855     5.07295     0.00722
   16         Cl          -0.067602        7.0676     1.98845     5.07193     0.00722
   17          H           0.183490        0.8165     0.81651
   18          H           0.189556        0.8104     0.81044
   19          H           0.194498        0.8055     0.80550
   20          H           0.194573        0.8054     0.80543
   21          H           0.189636        0.8104     0.81036
   22          H           0.183543        0.8165     0.81646
 DIPOLE           X         Y         Z       TOTAL
 POINT-CHG.    -0.826    -0.478     1.713     1.961
 HYBRID         0.120     0.070    -0.249     0.286
 SUM           -0.706    -0.408     1.464     1.675


          ATOMIC ORBITAL ELECTRON POPULATIONS

     Atom    s        px        py        pz      x^2-y^2     xz        z^2       yz        xy
    1  C   1.11301   0.99126   1.05784   0.98339
    2  C   1.08826   0.96208   0.94945   0.98170
    3  C   1.11261   1.09380   0.95474   1.00988
    4  C   1.09968   0.93728   0.89613   1.05592
    5  C   1.10140   0.93964   0.90094   1.06662
    6  C   1.11082   1.08798   0.95090   0.98609
    7  C   1.08825   0.97161   0.95524   0.96651
    8  C   1.11300   0.97347   1.02182   1.03709
    9  C   1.11079   1.03090   0.96873   1.02573
   10  C   1.10139   0.99201   0.91177   1.00306
   11  C   1.09965   1.01440   0.94613   0.92882
   12  C   1.11259   1.03893   0.96489   1.05437
   13 Cl   1.98845   1.75550   1.33702   1.97935   0.00173   0.00062   0.00104   0.00124   0.00258
   14 Cl   1.98854   1.95392   1.60513   1.51404   0.00110   0.00109   0.00137   0.00294   0.00071
   15 Cl   1.98855   1.77286   1.34124   1.95885   0.00226   0.00030   0.00127   0.00076   0.00263
   16 Cl   1.98845   1.76837   1.34461   1.95896   0.00225   0.00030   0.00127   0.00076   0.00264
   17  H   0.81651
   18  H   0.81044
   19  H   0.80550
   20  H   0.80543
   21  H   0.81036
   22  H   0.81646

 **********************
 *                    *
 * JOB ENDED NORMALLY *
 *                    *
 **********************



 TOTAL JOB TIME:             0.08 SECONDS

 == MOPAC DONE ==
