 *******************************************************************************
 **                                                                           **
 **                              MOPAC v23.1.2                                **
 **                                                                           **
 *******************************************************************************
 **          Digital Object Identifier (DOI): 10.5281/zenodo.6511958          **
 **    Visit the DOI location for information on how to cite this program.    **
 *******************************************************************************

                              PM6 CALCULATION RESULTS

 *******************************************************************************
 *  CALCULATION DONE: (MAX THREADS = 12)             Thu Apr 30 10:32:03 2026  *
 *  PM6        - The PM6 Hamiltonian to be used
 *  1SCF       - DO 1 SCF AND THEN STOP 
 *  T=         - A TIME OF 172800.0 SECONDS REQUESTED
 *  DUMP=N     - RESTART FILE WRITTEN EVERY 7200.0 SECONDS REQUESTED
 *  SUPER      - PRINT SUPERDELOCALIZABILITIES
 *******************************************************************************
PM6 1SCF SUPER
 FINAL HEAT OF FORMATION =     0.000000

  ATOM    CHEMICAL      BOND LENGTH      BOND ANGLE     TWIST ANGLE 
 NUMBER    SYMBOL       (ANGSTROMS)      (DEGREES)       (DEGREES) 
   (I)                     NA:I           NB:NA:I       NC:NB:NA:I       NA    NB    NC 
     1       C          0.00000000       0.0000000       0.0000000        0     0     0
     2       C          1.40524300  *    0.0000000       0.0000000        1     0     0
     3       C          1.40346800  *  120.1060410  *    0.0000000        2     1     0
     4       C          1.39614200  *  119.2354350  *   -0.0038150  *     3     2     1
     5       C          1.40034700  *  120.5649640  *    0.1060060  *     4     3     2
     6       C          1.39814000  *  120.2866970  *   -0.0823480  *     5     4     3
     7       C          1.47947000  *  119.8221740  * -179.9304810  *     2     3     4
     8       C          1.40524100  *  120.0686420  *   58.1174890  *     7     2     3
     9       C          1.39615300  *  120.3836440  *  179.8065030  *     8     7     2
    10       C          1.39813200  *  119.4210510  *    0.1526740  *     9     8     7
    11       C          1.40035200  *  120.2890090  *   -0.0514980  *    10     9     8
    12       C          1.39614000  *  120.5632400  *   -0.0801250  *    11    10     9
    13      Cl          1.71260400  *  119.7066350  *  179.9491580  *    10     9     8
    14      Cl          1.71372000  *  119.8993840  *  179.9315340  *    11    10     9
    15      Cl          1.71371600  *  119.5356060  * -179.9067540  *     4     3     2
    16      Cl          1.71260500  *  120.0017850  *  179.9136660  *     5     4     3
    17       H          1.09112200  *  119.7677380  *  179.7523650  *     8     9    10
    18       H          1.09163800  *  120.5262760  * -179.8285830  *     9     8     7
    19       H          1.09169900  *  120.2119830  *  179.6206670  *    12    11    10
    20       H          1.09169500  *  120.5550920  *    0.5581240  *     3     2     7
    21       H          1.09163500  *  120.0564120  *  179.9348910  *     6     5     4
    22       H          1.09111900  *  119.8465500  *    0.2071470  *     1     2     7
 


          CARTESIAN COORDINATES 

    NO.       ATOM           X           Y           Z

     1         C          0.0000      0.0000      0.0000
     2         C          1.4052      0.0000      0.0000
     3         C          2.1092      1.2141      0.0000
     4         C          1.3973      2.4151     -0.0001
     5         C         -0.0030      2.4128      0.0021
     6         C         -0.7062      1.2044      0.0026
     7         C          2.1466     -1.2803      0.0016
     8         C          3.0541     -1.5671      1.0355
     9         C          3.7542     -2.7750      1.0457
    10         C          3.5473     -3.6975      0.0156
    11         C          2.6450     -3.4128     -1.0167
    12         C          1.9398     -2.2079     -1.0311
    13        Cl          4.4032     -5.1809      0.0202
    14        Cl          2.4004     -4.5499     -2.2752
    15        Cl          2.2491      3.9021     -0.0025
    16        Cl         -0.8618      3.8946      0.0042
    17         H          3.2082     -0.8449      1.8387
    18         H          4.4577     -3.0014      1.8492
    19         H          1.2424     -1.9892     -1.8420
    20         H          3.2009      1.2227     -0.0080
    21         H         -1.7978      1.2070      0.0053
    22         H         -0.5430     -0.9464      0.0046

 General Reference for PM6:
 "Optimization of Parameters for Semiempirical Methods V: Modification of NDDO Approximations
 and Application to 70 Elements", J. J. P. Stewart, J. Mol. Mod., 13, 1173-1213 (2007)
 URL: https://link.springer.com/article/10.1007/s00894-007-0233-4

           Empirical Formula: C12 H6 Cl4  =    22 atoms



      MOLECULAR POINT GROUP   :   C2  


      RHF CALCULATION, NO. OF DOUBLY OCCUPIED LEVELS = 41


 -------------------------------------------------------------------------------
 PM6 1SCF SUPER
 FINAL HEAT OF FORMATION =     0.000000



     1SCF WAS SPECIFIED, SO BFGS WAS NOT USED                 
     SCF FIELD WAS ACHIEVED                                   


                              PM6 CALCULATION
                                                       MOPAC v23.1.2 Windows
                                                       Thu Apr 30 10:32:03 2026




          FINAL HEAT OF FORMATION =         14.89590 KCAL/MOL =      62.32444 KJ/MOL


          COSMO AREA              =        269.43 SQUARE ANGSTROMS
          COSMO VOLUME            =        291.18 CUBIC ANGSTROMS

          IONIZATION POTENTIAL    =          9.492413 EV
          HOMO LUMO ENERGIES (EV) =         -9.492 -1.009
          NO. OF FILLED LEVELS    =         41
          MOLECULAR WEIGHT        =        291.9914         POINT GROUP:  C2  

          MOLECULAR DIMENSIONS (Angstroms)

            Atom       Atom       Distance
           Cl    16   Cl    13    10.49210
            H    21   Cl    15     4.85298
           Cl    14    H    18     4.12877


          SCF CALCULATIONS        =          1
 
          WALL-CLOCK TIME         =      0.031 SECONDS
          COMPUTATION TIME        =      0.094 SECONDS




  ATOM    CHEMICAL      BOND LENGTH      BOND ANGLE     TWIST ANGLE 
 NUMBER    SYMBOL       (ANGSTROMS)      (DEGREES)       (DEGREES) 
   (I)                     NA:I           NB:NA:I       NC:NB:NA:I       NA    NB    NC 
     1       C          0.00000000       0.0000000       0.0000000        0     0     0
     2       C          1.40524300  *    0.0000000       0.0000000        1     0     0
     3       C          1.40346800  *  120.1060410  *    0.0000000        2     1     0
     4       C          1.39614200  *  119.2354350  *   -0.0038150  *     3     2     1
     5       C          1.40034700  *  120.5649640  *    0.1060060  *     4     3     2
     6       C          1.39814000  *  120.2866970  *   -0.0823480  *     5     4     3
     7       C          1.47947000  *  119.8221740  * -179.9304810  *     2     3     4
     8       C          1.40524100  *  120.0686420  *   58.1174890  *     7     2     3
     9       C          1.39615300  *  120.3836440  *  179.8065030  *     8     7     2
    10       C          1.39813200  *  119.4210510  *    0.1526740  *     9     8     7
    11       C          1.40035200  *  120.2890090  *   -0.0514980  *    10     9     8
    12       C          1.39614000  *  120.5632400  *   -0.0801250  *    11    10     9
    13      Cl          1.71260400  *  119.7066350  *  179.9491580  *    10     9     8
    14      Cl          1.71372000  *  119.8993840  *  179.9315340  *    11    10     9
    15      Cl          1.71371600  *  119.5356060  * -179.9067540  *     4     3     2
    16      Cl          1.71260500  *  120.0017850  *  179.9136660  *     5     4     3
    17       H          1.09112200  *  119.7677380  *  179.7523650  *     8     9    10
    18       H          1.09163800  *  120.5262760  * -179.8285830  *     9     8     7
    19       H          1.09169900  *  120.2119830  *  179.6206670  *    12    11    10
    20       H          1.09169500  *  120.5550920  *    0.5581240  *     3     2     7
    21       H          1.09163500  *  120.0564120  *  179.9348910  *     6     5     4
    22       H          1.09111900  *  119.8465500  *    0.2071470  *     1     2     7

                             CARTESIAN COORDINATES

   1    C        0.000000000     0.000000000     0.000000000
   2    C        1.405243000     0.000000000     0.000000000
   3    C        2.109225288     1.214138116     0.000000000
   4    C        1.397304083     2.415129654    -0.000081120
   5    C       -0.003039401     2.412844112     0.002069158
   6    C       -0.706187959     1.204383400     0.002593006
   7    C        2.146581779    -1.280330269     0.001642838
   8    C        3.054116366    -1.567110337     1.035490232
   9    C        3.754204309    -2.775007530     1.045709908
  10    C        3.547312837    -3.697471017     0.015646743
  11    C        2.644973643    -3.412810382    -1.016699142
  12    C        1.939839493    -2.207910014    -1.031115548
  13   Cl        4.403180221    -5.180873343     0.020231624
  14   Cl        2.400384966    -4.549949053    -2.275241259
  15   Cl        2.249127103     3.902144846    -0.002508273
  16   Cl       -0.861805406     3.894577018     0.004173859
  17    H        3.208200432    -0.844852406     1.838701786
  18    H        4.457683039    -3.001376201     1.849170189
  19    H        1.242386973    -1.989242209    -1.842010781
  20    H        3.200857648     1.222710979    -0.007954288
  21    H       -1.797816382     1.206988444     0.005344953
  22    H       -0.543026809    -0.946383149     0.004635926


           Empirical Formula: C12 H6 Cl4  =    22 atoms



      MOLECULAR POINT GROUP   :   C2  


                  EIGENVALUES  
 -31.14677 -30.91925 -28.58362 -27.74763 -27.56101 -27.34670 -26.19722 -25.93154
 -25.42789 -24.56783 -22.57939 -22.49200 -21.76590 -20.74833 -18.57613 -17.52177
 -17.02259 -16.63703 -16.48884 -15.94982 -15.32271 -15.24345 -15.17356 -14.88434
 -14.74972 -13.88767 -13.31760 -13.12973 -12.92157 -12.30451 -12.23347 -12.22923
 -11.85762 -11.44722 -11.40917 -11.16298 -11.13500 -10.36280 -10.18407  -9.86897
  -9.49241  -1.00919  -0.63807  -0.61094  -0.40251   0.28937   0.30163   0.74558
   0.78053   1.53635   1.76159   2.88538   3.35103   3.37383   3.76159   3.76934
   3.87539   3.92948   4.07137   4.10230   4.10627   4.29581   4.75468   4.80519
   5.14599   5.17656   5.37297   5.42858   5.43811   5.48132  86.73340  86.73345
  86.82672  86.82693  86.85193  86.85198  87.36978  87.36990  87.46410  87.46421
  87.56680  87.56685  87.60304  87.60311  87.95692  87.95698  88.42694  88.42696
  88.50313  88.50318

           SUPERDELOCALIZABILITIES

 Mulliken electronegativity:        5.250800
 Parr & Pople absolute hardness:    4.241613
 Schuurmann MO shift alpha:        -5.250800
 
 Ehomo:                            -9.492413
 Elumo:                            -1.009187


  a   n        Dn(r)        De(r)   q(r) - Z(r)

  C   1    -0.485688    -0.420004    -4.154844
  C   2    -0.522490    -0.392624    -3.980742
  C   3    -0.489552    -0.421272    -4.176101
  C   4    -0.592070    -0.381175    -3.980951
  C   5    -0.588498    -0.387735    -4.002826
  C   6    -0.490260    -0.412164    -4.137389
  C   7    -0.522489    -0.392626    -3.980748
  C   8    -0.485689    -0.420002    -4.154837
  C   9    -0.490258    -0.412165    -4.137395
  C  10    -0.588498    -0.387735    -4.002829
  C  11    -0.592073    -0.381173    -3.980944
  C  12    -0.489554    -0.421270    -4.176096
 Cl  13    -0.274893    -0.836012    -7.043258
 Cl  14    -0.275191    -0.834099    -7.044839
 Cl  15    -0.275356    -0.834169    -7.046725
 Cl  16    -0.352094    -0.718868    -6.593692

 Total:    -7.514654    -8.053092

  a   n        piS(r)

  C   1    -0.217143
  C   2    -0.215457
  C   3    -0.217281
  C   4    -0.220299
  C   5    -0.221194
  C   6    -0.215583
  C   7    -0.209828
  C   8    -0.210748
  C   9    -0.209753
  C  10    -0.217894
  C  11    -0.216765
  C  12    -0.211048
 Cl  13    -0.099863
 Cl  14    -0.112106
 Cl  15    -0.101446
 Cl  16    -0.101859

 Total:    -2.998267

  a   n       homo-1         homo         lumo       lumo+1

  C   1     6.184449     6.658375     5.997738    11.190250
  C   2     4.531108     9.361295    15.018210     0.064992
  C   3     1.820011     1.011572     4.983449    13.457998
  C   4     9.946771     5.847130     3.723799    12.545798
  C   5     7.059507    11.481661    15.812930     0.000694
  C   6     0.025632     1.321791     3.217125    12.049403
  C   7     4.531424     9.361660    15.018140     0.064994
  C   8     6.184258     6.658155     5.998518    11.191909
  C   9     0.025652     1.322019     3.216922    12.051204
  C  10     7.059588    11.481733    15.813200     0.000704
  C  11     9.946463     5.846811     3.724040    12.548151
  C  12     1.819779     1.011575     4.982877    13.460676
 Cl  13     8.315049     9.774506     0.951463     0.001117
 Cl  14    12.106916     4.538736     0.293273     0.680019
 Cl  15    12.107968     4.534621     0.288699     0.683768
 Cl  16     3.496379     1.184285     0.231262     0.190364


              NET ATOMIC CHARGES AND DIPOLE CONTRIBUTIONS

  ATOM NO.   TYPE          CHARGE      No. of ELECS.   s-Pop       p-Pop       d-Pop       
    1          C          -0.154822        4.1548     1.10907     3.04576
    2          C           0.019199        3.9808     1.08729     2.89351
    3          C          -0.176085        4.1761     1.10998     3.06610
    4          C           0.019035        3.9810     1.10094     2.88002
    5          C          -0.002765        4.0028     1.10200     2.90076
    6          C          -0.137415        4.1374     1.10761     3.02981
    7          C           0.019193        3.9808     1.08729     2.89352
    8          C          -0.154814        4.1548     1.10907     3.04575
    9          C          -0.137420        4.1374     1.10761     3.02981
   10          C          -0.002768        4.0028     1.10200     2.90076
   11          C           0.019042        3.9810     1.10094     2.88002
   12          C          -0.176080        4.1761     1.10998     3.06610
   13         Cl          -0.043260        7.0433     1.98873     5.04730     0.00723
   14         Cl          -0.044833        7.0448     1.98883     5.04878     0.00723
   15         Cl          -0.044836        7.0448     1.98883     5.04878     0.00723
   16         Cl          -0.043253        7.0433     1.98873     5.04730     0.00723
   17          H           0.166851        0.8331     0.83315
   18          H           0.173536        0.8265     0.82646
   19          H           0.180559        0.8194     0.81944
   20          H           0.180558        0.8194     0.81944
   21          H           0.173533        0.8265     0.82647
   22          H           0.166848        0.8332     0.83315
 DIPOLE           X         Y         Z       TOTAL
 POINT-CHG.    -0.588    -0.339     1.221     1.397
 HYBRID         0.095     0.055    -0.197     0.226
 SUM           -0.493    -0.284     1.024     1.171


          ATOMIC ORBITAL ELECTRON POPULATIONS

     Atom    s        px        py        pz      x^2-y^2     xz        z^2       yz        xy
    1  C   1.10907   0.99305   1.04966   1.00304
    2  C   1.08729   0.96019   0.94958   0.98374
    3  C   1.10998   1.08506   0.95878   1.02226
    4  C   1.10094   0.94030   0.90261   1.03711
    5  C   1.10200   0.94275   0.90714   1.05087
    6  C   1.10761   1.07742   0.95569   0.99669
    7  C   1.08729   0.97177   0.95518   0.96657
    8  C   1.10907   0.98637   1.02167   1.03771
    9  C   1.10761   1.03117   0.97210   1.02654
   10  C   1.10200   0.98745   0.91731   0.99600
   11  C   1.10094   1.00350   0.94504   0.93148
   12  C   1.10998   1.04371   0.97078   1.05160
   13 Cl   1.98873   1.74786   1.32203   1.97741   0.00172   0.00062   0.00105   0.00124   0.00260
   14 Cl   1.98883   1.95027   1.59603   1.50247   0.00110   0.00109   0.00138   0.00295   0.00071
   15 Cl   1.98883   1.76740   1.32775   1.95363   0.00226   0.00030   0.00127   0.00075   0.00265
   16 Cl   1.98873   1.76276   1.33056   1.95398   0.00225   0.00030   0.00127   0.00075   0.00266
   17  H   0.83315
   18  H   0.82646
   19  H   0.81944
   20  H   0.81944
   21  H   0.82647
   22  H   0.83315

 **********************
 *                    *
 * JOB ENDED NORMALLY *
 *                    *
 **********************



 TOTAL JOB TIME:             0.06 SECONDS

 == MOPAC DONE ==
