 *******************************************************************************
 **                                                                           **
 **                              MOPAC v23.1.2                                **
 **                                                                           **
 *******************************************************************************
 **          Digital Object Identifier (DOI): 10.5281/zenodo.6511958          **
 **    Visit the DOI location for information on how to cite this program.    **
 *******************************************************************************

                              PM6 CALCULATION RESULTS

 *******************************************************************************
 *  CALCULATION DONE: (MAX THREADS = 12)             Thu Apr 30 08:33:24 2026  *
 *  PM6        - The PM6 Hamiltonian to be used
 *  PRECISE    - TIGHTER CRITERIA TO BE USED
 *  T=         - A TIME OF 172800.0 SECONDS REQUESTED
 *  DUMP=N     - RESTART FILE WRITTEN EVERY 7200.0 SECONDS REQUESTED
 *******************************************************************************
PM6 PRECISE


   ATOM   CHEMICAL          X               Y               Z
  NUMBER   SYMBOL      (ANGSTROMS)     (ANGSTROMS)     (ANGSTROMS)
 
     1       C         -0.80491000  *  -2.56399000  *   0.31057000  *
     2       C         -2.10253000  *  -3.04719000  *   0.46486000  *
     3       C         -3.19326000  *  -2.19106000  *   0.34835000  *
     4       C         -2.98437000  *  -0.83854000  *   0.07668000  *
     5       C         -1.68916000  *  -0.34493000  *  -0.07444000  *
     6       C         -0.57673000  *  -1.20106000  *   0.03961000  *
     7       C          0.82320000  *  -0.67132000  *  -0.12179000  *
     8       C          1.84507000  *  -1.48385000  *  -0.65050000  *
     9       C          3.14110000  *  -0.99074000  *  -0.79636000  *
    10       C          3.44194000  *   0.31734000  *  -0.41532000  *
    11       C          2.44147000  *   1.13002000  *   0.10892000  *
    12       C          1.14262000  *   0.64750000  *   0.25452000  *
    13      Cl          5.04368000  *   0.95653000  *  -0.58021000  *
    14      Cl          4.35866000  *  -2.02979000  *  -1.45934000  *
    15      Cl         -4.31778000  *   0.25617000  *  -0.08259000  *
    16      Cl         -4.79028000  *  -2.83279000  *   0.54606000  *
    17       H          0.02241000  *  -3.25960000  *   0.42463000  *
    18       H         -2.26161000  *  -4.10100000  *   0.68090000  *
    19       H         -1.55946000  *   0.71029000  *  -0.30048000  *
    20       H          1.63862000  *  -2.50212000  *  -0.96923000  *
    21       H          2.67360000  *   2.14854000  *   0.41098000  *
    22       H          0.39180000  *   1.30620000  *   0.68317000  *
 


          CARTESIAN COORDINATES 

    NO.       ATOM           X           Y           Z

     1         C         -0.8049     -2.5640      0.3106
     2         C         -2.1025     -3.0472      0.4649
     3         C         -3.1933     -2.1911      0.3484
     4         C         -2.9844     -0.8385      0.0767
     5         C         -1.6892     -0.3449     -0.0744
     6         C         -0.5767     -1.2011      0.0396
     7         C          0.8232     -0.6713     -0.1218
     8         C          1.8451     -1.4839     -0.6505
     9         C          3.1411     -0.9907     -0.7964
    10         C          3.4419      0.3173     -0.4153
    11         C          2.4415      1.1300      0.1089
    12         C          1.1426      0.6475      0.2545
    13        Cl          5.0437      0.9565     -0.5802
    14        Cl          4.3587     -2.0298     -1.4593
    15        Cl         -4.3178      0.2562     -0.0826
    16        Cl         -4.7903     -2.8328      0.5461
    17         H          0.0224     -3.2596      0.4246
    18         H         -2.2616     -4.1010      0.6809
    19         H         -1.5595      0.7103     -0.3005
    20         H          1.6386     -2.5021     -0.9692
    21         H          2.6736      2.1485      0.4110
    22         H          0.3918      1.3062      0.6832

 General Reference for PM6:
 "Optimization of Parameters for Semiempirical Methods V: Modification of NDDO Approximations
 and Application to 70 Elements", J. J. P. Stewart, J. Mol. Mod., 13, 1173-1213 (2007)
 URL: https://link.springer.com/article/10.1007/s00894-007-0233-4

           Empirical Formula: C12 H6 Cl4  =    22 atoms



      MOLECULAR POINT GROUP   :   C2  


      RHF CALCULATION, NO. OF DOUBLY OCCUPIED LEVELS = 41


          Geometry optimization using EF

          DIAGONAL MATRIX USED AS START HESSIAN

 CYCLE:     1 TIME:   0.047 TIME LEFT:  2.00D  GRAD.:    45.835 HEAT:  17.06598
 CYCLE:     2 TIME:   0.047 TIME LEFT:  2.00D  GRAD.:    24.007 HEAT:  16.43475
 CYCLE:     3 TIME:   0.047 TIME LEFT:  2.00D  GRAD.:    13.389 HEAT:  16.24846
 CYCLE:     4 TIME:   0.020 TIME LEFT:  2.00D  GRAD.:    15.424 HEAT:  16.11734
 CYCLE:     5 TIME:   0.051 TIME LEFT:  2.00D  GRAD.:    16.072 HEAT:  16.02590
 CYCLE:     6 TIME:   0.025 TIME LEFT:  2.00D  GRAD.:    17.625 HEAT:  15.93121
 CYCLE:     7 TIME:   0.029 TIME LEFT:  2.00D  GRAD.:    22.177 HEAT:  15.91320
 CYCLE:     8 TIME:   0.025 TIME LEFT:  2.00D  GRAD.:    19.236 HEAT:  15.84482
 CYCLE:     9 TIME:   0.049 TIME LEFT:  2.00D  GRAD.:    11.445 HEAT:  15.77234
 CYCLE:    10 TIME:   0.025 TIME LEFT:  2.00D  GRAD.:    11.770 HEAT:  15.75557
 CYCLE:    11 TIME:   0.014 TIME LEFT:  2.00D  GRAD.:     9.173 HEAT:  15.70975
 CYCLE:    12 TIME:   0.031 TIME LEFT:  2.00D  GRAD.:     9.731 HEAT:  15.70391
 CYCLE:    13 TIME:   0.031 TIME LEFT:  2.00D  GRAD.:     5.995 HEAT:  15.66538
 CYCLE:    14 TIME:   0.025 TIME LEFT:  2.00D  GRAD.:     8.450 HEAT:  15.66048
 CYCLE:    15 TIME:   0.029 TIME LEFT:  2.00D  GRAD.:     5.146 HEAT:  15.63533
 CYCLE:    16 TIME:   0.027 TIME LEFT:  2.00D  GRAD.:     5.895 HEAT:  15.62562
 CYCLE:    17 TIME:   0.020 TIME LEFT:  2.00D  GRAD.:     4.107 HEAT:  15.60970
 CYCLE:    18 TIME:   0.025 TIME LEFT:  2.00D  GRAD.:     5.065 HEAT:  15.59000
 CYCLE:    19 TIME:   0.033 TIME LEFT:  2.00D  GRAD.:     5.900 HEAT:  15.57225
 CYCLE:    20 TIME:   0.023 TIME LEFT:  2.00D  GRAD.:     5.296 HEAT:  15.55490
 CYCLE:    21 TIME:   0.025 TIME LEFT:  2.00D  GRAD.:     4.009 HEAT:  15.53965
 CYCLE:    22 TIME:   0.021 TIME LEFT:  2.00D  GRAD.:     3.686 HEAT:  15.52584
 CYCLE:    23 TIME:   0.027 TIME LEFT:  2.00D  GRAD.:     7.303 HEAT:  15.50006
 CYCLE:    24 TIME:   0.029 TIME LEFT:  2.00D  GRAD.:    10.447 HEAT:  15.45777
 CYCLE:    25 TIME:   0.014 TIME LEFT:  2.00D  GRAD.:     9.412 HEAT:  15.39880
 CYCLE:    26 TIME:   0.035 TIME LEFT:  2.00D  GRAD.:     5.939 HEAT:  15.33411
 CYCLE:    27 TIME:   0.023 TIME LEFT:  2.00D  GRAD.:     6.908 HEAT:  15.27061
 CYCLE:    28 TIME:   0.020 TIME LEFT:  2.00D  GRAD.:     8.045 HEAT:  15.20052
 CYCLE:    29 TIME:   0.016 TIME LEFT:  2.00D  GRAD.:     5.588 HEAT:  15.12911
 CYCLE:    30 TIME:   0.037 TIME LEFT:  2.00D  GRAD.:     5.939 HEAT:  15.07997
 CYCLE:    31 TIME:   0.023 TIME LEFT:  2.00D  GRAD.:     5.205 HEAT:  15.04312
 CYCLE:    32 TIME:   0.023 TIME LEFT:  2.00D  GRAD.:     8.861 HEAT:  15.02533
 CYCLE:    33 TIME:   0.025 TIME LEFT:  2.00D  GRAD.:     3.318 HEAT:  14.98878
 CYCLE:    34 TIME:   0.021 TIME LEFT:  2.00D  GRAD.:     3.217 HEAT:  14.97789
 CYCLE:    35 TIME:   0.025 TIME LEFT:  2.00D  GRAD.:     2.199 HEAT:  14.96785
 CYCLE:    36 TIME:   0.027 TIME LEFT:  2.00D  GRAD.:     2.295 HEAT:  14.95377
 CYCLE:    37 TIME:   0.027 TIME LEFT:  2.00D  GRAD.:     2.320 HEAT:  14.94602
 CYCLE:    38 TIME:   0.027 TIME LEFT:  2.00D  GRAD.:     1.798 HEAT:  14.93829
 CYCLE:    39 TIME:   0.014 TIME LEFT:  2.00D  GRAD.:     1.363 HEAT:  14.93365
 CYCLE:    40 TIME:   0.037 TIME LEFT:  2.00D  GRAD.:     1.244 HEAT:  14.93094
 CYCLE:    41 TIME:   0.025 TIME LEFT:  2.00D  GRAD.:     1.393 HEAT:  14.92851
 CYCLE:    42 TIME:   0.021 TIME LEFT:  2.00D  GRAD.:     1.137 HEAT:  14.92583
 CYCLE:    43 TIME:   0.027 TIME LEFT:  2.00D  GRAD.:     1.001 HEAT:  14.92329
 CYCLE:    44 TIME:   0.016 TIME LEFT:  2.00D  GRAD.:     1.103 HEAT:  14.92122
 CYCLE:    45 TIME:   0.031 TIME LEFT:  2.00D  GRAD.:     1.128 HEAT:  14.91839
 CYCLE:    46 TIME:   0.031 TIME LEFT:  2.00D  GRAD.:     1.186 HEAT:  14.91534
 CYCLE:    47 TIME:   0.023 TIME LEFT:  2.00D  GRAD.:     0.983 HEAT:  14.91254
 CYCLE:    48 TIME:   0.023 TIME LEFT:  2.00D  GRAD.:     0.858 HEAT:  14.91054
 CYCLE:    49 TIME:   0.027 TIME LEFT:  2.00D  GRAD.:     0.861 HEAT:  14.90880
 CYCLE:    50 TIME:   0.020 TIME LEFT:  2.00D  GRAD.:     0.836 HEAT:  14.90716
 CYCLE:    51 TIME:   0.027 TIME LEFT:  2.00D  GRAD.:     0.865 HEAT:  14.90500
 CYCLE:    52 TIME:   0.023 TIME LEFT:  2.00D  GRAD.:     0.854 HEAT:  14.90357
 CYCLE:    53 TIME:   0.014 TIME LEFT:  2.00D  GRAD.:     0.726 HEAT:  14.90209
 CYCLE:    54 TIME:   0.037 TIME LEFT:  2.00D  GRAD.:     0.707 HEAT:  14.90073
 CYCLE:    55 TIME:   0.025 TIME LEFT:  2.00D  GRAD.:     0.662 HEAT:  14.89911
 CYCLE:    56 TIME:   0.016 TIME LEFT:  2.00D  GRAD.:     0.514 HEAT:  14.89817
 CYCLE:    57 TIME:   0.033 TIME LEFT:  2.00D  GRAD.:     0.393 HEAT:  14.89765
 CYCLE:    58 TIME:   0.023 TIME LEFT:  2.00D  GRAD.:     0.332 HEAT:  14.89726
 CYCLE:    59 TIME:   0.025 TIME LEFT:  2.00D  GRAD.:     0.348 HEAT:  14.89691
 CYCLE:    60 TIME:   0.021 TIME LEFT:  2.00D  GRAD.:     0.269 HEAT:  14.89661
 CYCLE:    61 TIME:   0.023 TIME LEFT:  2.00D  GRAD.:     0.164 HEAT:  14.89650
 CYCLE:    62 TIME:   0.025 TIME LEFT:  2.00D  GRAD.:     0.132 HEAT:  14.89646
 CYCLE:    63 TIME:   0.021 TIME LEFT:  2.00D  GRAD.:     0.152 HEAT:  14.89642
 CYCLE:    64 TIME:   0.031 TIME LEFT:  2.00D  GRAD.:     0.160 HEAT:  14.89636
 CYCLE:    65 TIME:   0.021 TIME LEFT:  2.00D  GRAD.:     0.123 HEAT:  14.89632
 CYCLE:    66 TIME:   0.025 TIME LEFT:  2.00D  GRAD.:     0.083 HEAT:  14.89629
 CYCLE:    67 TIME:   0.016 TIME LEFT:  2.00D  GRAD.:     0.076 HEAT:  14.89628
 CYCLE:    68 TIME:   0.035 TIME LEFT:  2.00D  GRAD.:     0.119 HEAT:  14.89628
 CYCLE:    69 TIME:   0.021 TIME LEFT:  2.00D  GRAD.:     0.076 HEAT:  14.89624
 CYCLE:    70 TIME:   0.025 TIME LEFT:  2.00D  GRAD.:     0.067 HEAT:  14.89622
 CYCLE:    71 TIME:   0.014 TIME LEFT:  2.00D  GRAD.:     0.069 HEAT:  14.89620
 CYCLE:    72 TIME:   0.031 TIME LEFT:  2.00D  GRAD.:     0.185 HEAT:  14.89616
 CYCLE:    73 TIME:   0.029 TIME LEFT:  2.00D  GRAD.:     0.118 HEAT:  14.89610
 CYCLE:    74 TIME:   0.018 TIME LEFT:  2.00D  GRAD.:     0.065 HEAT:  14.89607
 CYCLE:    75 TIME:   0.018 TIME LEFT:  2.00D  GRAD.:     0.062 HEAT:  14.89604
 CYCLE:    76 TIME:   0.035 TIME LEFT:  2.00D  GRAD.:     0.090 HEAT:  14.89600
 CYCLE:    77 TIME:   0.027 TIME LEFT:  2.00D  GRAD.:     0.084 HEAT:  14.89599
 CYCLE:    78 TIME:   0.023 TIME LEFT:  2.00D  GRAD.:     0.102 HEAT:  14.89595
 CYCLE:    79 TIME:   0.023 TIME LEFT:  2.00D  GRAD.:     0.076 HEAT:  14.89594
 CYCLE:    80 TIME:   0.021 TIME LEFT:  2.00D  GRAD.:     0.280 HEAT:  14.89619
 CYCLE:    81 TIME:   0.025 TIME LEFT:  2.00D  GRAD.:     0.028 HEAT:  14.89592

     GRADIENT =  0.02795 IS LESS THAN CUTOFF =  0.05000



 -------------------------------------------------------------------------------
 PM6 PRECISE




     GEOMETRY OPTIMISED USING EIGENVECTOR FOLLOWING (EF).     
     SCF FIELD WAS ACHIEVED                                   


                              PM6 CALCULATION
                                                       MOPAC v23.1.2 Windows
                                                       Thu Apr 30 08:33:26 2026




          FINAL HEAT OF FORMATION =         14.89592 KCAL/MOL =      62.32451 KJ/MOL


          COSMO AREA              =        269.41 SQUARE ANGSTROMS
          COSMO VOLUME            =        290.82 CUBIC ANGSTROMS

          GRADIENT NORM           =          0.02795          =       0.00596 PER ATOM
          IONIZATION POTENTIAL    =          9.492457 EV
          HOMO LUMO ENERGIES (EV) =         -9.492 -1.009
          NO. OF FILLED LEVELS    =         41
          MOLECULAR WEIGHT        =        291.9914         POINT GROUP:  C2  

          MOLECULAR DIMENSIONS (Angstroms)

            Atom       Atom       Distance
           Cl    16   Cl    13    10.49210
            H    21   Cl    14     4.85298
            H    18   Cl    15     4.12877


          SCF CALCULATIONS        =         86
 
          WALL-CLOCK TIME         =      2.162 SECONDS
          COMPUTATION TIME        =     12.313 SECONDS




   ATOM   CHEMICAL          X               Y               Z
  NUMBER   SYMBOL      (ANGSTROMS)     (ANGSTROMS)     (ANGSTROMS)
 
     1       C         -0.77996617  *  -2.47187647  *   0.66213383  *
     2       C         -2.08076411  *  -2.95408127  *   0.81912972  *
     3       C         -3.16070538  *  -2.15629005  *   0.42921960  *
     4       C         -2.93961275  *  -0.88425779  *  -0.11303319  *
     5       C         -1.64135356  *  -0.39529942  *  -0.27003416  *
     6       C         -0.55591142  *  -1.19485666  *   0.12017294  *
     7       C          0.82526874  *  -0.68909292  *  -0.03912169  *
     8       C          1.74658487  *  -1.40816145  *  -0.81619232  *
     9       C          3.04715332  *  -0.92042502  *  -0.95706812  *
    10       C          3.43271403  *   0.27091212  *  -0.33014717  *
    11       C          2.51653247  *   0.98844142  *   0.44481014  *
    12       C          1.21368023  *   0.50729797  *   0.58737044  *
    13      Cl          5.03251031  *   0.85486145  *  -0.51089444  *
    14      Cl          4.17772209  *  -1.79101711  *  -1.90612316  *
    15      Cl         -4.27060956  *   0.08450826  *  -0.58924295  *
    16      Cl         -4.75935658  *  -2.74105368  *   0.61731323  *
    17       H          0.06685116  *  -3.08809289  *   0.96827771  *
    18       H         -2.25760041  *  -3.94463279  *   1.24246141  *
    19       H         -1.47534866  *   0.59471174  *  -0.69913509  *
    20       H          1.45050088  *  -2.33429899  *  -1.31258072  *
    21       H          2.82142783  *   1.91615414  *   0.93271981  *
    22       H          0.49526735  *   1.06054384  *   1.19428352  *

                             CARTESIAN COORDINATES

   1    C       -0.779966170    -2.471876471     0.662133830
   2    C       -2.080764105    -2.954081269     0.819129716
   3    C       -3.160705380    -2.156290053     0.429219602
   4    C       -2.939612746    -0.884257792    -0.113033187
   5    C       -1.641353562    -0.395299416    -0.270034164
   6    C       -0.555911415    -1.194856664     0.120172936
   7    C        0.825268743    -0.689092918    -0.039121689
   8    C        1.746584872    -1.408161452    -0.816192318
   9    C        3.047153324    -0.920425021    -0.957068124
  10    C        3.432714028     0.270912119    -0.330147170
  11    C        2.516532471     0.988441422     0.444810143
  12    C        1.213680230     0.507297975     0.587370443
  13   Cl        5.032510311     0.854861447    -0.510894440
  14   Cl        4.177722090    -1.791017111    -1.906123164
  15   Cl       -4.270609558     0.084508260    -0.589242949
  16   Cl       -4.759356577    -2.741053683     0.617313225
  17    H        0.066851157    -3.088092891     0.968277708
  18    H       -2.257600407    -3.944632790     1.242461412
  19    H       -1.475348661     0.594711738    -0.699135087
  20    H        1.450500876    -2.334298992    -1.312580724
  21    H        2.821427830     1.916154139     0.932719806
  22    H        0.495267353     1.060543840     1.194283524


           Empirical Formula: C12 H6 Cl4  =    22 atoms



      MOLECULAR POINT GROUP   :   C2  


                  EIGENVALUES  
 -31.14690 -30.91928 -28.58371 -27.74774 -27.56109 -27.34652 -26.19717 -25.93161
 -25.42797 -24.56778 -22.57949 -22.49201 -21.76596 -20.74847 -18.57622 -17.52175
 -17.02266 -16.63709 -16.48893 -15.94989 -15.32277 -15.24350 -15.17361 -14.88437
 -14.74971 -13.88766 -13.31768 -13.12981 -12.92169 -12.30458 -12.23347 -12.22921
 -11.85765 -11.44718 -11.40912 -11.16291 -11.13495 -10.36283 -10.18414  -9.86898
  -9.49246  -1.00933  -0.63812  -0.61100  -0.40255   0.28944   0.30171   0.74566
   0.78062   1.53628   1.76147   2.88512   3.35102   3.37389   3.76151   3.76936
   3.87525   3.92939   4.07127   4.10209   4.10599   4.29564   4.75459   4.80509
   5.14588   5.17645   5.37293   5.42849   5.43804   5.48124  86.73356  86.73362
  86.82688  86.82709  86.85209  86.85214  87.36992  87.37004  87.46425  87.46435
  87.56696  87.56701  87.60320  87.60327  87.95709  87.95714  88.42710  88.42711
  88.50329  88.50333


              NET ATOMIC CHARGES AND DIPOLE CONTRIBUTIONS

  ATOM NO.   TYPE          CHARGE      No. of ELECS.   s-Pop       p-Pop       d-Pop       
    1          C          -0.154960        4.1550     1.10906     3.04590
    2          C          -0.137264        4.1373     1.10762     3.02964
    3          C          -0.002936        4.0029     1.10201     2.90093
    4          C           0.019181        3.9808     1.10095     2.87986
    5          C          -0.176205        4.1762     1.10999     3.06622
    6          C           0.019331        3.9807     1.08729     2.89338
    7          C           0.019338        3.9807     1.08729     2.89337
    8          C          -0.176210        4.1762     1.10999     3.06622
    9          C           0.019174        3.9808     1.10096     2.87987
   10          C          -0.002934        4.0029     1.10201     2.90093
   11          C          -0.137258        4.1373     1.10762     3.02964
   12          C          -0.154968        4.1550     1.10906     3.04591
   13         Cl          -0.043248        7.0432     1.98873     5.04729     0.00723
   14         Cl          -0.044857        7.0449     1.98883     5.04880     0.00723
   15         Cl          -0.044854        7.0449     1.98883     5.04880     0.00723
   16         Cl          -0.043254        7.0433     1.98873     5.04730     0.00723
   17          H           0.166873        0.8331     0.83313
   18          H           0.173517        0.8265     0.82648
   19          H           0.180576        0.8194     0.81942
   20          H           0.180575        0.8194     0.81943
   21          H           0.173514        0.8265     0.82649
   22          H           0.166870        0.8331     0.83313
 DIPOLE           X         Y         Z       TOTAL
 POINT-CHG.     0.194    -0.095     1.380     1.397
 HYBRID        -0.031     0.015    -0.223     0.226
 SUM            0.163    -0.080     1.157     1.171


          ATOMIC ORBITAL ELECTRON POPULATIONS

     Atom    s        px        py        pz      x^2-y^2     xz        z^2       yz        xy
    1  C   1.10906   1.03260   1.00671   1.00659
    2  C   1.10762   0.96216   1.05993   1.00756
    3  C   1.10201   0.89336   0.97058   1.03699
    4  C   1.10095   0.91818   0.94414   1.01755
    5  C   1.10999   0.95882   1.07544   1.03196
    6  C   1.08729   0.94918   0.96396   0.98025
    7  C   1.08729   0.95183   0.96638   0.97516
    8  C   1.10999   0.96761   1.06889   1.02972
    9  C   1.10096   0.93946   0.95826   0.98215
   10  C   1.10201   0.89706   0.97925   1.02461
   11  C   1.10762   0.97367   1.05280   1.00317
   12  C   1.10906   1.01693   1.00364   1.02534
   13 Cl   1.98873   1.21754   1.87399   1.95577   0.00239   0.00127   0.00106   0.00036   0.00215
   14 Cl   1.98883   1.60413   1.74928   1.69539   0.00138   0.00192   0.00074   0.00156   0.00163
   15 Cl   1.98883   1.45942   1.69860   1.89078   0.00184   0.00106   0.00098   0.00086   0.00248
   16 Cl   1.98873   1.22191   1.87709   1.94830   0.00255   0.00105   0.00114   0.00036   0.00214
   17  H   0.83313
   18  H   0.82648
   19  H   0.81942
   20  H   0.81943
   21  H   0.82649
   22  H   0.83313

 **********************
 *                    *
 * JOB ENDED NORMALLY *
 *                    *
 **********************



 TOTAL JOB TIME:             2.16 SECONDS

 == MOPAC DONE ==
