 *******************************************************************************
 **                                                                           **
 **                              MOPAC v23.1.2                                **
 **                                                                           **
 *******************************************************************************
 **          Digital Object Identifier (DOI): 10.5281/zenodo.6511958          **
 **    Visit the DOI location for information on how to cite this program.    **
 *******************************************************************************

                              PM6 CALCULATION RESULTS

 *******************************************************************************
 *  CALCULATION DONE: (MAX THREADS = 12)             Thu Apr 30 10:04:54 2026  *
 *  PM6        - The PM6 Hamiltonian to be used
 *  STATIC     - CALCULATE STATIC FIELD POLARIZABILITIES
 *  1SCF       - DO 1 SCF AND THEN STOP 
 *  T=         - A TIME OF 172800.0 SECONDS REQUESTED
 *  DUMP=N     - RESTART FILE WRITTEN EVERY 7200.0 SECONDS REQUESTED
 *******************************************************************************
PM6 1SCF STATIC
 FINAL HEAT OF FORMATION =    -0.000031

  ATOM    CHEMICAL      BOND LENGTH      BOND ANGLE     TWIST ANGLE 
 NUMBER    SYMBOL       (ANGSTROMS)      (DEGREES)       (DEGREES) 
   (I)                     NA:I           NB:NA:I       NC:NB:NA:I       NA    NB    NC 
     1       C          0.00000000       0.0000000       0.0000000        0     0     0
     2       C          1.43413600  *    0.0000000       0.0000000        1     0     0
     3       C          1.39407300  *  115.9706730  *    0.0000000        2     1     0
     4       C          1.44276100  *  124.0923460  *   -0.0043650  *     3     2     1
     5       C          1.36809300  *  118.5102080  *    0.0126810  *     4     3     2
     6       C          1.43531000  *  118.3603290  *   -0.0106570  *     5     4     3
     7       C          1.44276500  *  124.0922320  *  179.9779820  *     3     2     1
     8       C          1.36809000  *  118.5103000  *    0.0003670  *     7     3     2
     9       C          1.43531100  *  118.3603060  *    0.0068720  *     8     7     3
    10       C          1.37706100  *  122.8422470  *   -0.0033750  *     9     8     7
    11       C          1.47768000  *  105.5052110  *    0.0129600  *     4     3     7
    12       C          1.44760200  *  108.5871890  *   -0.0148560  *    11     4     3
    13       C          1.38081600  *  120.4283830  * -179.9843290  *    12    11     4
    14       C          1.41191000  *  118.5327220  *   -0.0058550  *    13    12    11
    15       C          1.39024400  *  121.0388570  *   -0.0011260  *    14    13    12
    16       C          1.41191300  *  121.0390010  *    0.0045180  *    15    14    13
    17       H          1.08911200  *  119.9760890  * -179.9914250  *    14    15    16
    18       H          1.08911400  *  119.9761960  * -179.9970090  *    15    14    13
    19       H          1.08726700  *  120.2390140  * -179.9987490  *    16    15    14
    20       H          1.08727200  *  120.2379150  *  179.9971620  *    13    14    15
    21       H          1.08640300  *  122.3376310  *   -0.0037480  *     8     7    12
    22       H          1.09043400  *  117.3359380  *  179.9955900  *     9     8     7
    23       H          1.08789300  *  120.9427490  *  179.9986570  *    10     9     8
    24       H          1.08640200  *  122.3379900  *    0.0105490  *     5     4    11
    25       H          1.09043800  *  117.3364640  *  179.9959720  *     6     5     4
    26       H          1.08789100  *  118.8332060  *   -0.0143130  *     1     2    10
 


          CARTESIAN COORDINATES 

    NO.       ATOM           X           Y           Z

     1         C          0.0000      0.0000      0.0000
     2         C          1.4341      0.0000      0.0000
     3         C          2.0446      1.2533      0.0000
     4         C          1.3246      2.5036     -0.0001
     5         C         -0.0431      2.4695      0.0001
     6         C         -0.6932      1.1899      0.0001
     7         C          3.4729      1.4571      0.0005
     8         C          4.2892      0.3592      0.0009
     9         C          3.6824     -0.9415      0.0008
    10         C          2.3182     -1.1292      0.0003
    11         C          2.3614      3.5565      0.0000
    12         C          3.6628      2.9225      0.0005
    13         C          4.8129      3.6867      0.0010
    14         C          4.6882      5.0931      0.0009
    15         C          3.4383      5.7019      0.0003
    16         C          2.2541      4.9331     -0.0002
    17         H          5.5905      5.7030      0.0014
    18         H          3.3622      6.7883      0.0002
    19         H          1.2833      5.4228     -0.0007
    20         H          5.7969      3.2243      0.0015
    21         H          5.3726      0.4406      0.0014
    22         H          4.3486     -1.8048      0.0011
    23         H          1.8913     -2.1298      0.0001
    24         H         -0.6469      3.3726      0.0002
    25         H         -1.7836      1.1822      0.0003
    26         H         -0.5246     -0.9530     -0.0000

 General Reference for PM6:
 "Optimization of Parameters for Semiempirical Methods V: Modification of NDDO Approximations
 and Application to 70 Elements", J. J. P. Stewart, J. Mol. Mod., 13, 1173-1213 (2007)
 URL: https://link.springer.com/article/10.1007/s00894-007-0233-4

           Empirical Formula: C16 H10  =    26 atoms



      MOLECULAR POINT GROUP   :   C2v 


      RHF CALCULATION, NO. OF DOUBLY OCCUPIED LEVELS = 37


 -------------------------------------------------------------------------------
 PM6 1SCF STATIC
 FINAL HEAT OF FORMATION =    -0.000031



     1SCF WAS SPECIFIED, SO BFGS WAS NOT USED                 
     SCF FIELD WAS ACHIEVED                                   


                              PM6 CALCULATION
                                                       MOPAC v23.1.2 Windows
                                                       Thu Apr 30 10:04:54 2026




          FINAL HEAT OF FORMATION =         76.71691 KCAL/MOL =     320.98357 KJ/MOL


          COSMO AREA              =        228.64 SQUARE ANGSTROMS
          COSMO VOLUME            =        243.72 CUBIC ANGSTROMS

          IONIZATION POTENTIAL    =          8.788616 EV
          HOMO LUMO ENERGIES (EV) =         -8.789 -0.986
          NO. OF FILLED LEVELS    =         37
          MOLECULAR WEIGHT        =        202.2550         POINT GROUP:  C2v 

          MOLECULAR DIMENSIONS (Angstroms)

            Atom       Atom       Distance
            H    26    H    17     9.03866
            H    24    H    22     7.18145
            H    25    H    19     0.00175


          SCF CALCULATIONS        =          1
 
          WALL-CLOCK TIME         =      0.027 SECONDS
          COMPUTATION TIME        =      0.094 SECONDS




  ATOM    CHEMICAL      BOND LENGTH      BOND ANGLE     TWIST ANGLE 
 NUMBER    SYMBOL       (ANGSTROMS)      (DEGREES)       (DEGREES) 
   (I)                     NA:I           NB:NA:I       NC:NB:NA:I       NA    NB    NC 
     1       C          0.00000000       0.0000000       0.0000000        0     0     0
     2       C          1.43413600  *    0.0000000       0.0000000        1     0     0
     3       C          1.39407300  *  115.9706730  *    0.0000000        2     1     0
     4       C          1.44276100  *  124.0923460  *   -0.0043650  *     3     2     1
     5       C          1.36809300  *  118.5102080  *    0.0126810  *     4     3     2
     6       C          1.43531000  *  118.3603290  *   -0.0106570  *     5     4     3
     7       C          1.44276500  *  124.0922320  *  179.9779820  *     3     2     1
     8       C          1.36809000  *  118.5103000  *    0.0003670  *     7     3     2
     9       C          1.43531100  *  118.3603060  *    0.0068720  *     8     7     3
    10       C          1.37706100  *  122.8422470  *   -0.0033750  *     9     8     7
    11       C          1.47768000  *  105.5052110  *    0.0129600  *     4     3     7
    12       C          1.44760200  *  108.5871890  *   -0.0148560  *    11     4     3
    13       C          1.38081600  *  120.4283830  * -179.9843290  *    12    11     4
    14       C          1.41191000  *  118.5327220  *   -0.0058550  *    13    12    11
    15       C          1.39024400  *  121.0388570  *   -0.0011260  *    14    13    12
    16       C          1.41191300  *  121.0390010  *    0.0045180  *    15    14    13
    17       H          1.08911200  *  119.9760890  * -179.9914250  *    14    15    16
    18       H          1.08911400  *  119.9761960  * -179.9970090  *    15    14    13
    19       H          1.08726700  *  120.2390140  * -179.9987490  *    16    15    14
    20       H          1.08727200  *  120.2379150  *  179.9971620  *    13    14    15
    21       H          1.08640300  *  122.3376310  *   -0.0037480  *     8     7    12
    22       H          1.09043400  *  117.3359380  *  179.9955900  *     9     8     7
    23       H          1.08789300  *  120.9427490  *  179.9986570  *    10     9     8
    24       H          1.08640200  *  122.3379900  *    0.0105490  *     5     4    11
    25       H          1.09043800  *  117.3364640  *  179.9959720  *     6     5     4
    26       H          1.08789100  *  118.8332060  *   -0.0143130  *     1     2    10

                             CARTESIAN COORDINATES

   1    C        0.000000000     0.000000000     0.000000000
   2    C        1.434136000     0.000000000     0.000000000
   3    C        2.044615956     1.253297152     0.000000000
   4    C        1.324610171     2.503557511    -0.000091024
   5    C       -0.043058660     2.469492957     0.000082514
   6    C       -0.693192285     1.189867596     0.000111781
   7    C        3.472910766     1.457122004     0.000459148
   8    C        4.289210570     0.359249211     0.000918217
   9    C        3.682444112    -0.941501383     0.000768298
  10    C        2.318236496    -1.129209436     0.000252037
  11    C        2.361392616     3.556467922     0.000014115
  12    C        3.662813838     2.922548290     0.000519630
  13    C        4.812911365     3.686700261     0.001039047
  14    C        4.688179295     5.093089875     0.000937687
  15    C        3.438323648     5.701891027     0.000306292
  16    C        2.254065293     4.933106108    -0.000158222
  17    H        5.590526652     5.702953757     0.001430426
  18    H        3.362244440     6.788344545     0.000188704
  19    H        1.283334616     5.422831763    -0.000670798
  20    H        5.796949566     3.224283762     0.001489148
  21    H        5.372563568     0.440597235     0.001426021
  22    H        4.348614613    -1.804787595     0.001065428
  23    H        1.891270145    -2.129814702     0.000130257
  24    H       -0.646863977     3.372647668     0.000201727
  25    H       -1.783603305     1.182199635     0.000319059
  26    H       -0.524647902    -0.953022248    -0.000025361


           Empirical Formula: C16 H10  =    26 atoms



      MOLECULAR POINT GROUP   :   C2v 


                  EIGENVALUES  
 -30.74496 -29.85968 -28.94893 -28.05619 -26.35220 -25.83787 -24.93166 -24.78093
 -22.50052 -22.27516 -21.04092 -20.59757 -19.71651 -17.63782 -17.22763 -17.10416
 -16.46890 -15.37737 -15.31085 -14.57500 -14.51707 -14.46560 -14.45537 -14.10154
 -13.65634 -13.15346 -13.08570 -12.24342 -12.12640 -12.09339 -11.72845 -11.65454
 -11.02128 -10.15678  -9.42288  -8.99047  -8.78862  -0.98643  -0.04006   0.05856
   0.56665   1.15682   1.73933   2.77523   2.94591   3.31087   3.51702   3.78109
   4.17158   4.34145   4.62848   4.63235   4.70115   4.74930   4.76708   4.93858
   4.99191   5.00469   5.10994   5.27836   5.37873   5.46593   5.60555   5.65282
   5.79438   5.80396   5.97434   6.01428   6.03391   6.09028   6.13196   6.14795
   6.19726   6.25038


              NET ATOMIC CHARGES AND DIPOLE CONTRIBUTIONS

  ATOM NO.   TYPE          CHARGE      No. of ELECS.   s-Pop       p-Pop       
    1          C          -0.160387        4.1604     1.10876     3.05163
    2          C           0.029974        3.9700     1.08125     2.88878
    3          C          -0.056563        4.0566     1.09671     2.95985
    4          C           0.001792        3.9982     1.09041     2.90779
    5          C          -0.149001        4.1490     1.10598     3.04302
    6          C          -0.132972        4.1330     1.10650     3.02648
    7          C           0.001793        3.9982     1.09041     2.90779
    8          C          -0.149003        4.1490     1.10598     3.04302
    9          C          -0.132971        4.1330     1.10649     3.02648
   10          C          -0.160387        4.1604     1.10876     3.05163
   11          C          -0.004405        4.0044     1.09454     2.90987
   12          C          -0.004406        4.0044     1.09453     2.90987
   13          C          -0.152339        4.1523     1.10446     3.04788
   14          C          -0.140841        4.1408     1.10571     3.03513
   15          C          -0.140838        4.1408     1.10571     3.03512
   16          C          -0.152341        4.1523     1.10446     3.04788
   17          H           0.146572        0.8534     0.85343
   18          H           0.146572        0.8534     0.85343
   19          H           0.153308        0.8467     0.84669
   20          H           0.153308        0.8467     0.84669
   21          H           0.153506        0.8465     0.84649
   22          H           0.146323        0.8537     0.85368
   23          H           0.151740        0.8483     0.84826
   24          H           0.153506        0.8465     0.84649
   25          H           0.146324        0.8537     0.85368
   26          H           0.151739        0.8483     0.84826
 DIPOLE           X         Y         Z       TOTAL
 POINT-CHG.    -0.038    -0.078     0.001     0.087
 HYBRID        -0.008    -0.017    -0.000     0.019
 SUM           -0.046    -0.095     0.001     0.106


          ATOMIC ORBITAL ELECTRON POPULATIONS

     Atom    s        px        py        pz   
    1  C   1.10876   0.99364   1.04767   1.01033
    2  C   1.08125   0.95098   0.96075   0.97705
    3  C   1.09671   0.97048   0.97254   1.01683
    4  C   1.09041   0.95777   0.96394   0.98609
    5  C   1.10598   1.00134   1.03705   1.00463
    6  C   1.10650   1.06412   0.96437   0.99799
    7  C   1.09041   0.97007   0.95163   0.98609
    8  C   1.10598   1.06663   0.97177   1.00463
    9  C   1.10649   1.00350   1.02499   0.99799
   10  C   1.10876   0.98849   1.05282   1.01033
   11  C   1.09454   0.95773   0.95551   0.99663
   12  C   1.09453   0.96720   0.94605   0.99663
   13  C   1.10446   1.05028   0.99139   1.00620
   14  C   1.10571   1.03639   0.99753   1.00120
   15  C   1.10571   0.97119   1.06273   1.00120
   16  C   1.10446   1.04922   0.99245   1.00621
   17  H   0.85343
   18  H   0.85343
   19  H   0.84669
   20  H   0.84669
   21  H   0.84649
   22  H   0.85368
   23  H   0.84826
   24  H   0.84649
   25  H   0.85368
   26  H   0.84826
 ******************** FINITE-FIELD POLARIZABILITIES ********************

    THE F-F METHOD IS PERFORMED USING BOTH AN ENERGY
    AND DIPOLE MOMENT EXPANSION.  THESE RESULTS ARE
    LISTED BELOW AS "H.o.F." AND "Dipole", RESPECTIVELY.

          MOLECULAR WEIGHT =  202.25



          ROTATIONAL CONSTANTS IN CM(-1)

          A =    0.03410624   B =    0.01641153   C =    0.01107997



           PRINCIPAL MOMENTS OF INERTIA IN UNITS OF 10**(-40)*GRAM-CM**2

          A =      820.7516   B =     1705.6761   C =     2526.4276


 ROTATION MATRIX FOR ORIENTATION OF MOLECULE:

         0.437912   -0.899018   -0.000204
         0.899018    0.437912    0.000040
         0.000053   -0.000201    1.000000


          CARTESIAN COORDINATES 

    NO.       ATOM         X         Y         Z

     1         C       -2.9293    1.2893    0.0001
     2         C       -2.3013   -0.0000   -0.0002
     3         C       -0.9072    0.0000   -0.0003
     4         C       -0.0985    1.1948   -0.0002
     5         C       -0.7281    2.4094    0.0003
     6         C       -2.1632    2.4336    0.0004
     7         C       -0.0985   -1.1948   -0.0001
     8         C       -0.7280   -2.4094    0.0001
     9         C       -2.1632   -2.4336    0.0001
    10         C       -2.9293   -1.2893   -0.0002
    11         C        1.3021    0.7238   -0.0002
    12         C        1.3021   -0.7238   -0.0000
    13         C        2.4927   -1.4231    0.0003
    14         C        3.7025   -0.6951    0.0003
    15         C        3.7025    0.6951   -0.0001
    16         C        2.4927    1.4231   -0.0003
    17         H        4.6459   -1.2393    0.0006
    18         H        4.6459    1.2393   -0.0001
    19         H        2.5079    2.5103   -0.0006
    20         H        2.5079   -2.5103    0.0005
    21         H       -0.1805   -3.3478    0.0004
    22         H       -2.6475   -3.4105    0.0002
    23         H       -4.0158   -1.3436   -0.0003
    24         H       -0.1805    3.3478    0.0005
    25         H       -2.6476    3.4105    0.0008
    26         H       -4.0159    1.3436    0.0001


 ENERGY OF "REORIENTED" SYSTEM WITHOUT FIELD:       76.71692 Kcal/mol


 APPLIED ELECTRIC FIELD MAGNITUDE:         0.10284 VOLTS PER ANGSTROM
    Step  1 of 36 done (+X)
    Step  2 of 36 done (-X)
    Step  3 of 36 done (+2X)
    Step  4 of 36 done (-2X)
    Step  5 of 36 done (+Y)
    Step  6 of 36 done (-Y)
    Step  7 of 36 done (+2Y)
    Step  8 of 36 done (-2Y)
    Step  9 of 36 done (+Y+X)
    Step 10 of 36 done (+Y-X)
    Step 11 of 36 done (-Y-X)
    Step 12 of 36 done (-Y+X)
    Step 13 of 36 done (+2Y+2X)
    Step 14 of 36 done (+2Y-2X)
    Step 15 of 36 done (-2Y-2X)
    Step 16 of 36 done (-2Y+2X)
    Step 17 of 36 done (+Z)
    Step 18 of 36 done (-Z)
    Step 19 of 36 done (+2Z)
    Step 20 of 36 done (-2Z)
    Step 21 of 36 done (+Z+X)
    Step 22 of 36 done (+Z-X)
    Step 23 of 36 done (-Z-X)
    Step 24 of 36 done (-Z+X)
    Step 25 of 36 done (+2Z+2X)
    Step 26 of 36 done (+2Z-2X)
    Step 27 of 36 done (-2Z-2X)
    Step 28 of 36 done (-2Z+2X)
    Step 29 of 36 done (+Z+Y)
    Step 30 of 36 done (+Z-Y)
    Step 31 of 36 done (-Z-Y)
    Step 32 of 36 done (-Z+Y)
    Step 33 of 36 done (+2Z+2Y)
    Step 34 of 36 done (+2Z-2Y)
    Step 35 of 36 done (-2Z-2Y)
    Step 36 of 36 done (-2Z+2Y)


 ****************************** DIPOLE ******************************


                     H.o.F.         Dipole

     X              0.039139       0.039576
     Y             -0.000032       0.000158
     X             -0.000381      -0.000637


 MAGNITUDE:         0.039140       0.039582  (A.U.)
                    0.099485       0.100606  (DEBYE)


 ****************************** POLARIZABILITY ********************



 Polarizability Tensor from Heat of Formation:


                     1          2          3
 ------------------------------------------
          1 255.037319
          2   0.009863 221.198421
          3   0.005505  -0.016828  91.219666




    ROOT NO.    1           2           3

            91.21966   221.19842   255.03732
  
         1  -0.00003    -0.00029    -1.00000
         2   0.00013     1.00000    -0.00029
         3   1.00000    -0.00013    -0.00003

 Polarizability Tensor from Dipole Moment:


                     1          2          3
 ------------------------------------------
          1 254.541833
          2  -0.348600 221.015581
          3   0.327561  -0.025919  91.286139




    ROOT NO.    1           2           3

            91.28548   221.01196   254.54612
  
         1  -0.00201    -0.01040     0.99994
         2   0.00019    -0.99995    -0.01040
         3   1.00000     0.00017     0.00201


 Average Polarizability from:     H.o.F         Dipole
                              189.151802     188.947851  A.U.
                               28.028514      27.998293  ANG.**3
                            5.605551D-23   5.599507D-23  ESU

 **********************
 *                    *
 * JOB ENDED NORMALLY *
 *                    *
 **********************



 TOTAL JOB TIME:             0.16 SECONDS

 == MOPAC DONE ==
