 *******************************************************************************
 **                                                                           **
 **                              MOPAC v23.1.2                                **
 **                                                                           **
 *******************************************************************************
 **          Digital Object Identifier (DOI): 10.5281/zenodo.6511958          **
 **    Visit the DOI location for information on how to cite this program.    **
 *******************************************************************************

                              PM6 CALCULATION RESULTS

 *******************************************************************************
 *  CALCULATION DONE: (MAX THREADS = 12)             Thu Apr 30 10:09:46 2026  *
 *  PM6        - The PM6 Hamiltonian to be used
 *  COSWRT
 *  EPS=78.4   - USE ANDREAS KLAMT'S COSMO IMPLICIT SOLVATION MODEL
 *  1SCF       - DO 1 SCF AND THEN STOP 
 *  T=         - A TIME OF 172800.0 SECONDS REQUESTED
 *  DUMP=N     - RESTART FILE WRITTEN EVERY 7200.0 SECONDS REQUESTED
 *******************************************************************************
PM6 1SCF COSWRT EPS=78.4
 FINAL HEAT OF FORMATION =    -0.000031

  ATOM    CHEMICAL      BOND LENGTH      BOND ANGLE     TWIST ANGLE 
 NUMBER    SYMBOL       (ANGSTROMS)      (DEGREES)       (DEGREES) 
   (I)                     NA:I           NB:NA:I       NC:NB:NA:I       NA    NB    NC 
     1       C          0.00000000       0.0000000       0.0000000        0     0     0
     2       C          1.43413600  *    0.0000000       0.0000000        1     0     0
     3       C          1.39407300  *  115.9706730  *    0.0000000        2     1     0
     4       C          1.44276100  *  124.0923460  *   -0.0043650  *     3     2     1
     5       C          1.36809300  *  118.5102080  *    0.0126810  *     4     3     2
     6       C          1.43531000  *  118.3603290  *   -0.0106570  *     5     4     3
     7       C          1.44276500  *  124.0922320  *  179.9779820  *     3     2     1
     8       C          1.36809000  *  118.5103000  *    0.0003670  *     7     3     2
     9       C          1.43531100  *  118.3603060  *    0.0068720  *     8     7     3
    10       C          1.37706100  *  122.8422470  *   -0.0033750  *     9     8     7
    11       C          1.47768000  *  105.5052110  *    0.0129600  *     4     3     7
    12       C          1.44760200  *  108.5871890  *   -0.0148560  *    11     4     3
    13       C          1.38081600  *  120.4283830  * -179.9843290  *    12    11     4
    14       C          1.41191000  *  118.5327220  *   -0.0058550  *    13    12    11
    15       C          1.39024400  *  121.0388570  *   -0.0011260  *    14    13    12
    16       C          1.41191300  *  121.0390010  *    0.0045180  *    15    14    13
    17       H          1.08911200  *  119.9760890  * -179.9914250  *    14    15    16
    18       H          1.08911400  *  119.9761960  * -179.9970090  *    15    14    13
    19       H          1.08726700  *  120.2390140  * -179.9987490  *    16    15    14
    20       H          1.08727200  *  120.2379150  *  179.9971620  *    13    14    15
    21       H          1.08640300  *  122.3376310  *   -0.0037480  *     8     7    12
    22       H          1.09043400  *  117.3359380  *  179.9955900  *     9     8     7
    23       H          1.08789300  *  120.9427490  *  179.9986570  *    10     9     8
    24       H          1.08640200  *  122.3379900  *    0.0105490  *     5     4    11
    25       H          1.09043800  *  117.3364640  *  179.9959720  *     6     5     4
    26       H          1.08789100  *  118.8332060  *   -0.0143130  *     1     2    10
 


          CARTESIAN COORDINATES 

    NO.       ATOM           X           Y           Z

     1         C          0.0000      0.0000      0.0000
     2         C          1.4341      0.0000      0.0000
     3         C          2.0446      1.2533      0.0000
     4         C          1.3246      2.5036     -0.0001
     5         C         -0.0431      2.4695      0.0001
     6         C         -0.6932      1.1899      0.0001
     7         C          3.4729      1.4571      0.0005
     8         C          4.2892      0.3592      0.0009
     9         C          3.6824     -0.9415      0.0008
    10         C          2.3182     -1.1292      0.0003
    11         C          2.3614      3.5565      0.0000
    12         C          3.6628      2.9225      0.0005
    13         C          4.8129      3.6867      0.0010
    14         C          4.6882      5.0931      0.0009
    15         C          3.4383      5.7019      0.0003
    16         C          2.2541      4.9331     -0.0002
    17         H          5.5905      5.7030      0.0014
    18         H          3.3622      6.7883      0.0002
    19         H          1.2833      5.4228     -0.0007
    20         H          5.7969      3.2243      0.0015
    21         H          5.3726      0.4406      0.0014
    22         H          4.3486     -1.8048      0.0011
    23         H          1.8913     -2.1298      0.0001
    24         H         -0.6469      3.3726      0.0002
    25         H         -1.7836      1.1822      0.0003
    26         H         -0.5246     -0.9530     -0.0000

 General Reference for PM6:
 "Optimization of Parameters for Semiempirical Methods V: Modification of NDDO Approximations
 and Application to 70 Elements", J. J. P. Stewart, J. Mol. Mod., 13, 1173-1213 (2007)
 URL: https://link.springer.com/article/10.1007/s00894-007-0233-4

           Empirical Formula: C16 H10  =    26 atoms



      MOLECULAR POINT GROUP   :   C2v 


      RHF CALCULATION, NO. OF DOUBLY OCCUPIED LEVELS = 37


 -------------------------------------------------------------------------------
 PM6 1SCF COSWRT EPS=78.4
 FINAL HEAT OF FORMATION =    -0.000031



     1SCF WAS SPECIFIED, SO BFGS WAS NOT USED                 
     SCF FIELD WAS ACHIEVED                                   


                              PM6 CALCULATION
                                                       MOPAC v23.1.2 Windows
                                                       Thu Apr 30 10:09:46 2026




          FINAL HEAT OF FORMATION =         71.96658 KCAL/MOL =     301.10815 KJ/MOL
          VAN DER WAALS AREA      =        228.64 SQUARE ANGSTROMS



          DIELECTRIC ENERGY       =         -0.24495 EV
          COSMO AREA              =        228.64 SQUARE ANGSTROMS
          COSMO VOLUME            =        243.72 CUBIC ANGSTROMS

          IONIZATION POTENTIAL    =          9.017839 EV
          HOMO LUMO ENERGIES (EV) =         -9.018 -1.232
          NO. OF FILLED LEVELS    =         37
          MOLECULAR WEIGHT        =        202.2550         POINT GROUP:  C2v 

          MOLECULAR DIMENSIONS (Angstroms)

            Atom       Atom       Distance
            H    26    H    17     9.03866
            H    24    H    22     7.18145
            H    25    H    19     0.00175


          SCF CALCULATIONS        =          2
 
          WALL-CLOCK TIME         =      0.035 SECONDS
          COMPUTATION TIME        =      0.094 SECONDS




  ATOM    CHEMICAL      BOND LENGTH      BOND ANGLE     TWIST ANGLE 
 NUMBER    SYMBOL       (ANGSTROMS)      (DEGREES)       (DEGREES) 
   (I)                     NA:I           NB:NA:I       NC:NB:NA:I       NA    NB    NC 
     1       C          0.00000000       0.0000000       0.0000000        0     0     0
     2       C          1.43413600  *    0.0000000       0.0000000        1     0     0
     3       C          1.39407300  *  115.9706730  *    0.0000000        2     1     0
     4       C          1.44276100  *  124.0923460  *   -0.0043650  *     3     2     1
     5       C          1.36809300  *  118.5102080  *    0.0126810  *     4     3     2
     6       C          1.43531000  *  118.3603290  *   -0.0106570  *     5     4     3
     7       C          1.44276500  *  124.0922320  *  179.9779820  *     3     2     1
     8       C          1.36809000  *  118.5103000  *    0.0003670  *     7     3     2
     9       C          1.43531100  *  118.3603060  *    0.0068720  *     8     7     3
    10       C          1.37706100  *  122.8422470  *   -0.0033750  *     9     8     7
    11       C          1.47768000  *  105.5052110  *    0.0129600  *     4     3     7
    12       C          1.44760200  *  108.5871890  *   -0.0148560  *    11     4     3
    13       C          1.38081600  *  120.4283830  * -179.9843290  *    12    11     4
    14       C          1.41191000  *  118.5327220  *   -0.0058550  *    13    12    11
    15       C          1.39024400  *  121.0388570  *   -0.0011260  *    14    13    12
    16       C          1.41191300  *  121.0390010  *    0.0045180  *    15    14    13
    17       H          1.08911200  *  119.9760890  * -179.9914250  *    14    15    16
    18       H          1.08911400  *  119.9761960  * -179.9970090  *    15    14    13
    19       H          1.08726700  *  120.2390140  * -179.9987490  *    16    15    14
    20       H          1.08727200  *  120.2379150  *  179.9971620  *    13    14    15
    21       H          1.08640300  *  122.3376310  *   -0.0037480  *     8     7    12
    22       H          1.09043400  *  117.3359380  *  179.9955900  *     9     8     7
    23       H          1.08789300  *  120.9427490  *  179.9986570  *    10     9     8
    24       H          1.08640200  *  122.3379900  *    0.0105490  *     5     4    11
    25       H          1.09043800  *  117.3364640  *  179.9959720  *     6     5     4
    26       H          1.08789100  *  118.8332060  *   -0.0143130  *     1     2    10

                             CARTESIAN COORDINATES

   1    C        0.000000000     0.000000000     0.000000000
   2    C        1.434136000     0.000000000     0.000000000
   3    C        2.044615956     1.253297152     0.000000000
   4    C        1.324610171     2.503557511    -0.000091024
   5    C       -0.043058660     2.469492957     0.000082514
   6    C       -0.693192285     1.189867596     0.000111781
   7    C        3.472910766     1.457122004     0.000459148
   8    C        4.289210570     0.359249211     0.000918217
   9    C        3.682444112    -0.941501383     0.000768298
  10    C        2.318236496    -1.129209436     0.000252037
  11    C        2.361392616     3.556467922     0.000014115
  12    C        3.662813838     2.922548290     0.000519630
  13    C        4.812911365     3.686700261     0.001039047
  14    C        4.688179295     5.093089875     0.000937687
  15    C        3.438323648     5.701891027     0.000306292
  16    C        2.254065293     4.933106108    -0.000158222
  17    H        5.590526652     5.702953757     0.001430426
  18    H        3.362244440     6.788344545     0.000188704
  19    H        1.283334616     5.422831763    -0.000670798
  20    H        5.796949566     3.224283762     0.001489148
  21    H        5.372563568     0.440597235     0.001426021
  22    H        4.348614613    -1.804787595     0.001065428
  23    H        1.891270145    -2.129814702     0.000130257
  24    H       -0.646863977     3.372647668     0.000201727
  25    H       -1.783603305     1.182199635     0.000319059
  26    H       -0.524647902    -0.953022248    -0.000025361


           Empirical Formula: C16 H10  =    26 atoms



      MOLECULAR POINT GROUP   :   C2v 


                  EIGENVALUES  
 -30.97880 -30.06164 -29.14103 -28.24319 -26.51822 -26.01130 -25.08993 -24.94328
 -22.64955 -22.42433 -21.20349 -20.74026 -19.85798 -17.74362 -17.34698 -17.22121
 -16.60742 -15.52385 -15.41748 -14.85896 -14.67451 -14.61921 -14.59832 -14.25420
 -13.75525 -13.32339 -13.25255 -12.37905 -12.35588 -12.23492 -11.90018 -11.81809
 -11.26360 -10.39403  -9.67982  -9.25173  -9.01784  -1.23246  -0.27665  -0.19684
   0.33472   0.89255   1.52495   2.51865   2.67067   3.08628   3.28795   3.56884
   3.99192   4.13431   4.46654   4.46862   4.47549   4.56465   4.57464   4.75618
   4.79932   4.81803   4.92487   5.07955   5.18592   5.27904   5.47024   5.51290
   5.75618   5.77750   5.95110   5.99477   6.00046   6.03302   6.06600   6.08311
   6.12568   6.15439


              NET ATOMIC CHARGES AND DIPOLE CONTRIBUTIONS

  ATOM NO.   TYPE          CHARGE      No. of ELECS.   s-Pop       p-Pop       
    1          C          -0.165594        4.1656     1.11262     3.05297
    2          C           0.015227        3.9848     1.08320     2.90158
    3          C          -0.072666        4.0727     1.09742     2.97525
    4          C          -0.019549        4.0195     1.09074     2.92881
    5          C          -0.147755        4.1478     1.11071     3.03704
    6          C          -0.143486        4.1435     1.11055     3.03294
    7          C          -0.019769        4.0198     1.09073     2.92904
    8          C          -0.147563        4.1476     1.11071     3.03685
    9          C          -0.143783        4.1438     1.11055     3.03324
   10          C          -0.165133        4.1651     1.11263     3.05250
   11          C          -0.020740        4.0207     1.09498     2.92576
   12          C          -0.020838        4.0208     1.09499     2.92585
   13          C          -0.160401        4.1604     1.10845     3.05195
   14          C          -0.147962        4.1480     1.10970     3.03826
   15          C          -0.148388        4.1484     1.10970     3.03869
   16          C          -0.160400        4.1604     1.10845     3.05195
   17          H           0.162365        0.8376     0.83763
   18          H           0.162340        0.8377     0.83766
   19          H           0.169368        0.8306     0.83063
   20          H           0.169348        0.8307     0.83065
   21          H           0.170485        0.8295     0.82952
   22          H           0.163772        0.8362     0.83623
   23          H           0.168439        0.8316     0.83156
   24          H           0.170508        0.8295     0.82949
   25          H           0.163765        0.8362     0.83624
   26          H           0.168410        0.8316     0.83159
 DIPOLE           X         Y         Z       TOTAL
 POINT-CHG.    -0.071    -0.150     0.001     0.166
 HYBRID        -0.006    -0.012    -0.000     0.013
 SUM           -0.077    -0.161     0.001     0.179


          ATOMIC ORBITAL ELECTRON POPULATIONS

     Atom    s        px        py        pz   
    1  C   1.11262   0.99237   1.05788   1.00272
    2  C   1.08320   0.95544   0.96150   0.98463
    3  C   1.09742   0.97252   0.97448   1.02825
    4  C   1.09074   0.96065   0.96385   1.00431
    5  C   1.11071   1.00153   1.04679   0.98871
    6  C   1.11055   1.07779   0.96184   0.99331
    7  C   1.09073   0.97028   0.95425   1.00452
    8  C   1.11071   1.07870   0.96958   0.98857
    9  C   1.11055   1.00732   1.03237   0.99355
   10  C   1.11263   0.98861   1.06157   1.00233
   11  C   1.09498   0.95774   0.95804   1.00998
   12  C   1.09499   0.96886   0.94696   1.01003
   13  C   1.10845   1.05831   0.99356   1.00007
   14  C   1.10970   1.04468   0.99929   0.99429
   15  C   1.10970   0.96915   1.07491   0.99463
   16  C   1.10845   1.06009   0.99176   1.00009
   17  H   0.83763
   18  H   0.83766
   19  H   0.83063
   20  H   0.83065
   21  H   0.82952
   22  H   0.83623
   23  H   0.83156
   24  H   0.82949
   25  H   0.83624
   26  H   0.83159

 **********************
 *                    *
 * JOB ENDED NORMALLY *
 *                    *
 **********************



 TOTAL JOB TIME:             0.05 SECONDS

 == MOPAC DONE ==
